<html>
<body>
<pre>
<h1>µVision Build Log</h1>
<h2>Tool Versions:</h2>
IDE-Version: ¦ÌVision V5.18a
Copyright (C) 2016 ARM Ltd and ARM Germany GmbH. All rights reserved.
License Information: coco lee, HUbu, LIC=ATTQ1-CJ8UU-Z9EG9-4N9NX-BWKZA-T32DW
 
Tool Versions:
Toolchain:       MDK-ARM Standard  Version: 5.18a
Toolchain Path:  D:\program\uv5\ARM\ARMCC\Bin
C Compiler:      Armcc.exe V5.06 update 1 (build 61)
Assembler:       Armasm.exe V5.06 update 1 (build 61)
Linker/Locator:  ArmLink.exe V5.06 update 1 (build 61)
Library Manager: ArmAr.exe V5.06 update 1 (build 61)
Hex Converter:   FromElf.exe V5.06 update 1 (build 61)
CPU DLL:         
Dialog DLL:      
Target DLL:      Segger\JL2CM3.dll V2.99.19.0
Dialog DLL:      TCM.DLL V1.14.8.0
 
<h2>Project:</h2>
D:\BLE\qingfengBLE_page\codeing\·À¶ªÆ÷\examples\ble_peripheral\ble_app_proximity\pca10040\s132\arm5_no_packs\ble_app_proximity_s132_pca10040.uvprojx
Project File Date:  03/11/2016

<h2>Output:</h2>
*** Using Compiler 'V5.06 update 1 (build 61)', folder: 'D:\program\uv5\ARM\ARMCC\Bin'
Build target 'nrf52832_xxaa_s132'
compiling bsp.c...
compiling ble_conn_params.c...
compiling bsp_btn_ble.c...
compiling ble_bas.c...
compiling ble_conn_state.c...
compiling ble_advdata.c...
compiling ble_db_discovery.c...
compiling ble_ias.c...
compiling ble_advertising.c...
compiling ble_ias_c.c...
compiling ble_lls.c...
compiling main.c...
compiling ble_tps.c...
compiling ble_srv_common.c...
compiling gatt_cache_manager.c...
compiling gattc_cache_manager.c...
compiling gatts_cache_manager.c...
compiling peer_data.c...
compiling id_manager.c...
compiling pm_buffer.c...
compiling peer_database.c...
compiling peer_data_storage.c...
compiling peer_id.c...
compiling peer_manager.c...
compiling pm_mutex.c...
compiling security_dispatcher.c...
compiling nrf_delay.c...
compiling nrf_drv_common.c...
compiling security_manager.c...
compiling app_uart_fifo.c...
compiling nrf_drv_gpiote.c...
compiling nrf_drv_saadc.c...
compiling nrf_drv_uart.c...
compiling nrf_saadc.c...
compiling app_error.c...
compiling pstorage.c...
compiling app_error_weak.c...
compiling app_button.c...
compiling crc16.c...
compiling app_fifo.c...
compiling app_util_platform.c...
compiling app_timer.c...
compiling sensorsim.c...
compiling nrf_assert.c...
compiling fstorage.c...
compiling fds.c...
compiling nrf_log.c...
compiling RTT_Syscalls_KEIL.c...
compiling retarget.c...
compiling SEGGER_RTT_printf.c...
compiling SEGGER_RTT.c...
assembling arm_startup_nrf52.s...
compiling sdk_mapped_flags.c...
compiling system_nrf52.c...
compiling softdevice_handler.c...
linking...
Program Size: Code=34876 RO-data=1344 RW-data=436 ZI-data=13028  
FromELF: creating hex file...
".\_build\nrf52832_xxaa_s132.axf" - 0 Error(s), 0 Warning(s).

<h2>Software Packages used:</h2>

Package Vendor: ARM
                http://www.keil.com/pack/ARM.CMSIS.4.5.0.pack
                ARM::CMSIS:CORE:4.3.0
                CMSIS (Cortex Microcontroller Software Interface Standard)
   * Component: CORE Version: 4.3.0

Package Vendor: NordicSemiconductor
                http://developer.nordicsemi.com/nRF5_SDK/pieces/nRF_DeviceFamilyPack/NordicSemiconductor.nRF_DeviceFamilyPack.8.5.0.pack
                NordicSemiconductor::Device:Startup:8.5.0
                Nordic Semiconductor nRF ARM devices Device Family Pack.
   * Component: Startup Version: 8.5.0

<h2>Collection of Component include folders:</h2>
  D:\BLE\qingfengBLE_page\codeing\·À¶ªÆ÷\examples\ble_peripheral\ble_app_proximity\pca10040\s132\arm5_no_packs\RTE
  D:\program\uv5page\ARM\CMSIS\4.5.0\CMSIS\Include
  D:\program\uv5page\NordicSemiconductor\nRF_DeviceFamilyPack\8.32.1\Device\Include
  D:\program\uv5page\NordicSemiconductor\nRF_DeviceFamilyPack\8.5.0\Device\Include

<h2>Collection of Component Files used:</h2>

   * Component: ARM::CMSIS:CORE:4.3.0

   * Component: NordicSemiconductor::Device:Startup:8.5.0
      Include file:  Device\Include\system_nrf52.h
      Source file:   Device\Source\system_nrf52.c
      Source file:   Device\Source\arm\arm_startup_nrf52.s
Build Time Elapsed:  00:00:25
</pre>
</body>
</html>
