Component: ARM Compiler 5.06 update 1 (build 61) Tool: armlink [4d35a8]

==============================================================================

Section Cross References

    main.o(i.adc_configure) refers to nrf_drv_saadc.o(i.nrf_drv_saadc_init) for nrf_drv_saadc_init
    main.o(i.adc_configure) refers to app_error.o(i.app_error_handler_bare) for app_error_handler_bare
    main.o(i.adc_configure) refers to nrf_drv_saadc.o(i.nrf_drv_saadc_channel_init) for nrf_drv_saadc_channel_init
    main.o(i.adc_configure) refers to nrf_drv_saadc.o(i.nrf_drv_saadc_buffer_convert) for nrf_drv_saadc_buffer_convert
    main.o(i.adc_configure) refers to main.o(i.saadc_event_handler) for saadc_event_handler
    main.o(i.adc_configure) refers to main.o(.constdata) for .constdata
    main.o(i.adc_configure) refers to main.o(.data) for .data
    main.o(i.advertising_start) refers to ble_advertising.o(i.ble_advertising_start) for ble_advertising_start
    main.o(i.advertising_start) refers to app_error.o(i.app_error_handler_bare) for app_error_handler_bare
    main.o(i.alert_signal) refers to bsp.o(i.bsp_indication_set) for bsp_indication_set
    main.o(i.alert_signal) refers to app_error.o(i.app_error_handler_bare) for app_error_handler_bare
    main.o(i.assert_nrf_callback) refers to app_error.o(i.app_error_handler) for app_error_handler
    main.o(i.bas_init) refers to memseta.o(.text) for __aeabi_memclr4
    main.o(i.bas_init) refers to ble_bas.o(i.ble_bas_init) for ble_bas_init
    main.o(i.bas_init) refers to app_error.o(i.app_error_handler_bare) for app_error_handler_bare
    main.o(i.bas_init) refers to main.o(i.on_bas_evt) for on_bas_evt
    main.o(i.bas_init) refers to main.o(.bss) for .bss
    main.o(i.battery_level_meas_timeout_handler) refers to nrf_drv_saadc.o(i.nrf_drv_saadc_sample) for nrf_drv_saadc_sample
    main.o(i.battery_level_meas_timeout_handler) refers to app_error.o(i.app_error_handler_bare) for app_error_handler_bare
    main.o(i.ble_evt_dispatch) refers to ble_conn_state.o(i.ble_conn_state_on_ble_evt) for ble_conn_state_on_ble_evt
    main.o(i.ble_evt_dispatch) refers to peer_manager.o(i.pm_on_ble_evt) for pm_on_ble_evt
    main.o(i.ble_evt_dispatch) refers to ble_db_discovery.o(i.ble_db_discovery_on_ble_evt) for ble_db_discovery_on_ble_evt
    main.o(i.ble_evt_dispatch) refers to ble_conn_params.o(i.ble_conn_params_on_ble_evt) for ble_conn_params_on_ble_evt
    main.o(i.ble_evt_dispatch) refers to ble_ias.o(i.ble_ias_on_ble_evt) for ble_ias_on_ble_evt
    main.o(i.ble_evt_dispatch) refers to ble_lls.o(i.ble_lls_on_ble_evt) for ble_lls_on_ble_evt
    main.o(i.ble_evt_dispatch) refers to ble_bas.o(i.ble_bas_on_ble_evt) for ble_bas_on_ble_evt
    main.o(i.ble_evt_dispatch) refers to ble_ias_c.o(i.ble_ias_c_on_ble_evt) for ble_ias_c_on_ble_evt
    main.o(i.ble_evt_dispatch) refers to ble_tps.o(i.ble_tps_on_ble_evt) for ble_tps_on_ble_evt
    main.o(i.ble_evt_dispatch) refers to bsp_btn_ble.o(i.bsp_btn_ble_on_ble_evt) for bsp_btn_ble_on_ble_evt
    main.o(i.ble_evt_dispatch) refers to main.o(i.on_ble_evt) for on_ble_evt
    main.o(i.ble_evt_dispatch) refers to ble_advertising.o(i.ble_advertising_on_ble_evt) for ble_advertising_on_ble_evt
    main.o(i.ble_evt_dispatch) refers to main.o(.bss) for .bss
    main.o(i.ble_stack_init) refers to softdevice_handler.o(i.softdevice_handler_init) for softdevice_handler_init
    main.o(i.ble_stack_init) refers to app_error.o(i.app_error_handler_bare) for app_error_handler_bare
    main.o(i.ble_stack_init) refers to softdevice_handler.o(i.softdevice_enable_get_default_config) for softdevice_enable_get_default_config
    main.o(i.ble_stack_init) refers to softdevice_handler.o(i.sd_check_ram_start) for sd_check_ram_start
    main.o(i.ble_stack_init) refers to softdevice_handler.o(i.softdevice_enable) for softdevice_enable
    main.o(i.ble_stack_init) refers to softdevice_handler.o(i.softdevice_ble_evt_handler_set) for softdevice_ble_evt_handler_set
    main.o(i.ble_stack_init) refers to softdevice_handler.o(i.softdevice_sys_evt_handler_set) for softdevice_sys_evt_handler_set
    main.o(i.ble_stack_init) refers to main.o(.constdata) for .constdata
    main.o(i.ble_stack_init) refers to main.o(.bss) for .bss
    main.o(i.ble_stack_init) refers to main.o(i.ble_evt_dispatch) for ble_evt_dispatch
    main.o(i.ble_stack_init) refers to main.o(i.sys_evt_dispatch) for sys_evt_dispatch
    main.o(i.bsp_event_handler) refers to bsp.o(i.bsp_indication_set) for bsp_indication_set
    main.o(i.bsp_event_handler) refers to main.o(i.sleep_mode_enter) for sleep_mode_enter
    main.o(i.bsp_event_handler) refers to ble_ias_c.o(i.ble_ias_c_send_alert_level) for ble_ias_c_send_alert_level
    main.o(i.bsp_event_handler) refers to app_error.o(i.app_error_handler_bare) for app_error_handler_bare
    main.o(i.bsp_event_handler) refers to main.o(.bss) for .bss
    main.o(i.bsp_event_handler) refers to main.o(.data) for .data
[...]
    m_manuf_specific_data                    0x20002818   Data          12  ble_advertising.o(.bss)
    m_manuf_data_array                       0x20002824   Data          31  ble_advertising.o(.bss)
    m_service_data                           0x20002844   Data          12  ble_advertising.o(.bss)
    m_service_data_array                     0x20002850   Data          31  ble_advertising.o(.bss)
    .bss                                     0x20002870   Section       32  ble_conn_params.o(.bss)
    m_conn_params_timer_id_data              0x20002870   Data          32  ble_conn_params.o(.bss)
    .bss                                     0x20002890   Section       28  ble_conn_params.o(.bss)
    m_conn_params_config                     0x20002890   Data          28  ble_conn_params.o(.bss)
    .bss                                     0x200028ac   Section       52  ble_conn_state.o(.bss)
    m_bcs                                    0x200028ac   Data          52  ble_conn_state.o(.bss)
    .bss                                     0x200028e0   Section      504  ble_db_discovery.o(.bss)
    m_registered_handlers                    0x200028e0   Data          24  ble_db_discovery.o(.bss)
    m_pending_user_evts                      0x200028f8   Data         480  ble_db_discovery.o(.bss)
    .bss                                     0x20002ad8   Section      312  id_manager.o(.bss)
    m_im                                     0x20002ad8   Data         312  id_manager.o(.bss)
    .bss                                     0x20002c10   Section       32  peer_data_storage.o(.bss)
    m_pds                                    0x20002c10   Data          32  peer_data_storage.o(.bss)
    .bss                                     0x20002c30   Section      848  peer_database.o(.bss)
    m_pdb                                    0x20002c30   Data         208  peer_database.o(.bss)
    buffer_memory                            0x20002d00   Data         640  peer_database.o(.bss)
    .bss                                     0x20002f80   Section       64  peer_id.o(.bss)
    m_pi                                     0x20002f80   Data          64  peer_id.o(.bss)
    .bss                                     0x20002fc0   Section       32  peer_manager.o(.bss)
    m_pm                                     0x20002fc0   Data          32  peer_manager.o(.bss)
    .bss                                     0x20002fe0   Section       32  app_uart_fifo.o(.bss)
    m_rx_fifo                                0x20002fe0   Data          16  app_uart_fifo.o(.bss)
    m_tx_fifo                                0x20002ff0   Data          16  app_uart_fifo.o(.bss)
    .bss                                     0x20003000   Section       88  nrf_drv_gpiote.o(.bss)
    m_cb                                     0x20003000   Data          88  nrf_drv_gpiote.o(.bss)
    .bss                                     0x20003058   Section       44  nrf_drv_saadc.o(.bss)
    m_cb                                     0x20003058   Data          44  nrf_drv_saadc.o(.bss)
    .bss                                     0x20003084   Section       32  nrf_drv_uart.o(.bss)
    m_cb                                     0x20003084   Data          32  nrf_drv_uart.o(.bss)
    .bss                                     0x200030a4   Section      216  pstorage.o(.bss)
    m_cmd_queue                              0x200030a4   Data         204  pstorage.o(.bss)
    m_app_table                              0x20003170   Data          12  pstorage.o(.bss)
    .bss                                     0x2000317c   Section       32  app_button.o(.bss)
    m_detection_delay_timer_id_data          0x2000317c   Data          32  app_button.o(.bss)
    .bss                                     0x2000319c   Section      264  fds.o(.bss)
    desc                                     0x2000319c   Data          12  fds.o(.bss)
    m_cb_table                               0x200031a8   Data          12  fds.o(.bss)
    m_op_queue                               0x200031b4   Data         120  fds.o(.bss)
    m_chunk_queue                            0x2000322c   Data          72  fds.o(.bss)
    m_pages                                  0x20003274   Data          32  fds.o(.bss)
    m_gc                                     0x20003294   Data          16  fds.o(.bss)
    .bss                                     0x200032a4   Section       88  fstorage.o(.bss)
    m_queue                                  0x200032a4   Data          88  fstorage.o(.bss)
    .bss                                     0x200032fc   Section      523  nrf_log.o(.bss)
    tx_buf                                   0x200032fc   Data         512  nrf_log.o(.bss)
    hex_string                               0x200034fc   Data          11  nrf_log.o(.bss)
    .bss                                     0x20003508   Section       12  softdevice_handler.o(.bss)
    STACK                                    0x20003518   Section     8192  arm_startup_nrf52.o(STACK)

    Global Symbols

    Symbol Name                              Value     Ov Type        Size  Object(Section)

    BuildAttributes$$THM_ISAv4$E$P$D$K$B$S$7EM$VFPi3$EXTD16$VFPS$VFMA$PE$A:L22UL41UL21$X:L11$S22US41US21$IEEE1$IW$USESV6$~STKCKD$USESV7$~SHL$OSPACE$ROPI$EBA8$MICROLIB$REQ8$PRES8$EABIv2 0x00000000   Number         0  anon$$obj.o ABSOLUTE
    __ARM_use_no_argv                        0x00000000   Number         0  main.o ABSOLUTE
    __cpp_initialize__aeabi_                  - Undefined Weak Reference
    __cxa_finalize                            - Undefined Weak Reference
    _clock_init                               - Undefined Weak Reference
    _microlib_exit                            - Undefined Weak Reference
    __Vectors_Size                           0x00000400   Number         0  arm_startup_nrf52.o ABSOLUTE
    __Vectors                                0x0001c000   Data           4  arm_startup_nrf52.o(RESET)
    __Vectors_End                            0x0001c400   Data           0  arm_startup_nrf52.o(RESET)
    __main                                   0x0001c401   Thumb Code     0  entry.o(.ARM.Collect$$$$00000000)
    _main_stk                                0x0001c401   Thumb Code     0  entry2.o(.ARM.Collect$$$$00000001)
    _main_scatterload                        0x0001c405   Thumb Code     0  entry5.o(.ARM.Collect$$$$00000004)
    __main_after_scatterload                 0x0001c409   Thumb Code     0  entry5.o(.ARM.Collect$$$$00000004)
    _main_clock                              0x0001c409   Thumb Code     0  entry7b.o(.ARM.Collect$$$$00000008)
    _main_cpp_init                           0x0001c409   Thumb Code     0  entry8b.o(.ARM.Collect$$$$0000000A)
    _main_init                               0x0001c409   Thumb Code     0  entry9a.o(.ARM.Collect$$$$0000000B)
    __rt_final_cpp                           0x0001c411   Thumb Code     0  entry10a.o(.ARM.Collect$$$$0000000D)
    __rt_final_exit                          0x0001c411   Thumb Code     0  entry11a.o(.ARM.Collect$$$$0000000F)
    __asm___11_app_timer_c_cd27f9c3__nrf_delay_us 0x0001c415   Thumb Code   118  app_timer.o(.emb_text)
    Reset_Handler                            0x0001c48d   Thumb Code     8  arm_startup_nrf52.o(.text)
    NMI_Handler                              0x0001c495   Thumb Code     2  arm_startup_nrf52.o(.text)
    HardFault_Handler                        0x0001c497   Thumb Code     2  arm_startup_nrf52.o(.text)
    MemoryManagement_Handler                 0x0001c499   Thumb Code     2  arm_startup_nrf52.o(.text)
    BusFault_Handler                         0x0001c49b   Thumb Code     2  arm_startup_nrf52.o(.text)
    UsageFault_Handler                       0x0001c49d   Thumb Code     2  arm_startup_nrf52.o(.text)
    SVC_Handler                              0x0001c49f   Thumb Code     2  arm_startup_nrf52.o(.text)
    DebugMonitor_Handler                     0x0001c4a1   Thumb Code     2  arm_startup_nrf52.o(.text)
    PendSV_Handler                           0x0001c4a3   Thumb Code     2  arm_startup_nrf52.o(.text)
    SysTick_Handler                          0x0001c4a5   Thumb Code     2  arm_startup_nrf52.o(.text)
    CCM_AAR_IRQHandler                       0x0001c4a7   Thumb Code     0  arm_startup_nrf52.o(.text)
    COMP_LPCOMP_IRQHandler                   0x0001c4a7   Thumb Code     0  arm_startup_nrf52.o(.text)
    ECB_IRQHandler                           0x0001c4a7   Thumb Code     0  arm_startup_nrf52.o(.text)
    FPU_IRQHandler                           0x0001c4a7   Thumb Code     0  arm_startup_nrf52.o(.text)
    I2S_IRQHandler                           0x0001c4a7   Thumb Code     0  arm_startup_nrf52.o(.text)
    MWU_IRQHandler                           0x0001c4a7   Thumb Code     0  arm_startup_nrf52.o(.text)
    NFCT_IRQHandler                          0x0001c4a7   Thumb Code     0  arm_startup_nrf52.o(.text)
    PDM_IRQHandler                           0x0001c4a7   Thumb Code     0  arm_startup_nrf52.o(.text)
    POWER_CLOCK_IRQHandler                   0x0001c4a7   Thumb Code     0  arm_startup_nrf52.o(.text)
    PWM0_IRQHandler                          0x0001c4a7   Thumb Code     0  arm_startup_nrf52.o(.text)
    PWM1_IRQHandler                          0x0001c4a7   Thumb Code     0  arm_startup_nrf52.o(.text)
    PWM2_IRQHandler                          0x0001c4a7   Thumb Code     0  arm_startup_nrf52.o(.text)
    QDEC_IRQHandler                          0x0001c4a7   Thumb Code     0  arm_startup_nrf52.o(.text)
    RADIO_IRQHandler                         0x0001c4a7   Thumb Code     0  arm_startup_nrf52.o(.text)
    RNG_IRQHandler                           0x0001c4a7   Thumb Code     0  arm_startup_nrf52.o(.text)
    RTC0_IRQHandler                          0x0001c4a7   Thumb Code     0  arm_startup_nrf52.o(.text)
    RTC2_IRQHandler                          0x0001c4a7   Thumb Code     0  arm_startup_nrf52.o(.text)
    SPIM0_SPIS0_TWIM0_TWIS0_SPI0_TWI0_IRQHandler 0x0001c4a7   Thumb Code     0  arm_startup_nrf52.o(.text)
    SPIM1_SPIS1_TWIM1_TWIS1_SPI1_TWI1_IRQHandler 0x0001c4a7   Thumb Code     0  arm_startup_nrf52.o(.text)
    SPIM2_SPIS2_SPI2_IRQHandler              0x0001c4a7   Thumb Code     0  arm_startup_nrf52.o(.text)
    SWI1_EGU1_IRQHandler                     0x0001c4a7   Thumb Code     0  arm_startup_nrf52.o(.text)
    SWI3_EGU3_IRQHandler                     0x0001c4a7   Thumb Code     0  arm_startup_nrf52.o(.text)
    SWI4_EGU4_IRQHandler                     0x0001c4a7   Thumb Code     0  arm_startup_nrf52.o(.text)
    SWI5_EGU5_IRQHandler                     0x0001c4a7   Thumb Code     0  arm_startup_nrf52.o(.text)
    TEMP_IRQHandler                          0x0001c4a7   Thumb Code     0  arm_startup_nrf52.o(.text)
    TIMER0_IRQHandler                        0x0001c4a7   Thumb Code     0  arm_startup_nrf52.o(.text)
    TIMER1_IRQHandler                        0x0001c4a7   Thumb Code     0  arm_startup_nrf52.o(.text)
    TIMER2_IRQHandler                        0x0001c4a7   Thumb Code     0  arm_startup_nrf52.o(.text)
    TIMER3_IRQHandler                        0x0001c4a7   Thumb Code     0  arm_startup_nrf52.o(.text)
    TIMER4_IRQHandler                        0x0001c4a7   Thumb Code     0  arm_startup_nrf52.o(.text)
    WDT_IRQHandler                           0x0001c4a7   Thumb Code     0  arm_startup_nrf52.o(.text)
    __aeabi_memcpy                           0x0001c4b1   Thumb Code    36  memcpya.o(.text)
    __aeabi_memcpy4                          0x0001c4b1   Thumb Code     0  memcpya.o(.text)
    __aeabi_memcpy8                          0x0001c4b1   Thumb Code     0  memcpya.o(.text)
    __aeabi_memset                           0x0001c4d5   Thumb Code    14  memseta.o(.text)
    __aeabi_memset4                          0x0001c4d5   Thumb Code     0  memseta.o(.text)
    __aeabi_memset8                          0x0001c4d5   Thumb Code     0  memseta.o(.text)
    __aeabi_memclr                           0x0001c4e3   Thumb Code     4  memseta.o(.text)
    __aeabi_memclr4                          0x0001c4e3   Thumb Code     0  memseta.o(.text)
    __aeabi_memclr8                          0x0001c4e3   Thumb Code     0  memseta.o(.text)
    _memset$wrapper                          0x0001c4e7   Thumb Code    18  memseta.o(.text)
    memcmp                                   0x0001c4f9   Thumb Code    26  memcmp.o(.text)
    __scatterload                            0x0001c515   Thumb Code    28  init.o(.text)
    __scatterload_rt2                        0x0001c515   Thumb Code     0  init.o(.text)
    __decompress                             0x0001c539   Thumb Code     0  __dczerorl2.o(.text)
    __decompress1                            0x0001c539   Thumb Code    86  __dczerorl2.o(.text)
    GPIOTE_IRQHandler                        0x0001c591   Thumb Code   316  nrf_drv_gpiote.o(i.GPIOTE_IRQHandler)
    RTC1_IRQHandler                          0x0001c73d   Thumb Code    32  app_timer.o(i.RTC1_IRQHandler)
    SAADC_IRQHandler                         0x0001c761   Thumb Code   172  nrf_drv_saadc.o(i.SAADC_IRQHandler)
    SWI0_EGU0_IRQHandler                     0x0001c81d   Thumb Code     4  app_timer.o(i.SWI0_EGU0_IRQHandler)
    SWI2_EGU2_IRQHandler                     0x0001c821   Thumb Code    32  softdevice_handler.o(i.SWI2_EGU2_IRQHandler)
    SystemInit                               0x0001c845   Thumb Code   566  system_nrf52.o(i.SystemInit)
    UARTE0_UART0_IRQHandler                  0x0001cab1   Thumb Code    14  nrf_drv_uart.o(i.UARTE0_UART0_IRQHandler)
    __scatterload_copy                       0x0001cac5   Thumb Code    14  handlers.o(i.__scatterload_copy)
    __scatterload_null                       0x0001cad3   Thumb Code     2  handlers.o(i.__scatterload_null)
    __scatterload_zeroinit                   0x0001cad5   Thumb Code    14  handlers.o(i.__scatterload_zeroinit)
    addr_compare                             0x0001cb3d   Thumb Code    34  id_manager.o(i.addr_compare)
    adv_data_encode                          0x0001cb5f   Thumb Code   514  ble_advdata.o(i.adv_data_encode)
    ah                                       0x0001cdad   Thumb Code    82  id_manager.o(i.ah)
    app_button_enable                        0x0001cf6d   Thumb Code    32  app_button.o(i.app_button_enable)
    app_button_init                          0x0001cf91   Thumb Code    96  app_button.o(i.app_button_init)
    app_error_fault_handler                  0x0001d001   Thumb Code    26  app_error_weak.o(i.app_error_fault_handler)
    app_error_handler_bare                   0x0001d025   Thumb Code    22  app_error.o(i.app_error_handler_bare)
    app_fifo_get                             0x0001d03b   Thumb Code    22  app_fifo.o(i.app_fifo_get)
    app_fifo_init                            0x0001d051   Thumb Code    32  app_fifo.o(i.app_fifo_init)
    app_fifo_put                             0x0001d071   Thumb Code    26  app_fifo.o(i.app_fifo_put)
    app_timer_create                         0x0001d08d   Thumb Code    32  app_timer.o(i.app_timer_create)
    app_timer_init                           0x0001d0b1   Thumb Code   134  app_timer.o(i.app_timer_init)
    app_timer_start                          0x0001d141   Thumb Code   118  app_timer.o(i.app_timer_start)
    app_timer_stop                           0x0001d1c1   Thumb Code    76  app_timer.o(i.app_timer_stop)
    app_uart_init                            0x0001d211   Thumb Code   146  app_uart_fifo.o(i.app_uart_init)
    app_util_critical_region_enter           0x0001d2b5   Thumb Code    64  app_util_platform.o(i.app_util_critical_region_enter)
    app_util_critical_region_exit            0x0001d2fd   Thumb Code    46  app_util_platform.o(i.app_util_critical_region_exit)
    ble_advdata_set                          0x0001d62f   Thumb Code   104  ble_advdata.o(i.ble_advdata_set)
    ble_advertising_init                     0x0001d699   Thumb Code   274  ble_advertising.o(i.ble_advertising_init)
    ble_advertising_on_ble_evt               0x0001d7b5   Thumb Code   122  ble_advertising.o(i.ble_advertising_on_ble_evt)
    ble_advertising_on_sys_evt               0x0001d835   Thumb Code    46  ble_advertising.o(i.ble_advertising_on_sys_evt)
    ble_advertising_start                    0x0001d879   Thumb Code   470  ble_advertising.o(i.ble_advertising_start)
    ble_bas_battery_level_update             0x0001da59   Thumb Code   122  ble_bas.o(i.ble_bas_battery_level_update)
    ble_bas_init                             0x0001dad3   Thumb Code    68  ble_bas.o(i.ble_bas_init)
    ble_bas_on_ble_evt                       0x0001db17   Thumb Code    88  ble_bas.o(i.ble_bas_on_ble_evt)
    ble_conn_params_init                     0x0001db71   Thumb Code    72  ble_conn_params.o(i.ble_conn_params_init)
    ble_conn_params_on_ble_evt               0x0001dbc9   Thumb Code   120  ble_conn_params.o(i.ble_conn_params_on_ble_evt)
    ble_conn_state_conn_handles              0x0001dc4d   Thumb Code    10  ble_conn_state.o(i.ble_conn_state_conn_handles)
    ble_conn_state_encrypted                 0x0001dc5d   Thumb Code    12  ble_conn_state.o(i.ble_conn_state_encrypted)
    ble_conn_state_mitm_protected            0x0001dc6d   Thumb Code    12  ble_conn_state.o(i.ble_conn_state_mitm_protected)
    ble_conn_state_on_ble_evt                0x0001dc7d   Thumb Code   264  ble_conn_state.o(i.ble_conn_state_on_ble_evt)
    ble_conn_state_role                      0x0001dd89   Thumb Code    42  ble_conn_state.o(i.ble_conn_state_role)
    ble_conn_state_user_flag_acquire         0x0001ddb9   Thumb Code    40  ble_conn_state.o(i.ble_conn_state_user_flag_acquire)
    ble_conn_state_user_flag_collection      0x0001dde5   Thumb Code    20  ble_conn_state.o(i.ble_conn_state_user_flag_collection)
    ble_conn_state_user_flag_get             0x0001ddfd   Thumb Code    36  ble_conn_state.o(i.ble_conn_state_user_flag_get)
    ble_conn_state_user_flag_set             0x0001de25   Thumb Code    40  ble_conn_state.o(i.ble_conn_state_user_flag_set)
    ble_db_discovery_evt_register            0x0001de51   Thumb Code    56  ble_db_discovery.o(i.ble_db_discovery_evt_register)
    ble_db_discovery_init                    0x0001de91   Thumb Code    24  ble_db_discovery.o(i.ble_db_discovery_init)
    ble_db_discovery_on_ble_evt              0x0001dead   Thumb Code    70  ble_db_discovery.o(i.ble_db_discovery_on_ble_evt)
    ble_db_discovery_start                   0x0001def9   Thumb Code    80  ble_db_discovery.o(i.ble_db_discovery_start)
    ble_ias_c_handles_assign                 0x0001e01d   Thumb Code    14  ble_ias_c.o(i.ble_ias_c_handles_assign)
    ble_ias_c_init                           0x0001e02b   Thumb Code    58  ble_ias_c.o(i.ble_ias_c_init)
    ble_ias_c_on_ble_evt                     0x0001e06f   Thumb Code    46  ble_ias_c.o(i.ble_ias_c_on_ble_evt)
    ble_ias_c_on_db_disc_evt                 0x0001e09d   Thumb Code   120  ble_ias_c.o(i.ble_ias_c_on_db_disc_evt)
    ble_ias_c_send_alert_level               0x0001e115   Thumb Code    58  ble_ias_c.o(i.ble_ias_c_send_alert_level)
    ble_ias_init                             0x0001e14f   Thumb Code    48  ble_ias.o(i.ble_ias_init)
    ble_ias_on_ble_evt                       0x0001e17f   Thumb Code    54  ble_ias.o(i.ble_ias_on_ble_evt)
    ble_lls_alert_level_get                  0x0001e1b5   Thumb Code    28  ble_lls.o(i.ble_lls_alert_level_get)
    ble_lls_init                             0x0001e1d1   Thumb Code    58  ble_lls.o(i.ble_lls_init)
    ble_lls_on_ble_evt                       0x0001e20b   Thumb Code    88  ble_lls.o(i.ble_lls_on_ble_evt)
    ble_srv_report_ref_encode                0x0001e263   Thumb Code    12  ble_srv_common.o(i.ble_srv_report_ref_encode)
    ble_tps_init                             0x0001e2e9   Thumb Code    42  ble_tps.o(i.ble_tps_init)
    ble_tps_on_ble_evt                       0x0001e313   Thumb Code    12  ble_tps.o(i.ble_tps_on_ble_evt)
    bsp_btn_ble_init                         0x0001e321   Thumb Code    72  bsp_btn_ble.o(i.bsp_btn_ble_init)
    bsp_btn_ble_on_ble_evt                   0x0001e36d   Thumb Code   106  bsp_btn_ble.o(i.bsp_btn_ble_on_ble_evt)
    bsp_btn_ble_sleep_mode_prepare           0x0001e3dd   Thumb Code    18  bsp_btn_ble.o(i.bsp_btn_ble_sleep_mode_prepare)
    bsp_button_is_pressed                    0x0001e499   Thumb Code    34  bsp.o(i.bsp_button_is_pressed)
    bsp_event_to_button_action_assign        0x0001e541   Thumb Code    64  bsp.o(i.bsp_event_to_button_action_assign)
    bsp_indication_set                       0x0001e585   Thumb Code    20  bsp.o(i.bsp_indication_set)
    bsp_init                                 0x0001e59d   Thumb Code   140  bsp.o(i.bsp_init)
    bsp_wakeup_buttons_set                   0x0001e865   Thumb Code    54  bsp.o(i.bsp_wakeup_buttons_set)
    chunk_queue_next                         0x0001e981   Thumb Code    20  fds.o(i.chunk_queue_next)
    fds_descriptor_from_rec_id               0x0001ef91   Thumb Code    18  fds.o(i.fds_descriptor_from_rec_id)
    fds_file_delete                          0x0001f075   Thumb Code    70  fds.o(i.fds_file_delete)
    fds_gc                                   0x0001f0c1   Thumb Code    58  fds.o(i.fds_gc)
    fds_init                                 0x0001f105   Thumb Code   136  fds.o(i.fds_init)
    fds_record_close                         0x0001f191   Thumb Code    54  fds.o(i.fds_record_close)
    fds_record_find                          0x0001f1cd   Thumb Code    14  fds.o(i.fds_record_find)
    fds_record_find_by_key                   0x0001f1db   Thumb Code    16  fds.o(i.fds_record_find_by_key)
    fds_record_find_in_file                  0x0001f1eb   Thumb Code    16  fds.o(i.fds_record_find_in_file)
    fds_record_id_from_desc                  0x0001f1fb   Thumb Code    16  fds.o(i.fds_record_id_from_desc)
    fds_record_open                          0x0001f20d   Thumb Code    60  fds.o(i.fds_record_open)
    fds_record_update                        0x0001f24d   Thumb Code    14  fds.o(i.fds_record_update)
    fds_record_write                         0x0001f25b   Thumb Code     8  fds.o(i.fds_record_write)
    fds_record_write_reserved                0x0001f263   Thumb Code    12  fds.o(i.fds_record_write_reserved)
    fds_register                             0x0001f271   Thumb Code    26  fds.o(i.fds_register)
    fds_reserve                              0x0001f295   Thumb Code    46  fds.o(i.fds_reserve)
    fds_reserve_cancel                       0x0001f2c9   Thumb Code    60  fds.o(i.fds_reserve_cancel)
    fs_erase                                 0x0001f3d1   Thumb Code   106  fstorage.o(i.fs_erase)
    fs_init                                  0x0001f449   Thumb Code   124  fstorage.o(i.fs_init)
    fs_queued_op_count_get                   0x0001f4d1   Thumb Code    16  fstorage.o(i.fs_queued_op_count_get)
    fs_store                                 0x0001f4e5   Thumb Code   114  fstorage.o(i.fs_store)
    fs_sys_event_handler                     0x0001f55d   Thumb Code    96  fstorage.o(i.fs_sys_event_handler)
    gccm_init                                0x0001f811   Thumb Code    26  gattc_cache_manager.o(i.gccm_init)
    gcm_ble_evt_handler                      0x0001f835   Thumb Code   228  gatt_cache_manager.o(i.gcm_ble_evt_handler)
    gcm_init                                 0x0001f9a5   Thumb Code   114  gatt_cache_manager.o(i.gcm_init)
    gcm_local_database_has_changed           0x0001fa2d   Thumb Code    78  gatt_cache_manager.o(i.gcm_local_database_has_changed)
    get_connection_by_conn_handle            0x0001fa81   Thumb Code    48  id_manager.o(i.get_connection_by_conn_handle)
    get_free_connection                      0x0001fab5   Thumb Code    42  id_manager.o(i.get_free_connection)
    gscm_db_change_notification_done         0x0001fb3d   Thumb Code    30  gatts_cache_manager.o(i.gscm_db_change_notification_done)
    gscm_init                                0x0001fbcd   Thumb Code    36  gatts_cache_manager.o(i.gscm_init)
    gscm_local_database_has_changed          0x0001fbf9   Thumb Code    30  gatts_cache_manager.o(i.gscm_local_database_has_changed)
    gscm_local_db_cache_apply                0x0001fc1d   Thumb Code   122  gatts_cache_manager.o(i.gscm_local_db_cache_apply)
    gscm_local_db_cache_update               0x0001fc9d   Thumb Code   140  gatts_cache_manager.o(i.gscm_local_db_cache_update)
    gscm_service_changed_ind_needed          0x0001fd2d   Thumb Code    26  gatts_cache_manager.o(i.gscm_service_changed_ind_needed)
    gscm_service_changed_ind_send            0x0001fd49   Thumb Code    40  gatts_cache_manager.o(i.gscm_service_changed_ind_send)
    im_address_resolve                       0x0001fd8b   Thumb Code    66  id_manager.o(i.im_address_resolve)
    im_ble_addr_get                          0x0001fdcd   Thumb Code    58  id_manager.o(i.im_ble_addr_get)
    im_ble_evt_handler                       0x0001fe0d   Thumb Code   178  id_manager.o(i.im_ble_evt_handler)
    im_conn_handle_get                       0x0001fec5   Thumb Code    42  id_manager.o(i.im_conn_handle_get)
    im_master_id_is_valid                    0x0001ff75   Thumb Code    24  id_manager.o(i.im_master_id_is_valid)
    im_master_ids_compare                    0x0001ff8d   Thumb Code    42  id_manager.o(i.im_master_ids_compare)
    im_new_peer_id                           0x0001ffb7   Thumb Code     4  id_manager.o(i.im_new_peer_id)
    im_peer_free                             0x0001ffbd   Thumb Code    52  id_manager.o(i.im_peer_free)
    im_peer_id_get_by_conn_handle            0x0001fff5   Thumb Code    34  id_manager.o(i.im_peer_id_get_by_conn_handle)
    im_peer_id_get_by_master_id              0x0002001d   Thumb Code    68  id_manager.o(i.im_peer_id_get_by_master_id)
    im_register                              0x00020061   Thumb Code   112  id_manager.o(i.im_register)
    intern_softdevice_events_execute         0x00020199   Thumb Code   106  softdevice_handler.o(i.intern_softdevice_events_execute)
    is_duplicate_bonding_data                0x0002026f   Thumb Code    48  id_manager.o(i.is_duplicate_bonding_data)
    is_valid_irk                             0x0002029f   Thumb Code    20  id_manager.o(i.is_valid_irk)
    log_uart_init                            0x000208d5   Thumb Code    60  nrf_log.o(i.log_uart_init)
    main                                     0x00020921   Thumb Code   274  main.o(i.main)
    new_connection                           0x00020b55   Thumb Code    84  id_manager.o(i.new_connection)
    next_id_get                              0x00020bad   Thumb Code    48  peer_id.o(i.next_id_get)
    nrf_drv_common_irq_enable                0x00020bdd   Thumb Code    56  nrf_drv_common.o(i.nrf_drv_common_irq_enable)
    nrf_drv_gpiote_in_event_enable           0x00020c15   Thumb Code   150  nrf_drv_gpiote.o(i.nrf_drv_gpiote_in_event_enable)
    nrf_drv_gpiote_in_init                   0x00020cb9   Thumb Code   170  nrf_drv_gpiote.o(i.nrf_drv_gpiote_in_init)
    nrf_drv_gpiote_in_is_set                 0x00020d71   Thumb Code    16  nrf_drv_gpiote.o(i.nrf_drv_gpiote_in_is_set)
    nrf_drv_gpiote_init                      0x00020d85   Thumb Code    76  nrf_drv_gpiote.o(i.nrf_drv_gpiote_init)
    nrf_drv_gpiote_is_init                   0x00020dd9   Thumb Code    14  nrf_drv_gpiote.o(i.nrf_drv_gpiote_is_init)
    nrf_drv_saadc_buffer_convert             0x00020ded   Thumb Code   130  nrf_drv_saadc.o(i.nrf_drv_saadc_buffer_convert)
    nrf_drv_saadc_channel_init               0x00020e81   Thumb Code    68  nrf_drv_saadc.o(i.nrf_drv_saadc_channel_init)
    nrf_drv_saadc_init                       0x00020ec9   Thumb Code    94  nrf_drv_saadc.o(i.nrf_drv_saadc_init)
    nrf_drv_saadc_sample                     0x00020f3d   Thumb Code    22  nrf_drv_saadc.o(i.nrf_drv_saadc_sample)
    nrf_drv_uart_init                        0x00020f5d   Thumb Code   126  nrf_drv_uart.o(i.nrf_drv_uart_init)
    nrf_drv_uart_rx                          0x00020ff1   Thumb Code   132  nrf_drv_uart.o(i.nrf_drv_uart_rx)
    nrf_drv_uart_rx_enable                   0x0002107d   Thumb Code    26  nrf_drv_uart.o(i.nrf_drv_uart_rx_enable)
    nrf_drv_uart_tx                          0x000211c9   Thumb Code   134  nrf_drv_uart.o(i.nrf_drv_uart_tx)
    nrf_drv_uart_tx_in_progress              0x000212d9   Thumb Code    12  nrf_drv_uart.o(i.nrf_drv_uart_tx_in_progress)
    nrf_saadc_channel_init                   0x00021395   Thumb Code    90  nrf_saadc.o(i.nrf_saadc_channel_init)
    pdb_next_peer_id_get                     0x00021e05   Thumb Code    16  peer_database.o(i.pdb_next_peer_id_get)
    pdb_peer_allocate                        0x00021e19   Thumb Code    16  peer_database.o(i.pdb_peer_allocate)
    pdb_peer_free                            0x00021e2d   Thumb Code    78  peer_database.o(i.pdb_peer_free)
    pdb_raw_read                             0x00021e81   Thumb Code    16  peer_database.o(i.pdb_raw_read)
    pdb_raw_store                            0x00021e95   Thumb Code    30  peer_database.o(i.pdb_raw_store)
    pdb_read_buf_get                         0x00021eb9   Thumb Code    20  peer_database.o(i.pdb_read_buf_get)
    pdb_register                             0x00021ed1   Thumb Code   116  peer_database.o(i.pdb_register)
    pdb_write_buf_get                        0x00021f51   Thumb Code   278  peer_database.o(i.pdb_write_buf_get)
    pdb_write_buf_release                    0x0002206d   Thumb Code    50  peer_database.o(i.pdb_write_buf_release)
    pdb_write_buf_store                      0x000220a5   Thumb Code   206  peer_database.o(i.pdb_write_buf_store)
    pdb_write_buf_store_prepare              0x00022179   Thumb Code   114  peer_database.o(i.pdb_write_buf_store_prepare)
    pds_next_peer_id_get                     0x00022349   Thumb Code    36  peer_data_storage.o(i.pds_next_peer_id_get)
    pds_peer_data_read                       0x00022371   Thumb Code    98  peer_data_storage.o(i.pds_peer_data_read)
    pds_peer_data_read_ptr_get               0x000223d5   Thumb Code   156  peer_data_storage.o(i.pds_peer_data_read_ptr_get)
    pds_peer_data_update                     0x00022475   Thumb Code   160  peer_data_storage.o(i.pds_peer_data_update)
    pds_peer_data_write                      0x00022519   Thumb Code   150  peer_data_storage.o(i.pds_peer_data_write)
    pds_peer_data_write_prepare              0x000225b5   Thumb Code    82  peer_data_storage.o(i.pds_peer_data_write_prepare)
    pds_peer_data_write_prepare_cancel       0x0002260d   Thumb Code    38  peer_data_storage.o(i.pds_peer_data_write_prepare_cancel)
    pds_peer_data_write_prepared             0x00022639   Thumb Code   150  peer_data_storage.o(i.pds_peer_data_write_prepared)
    pds_peer_id_allocate                     0x000226d5   Thumb Code    36  peer_data_storage.o(i.pds_peer_id_allocate)
    pds_peer_id_free                         0x000226fd   Thumb Code    44  peer_data_storage.o(i.pds_peer_id_free)
    pds_peer_id_is_allocated                 0x0002272d   Thumb Code    32  peer_data_storage.o(i.pds_peer_id_is_allocated)
    pds_register                             0x00022751   Thumb Code    74  peer_data_storage.o(i.pds_register)
    peer_data_deserialize                    0x0002283f   Thumb Code    48  peer_data.o(i.peer_data_deserialize)
    peer_data_parts_get                      0x0002286f   Thumb Code    26  peer_data.o(i.peer_data_parts_get)
    peer_id_allocate                         0x000228a5   Thumb Code     6  peer_id.o(i.peer_id_allocate)
    peer_id_delete                           0x000228b1   Thumb Code    32  peer_id.o(i.peer_id_delete)
    peer_id_free                             0x000228d5   Thumb Code    24  peer_id.o(i.peer_id_free)
    peer_id_get_next_deleted                 0x000228f1   Thumb Code     6  peer_id.o(i.peer_id_get_next_deleted)
    peer_id_get_next_used                    0x000228fd   Thumb Code     6  peer_id.o(i.peer_id_get_next_used)
    peer_id_init                             0x00022909   Thumb Code    36  peer_id.o(i.peer_id_init)
    peer_id_is_allocated                     0x00022931   Thumb Code    16  peer_id.o(i.peer_id_is_allocated)
    pm_buffer_block_acquire                  0x00022a61   Thumb Code    92  pm_buffer.o(i.pm_buffer_block_acquire)
    pm_buffer_init                           0x00022abd   Thumb Code    64  pm_buffer.o(i.pm_buffer_init)
    pm_buffer_ptr_get                        0x00022afd   Thumb Code    40  pm_buffer.o(i.pm_buffer_ptr_get)
    pm_buffer_release                        0x00022b25   Thumb Code    46  pm_buffer.o(i.pm_buffer_release)
    pm_conn_sec_config_reply                 0x00022b53   Thumb Code     4  peer_manager.o(i.pm_conn_sec_config_reply)
    pm_conn_secure                           0x00022b59   Thumb Code    16  peer_manager.o(i.pm_conn_secure)
    pm_init                                  0x00022bed   Thumb Code   110  peer_manager.o(i.pm_init)
    pm_local_database_has_changed            0x00022c71   Thumb Code    14  peer_manager.o(i.pm_local_database_has_changed)
    pm_mutex_init                            0x00022c85   Thumb Code    14  pm_mutex.o(i.pm_mutex_init)
    pm_mutex_lock                            0x00022c93   Thumb Code    26  pm_mutex.o(i.pm_mutex_lock)
    pm_mutex_lock_first_available            0x00022cad   Thumb Code    54  pm_mutex.o(i.pm_mutex_lock_first_available)
    pm_mutex_lock_status_get                 0x00022ce3   Thumb Code    24  pm_mutex.o(i.pm_mutex_lock_status_get)
    pm_mutex_unlock                          0x00022cfb   Thumb Code    58  pm_mutex.o(i.pm_mutex_unlock)
    pm_on_ble_evt                            0x00022d35   Thumb Code    36  peer_manager.o(i.pm_on_ble_evt)
    pm_peer_delete                           0x00022d5d   Thumb Code    16  peer_manager.o(i.pm_peer_delete)
    pm_peer_rank_highest                     0x00022d71   Thumb Code   186  peer_manager.o(i.pm_peer_rank_highest)
    pm_peer_ranks_get                        0x00022e35   Thumb Code   178  peer_manager.o(i.pm_peer_ranks_get)
    pm_peers_delete                          0x00022ef1   Thumb Code    54  peer_manager.o(i.pm_peers_delete)
    pm_register                              0x00022f2d   Thumb Code    38  peer_manager.o(i.pm_register)
    pm_sec_params_set                        0x00022f59   Thumb Code    26  peer_manager.o(i.pm_sec_params_set)
    pstorage_access_status_get               0x00022f79   Thumb Code    28  pstorage.o(i.pstorage_access_status_get)
    saadc_event_handler                      0x0002343d   Thumb Code   236  main.o(i.saadc_event_handler)
    sd_check_ram_start                       0x0002352d   Thumb Code    10  softdevice_handler.o(i.sd_check_ram_start)
    sdk_mapped_flags_bulk_update_by_key      0x000235c5   Thumb Code    68  sdk_mapped_flags.o(i.sdk_mapped_flags_bulk_update_by_key)
    sdk_mapped_flags_first_key_index_get     0x00023609   Thumb Code    34  sdk_mapped_flags.o(i.sdk_mapped_flags_first_key_index_get)
    sdk_mapped_flags_get_by_key              0x0002363b   Thumb Code    38  sdk_mapped_flags.o(i.sdk_mapped_flags_get_by_key)
    sdk_mapped_flags_key_list_get            0x00023661   Thumb Code    74  sdk_mapped_flags.o(i.sdk_mapped_flags_key_list_get)
    sdk_mapped_flags_update_by_key           0x000236ab   Thumb Code    14  sdk_mapped_flags.o(i.sdk_mapped_flags_update_by_key)
    sm_ble_evt_handler                       0x00023b55   Thumb Code    26  security_manager.o(i.sm_ble_evt_handler)
    sm_conn_sec_config_reply                 0x00023b75   Thumb Code    18  security_manager.o(i.sm_conn_sec_config_reply)
    sm_link_secure                           0x00023ced   Thumb Code    20  security_manager.o(i.sm_link_secure)
    sm_register                              0x00023d05   Thumb Code   132  security_manager.o(i.sm_register)
    sm_sec_params_set                        0x00023d95   Thumb Code    50  security_manager.o(i.sm_sec_params_set)
    smd_ble_evt_handler                      0x00023dcd   Thumb Code   226  security_dispatcher.o(i.smd_ble_evt_handler)
    smd_link_secure                          0x00023f3d   Thumb Code    66  security_dispatcher.o(i.smd_link_secure)
    smd_params_reply                         0x00023f85   Thumb Code   276  security_dispatcher.o(i.smd_params_reply)
    smd_register                             0x00024129   Thumb Code    88  security_dispatcher.o(i.smd_register)
    softdevice_ble_evt_handler_set           0x00024189   Thumb Code    14  softdevice_handler.o(i.softdevice_ble_evt_handler_set)
    softdevice_enable                        0x0002419d   Thumb Code    14  softdevice_handler.o(i.softdevice_enable)
    softdevice_enable_get_default_config     0x000241b1   Thumb Code    38  softdevice_handler.o(i.softdevice_enable_get_default_config)
    softdevice_fault_handler                 0x000241d7   Thumb Code     4  softdevice_handler.o(i.softdevice_fault_handler)
    softdevice_handler_init                  0x000241dd   Thumb Code    42  softdevice_handler.o(i.softdevice_handler_init)
    softdevice_sys_evt_handler_set           0x00024211   Thumb Code    14  softdevice_handler.o(i.softdevice_sys_evt_handler_set)
    uart_error_cb                            0x00024457   Thumb Code    18  nrf_log.o(i.uart_error_cb)
    Region$$Table$$Base                      0x00024d5c   Number         0  anon$$obj.o(Region$$Table)
    Region$$Table$$Limit                     0x00024d7c   Number         0  anon$$obj.o(Region$$Table)
    Image$$RW_IRAM1$$Base                    0x20002080   Number         0  anon$$obj.o ABSOLUTE
    SystemCoreClock                          0x20002220   Data           4  system_nrf52.o(.data)
    fs_data$$Base                            0x20002224   Number         0  fds.o(fs_data)
    fs_data$$Limit                           0x20002234   Number         0  fds.o(fs_data)
    nrf_nvic_state                           0x20003508   Data          12  softdevice_handler.o(.bss)
    __initial_sp                             0x20005518   Data           0  arm_startup_nrf52.o(STACK)



==============================================================================

Memory Map of the image

  Image Entry point : 0x0001c401

  Load Region LR_IROM1 (Base: 0x0001c000, Size: 0x00008f30, Max: 0x00064000, ABSOLUTE, COMPRESSED[0x00008dac])

    Execution Region ER_IROM1 (Base: 0x0001c000, Size: 0x00008d7c, Max: 0x00064000, ABSOLUTE)

    Base Addr    Size         Type   Attr      Idx    E Section Name        Object

    0x0001c000   0x00000400   Data   RO         4974    RESET               arm_startup_nrf52.o
    0x0001c400   0x00000000   Code   RO         5015  * .ARM.Collect$$$$00000000  mc_w.l(entry.o)
    0x0001c400   0x00000004   Code   RO         5058    .ARM.Collect$$$$00000001  mc_w.l(entry2.o)
    0x0001c404   0x00000004   Code   RO         5061    .ARM.Collect$$$$00000004  mc_w.l(entry5.o)
    0x0001c408   0x00000000   Code   RO         5063    .ARM.Collect$$$$00000008  mc_w.l(entry7b.o)
    0x0001c408   0x00000000   Code   RO         5065    .ARM.Collect$$$$0000000A  mc_w.l(entry8b.o)
    0x0001c408   0x00000008   Code   RO         5066    .ARM.Collect$$$$0000000B  mc_w.l(entry9a.o)
    0x0001c410   0x00000000   Code   RO         5068    .ARM.Collect$$$$0000000D  mc_w.l(entry10a.o)
    0x0001c410   0x00000000   Code   RO         5070    .ARM.Collect$$$$0000000F  mc_w.l(entry11a.o)
    0x0001c410   0x00000004   Code   RO         5059    .ARM.Collect$$$$00002712  mc_w.l(entry2.o)
    0x0001c414   0x00000076   Code   RO         3860    .emb_text           app_timer.o
    0x0001c48a   0x00000002   PAD
    0x0001c48c   0x00000024   Code   RO         4975    .text               arm_startup_nrf52.o
    0x0001c4b0   0x00000024   Code   RO         5018    .text               mc_w.l(memcpya.o)
    0x0001c4d4   0x00000024   Code   RO         5020    .text               mc_w.l(memseta.o)
    0x0001c4f8   0x0000001a   Code   RO         5024    .text               mc_w.l(memcmp.o)
    0x0001c512   0x00000002   PAD
    0x0001c514   0x00000024   Code   RO         5087    .text               mc_w.l(init.o)
    0x0001c538   0x00000056   Code   RO         5105    .text               mc_w.l(__dczerorl2.o)
    0x0001c58e   0x00000002   PAD
    0x0001c590   0x00000148   Code   RO         2879    i.GPIOTE_IRQHandler  nrf_drv_gpiote.o
    0x0001c6d8   0x00000016   Code   RO         3861    i.NVIC_ClearPendingIRQ  app_timer.o
    0x0001c6ee   0x00000016   Code   RO         3862    i.NVIC_EnableIRQ    app_timer.o
    0x0001c704   0x00000016   Code   RO         3863    i.NVIC_SetPendingIRQ  app_timer.o
    0x0001c71a   0x00000020   Code   RO         3864    i.NVIC_SetPriority  app_timer.o
    0x0001c73a   0x00000002   PAD
    0x0001c73c   0x00000024   Code   RO         3865    i.RTC1_IRQHandler   app_timer.o
    0x0001c760   0x000000bc   Code   RO         3078    i.SAADC_IRQHandler  nrf_drv_saadc.o
    0x0001c81c   0x00000004   Code   RO         3866    i.SWI0_EGU0_IRQHandler  app_timer.o
    0x0001c820   0x00000024   Code   RO         4874    i.SWI2_EGU2_IRQHandler  softdevice_handler.o
    0x0001c844   0x0000026c   Code   RO         4983    i.SystemInit        system_nrf52.o
    0x0001cab0   0x00000014   Code   RO         3193    i.UARTE0_UART0_IRQHandler  nrf_drv_uart.o
    0x0001cac4   0x0000000e   Code   RO         5099    i.__scatterload_copy  mc_w.l(handlers.o)
    0x0001cad2   0x00000002   Code   RO         5100    i.__scatterload_null  mc_w.l(handlers.o)
    0x0001cad4   0x0000000e   Code   RO         5101    i.__scatterload_zeroinit  mc_w.l(handlers.o)
    0x0001cae2   0x00000002   PAD
    0x0001cae4   0x00000058   Code   RO            4    i.adc_configure     main.o
    0x0001cb3c   0x00000022   Code   RO         1595    i.addr_compare      id_manager.o
    0x0001cb5e   0x00000202   Code   RO          575    i.adv_data_encode   ble_advdata.o
    0x0001cd60   0x00000036   Code   RO          532    i.advertising_buttons_configure  bsp_btn_ble.o
    0x0001cd96   0x00000016   Code   RO            5    i.advertising_start  main.o
    0x0001cdac   0x00000052   Code   RO         1596    i.ah                id_manager.o
    0x0001cdfe   0x0000009a   Code   RO         1106    i.alert_level_char_add  ble_ias.o
    0x0001ce98   0x0000008c   Code   RO         1203    i.alert_level_char_add  ble_lls.o
    0x0001cf24   0x00000028   Code   RO            6    i.alert_signal      main.o
    0x0001cf4c   0x00000020   Code   RO          414    i.alert_timer_handler  bsp.o
    0x0001cf6c   0x00000024   Code   RO         3661    i.app_button_enable  app_button.o
    0x0001cf90   0x00000070   Code   RO         3662    i.app_button_init   app_button.o
    0x0001d000   0x00000024   Code   RO         3762    i.app_error_fault_handler  app_error_weak.o
    0x0001d024   0x00000016   Code   RO         3723    i.app_error_handler_bare  app_error.o
    0x0001d03a   0x00000016   Code   RO         3791    i.app_fifo_get      app_fifo.o
    0x0001d050   0x00000020   Code   RO         3792    i.app_fifo_init     app_fifo.o
    0x0001d070   0x0000001a   Code   RO         3794    i.app_fifo_put      app_fifo.o
    0x0001d08a   0x00000002   PAD
    0x0001d08c   0x00000024   Code   RO         3869    i.app_timer_create  app_timer.o
    0x0001d0b0   0x00000090   Code   RO         3870    i.app_timer_init    app_timer.o
    0x0001d140   0x00000080   Code   RO         3871    i.app_timer_start   app_timer.o
    0x0001d1c0   0x00000050   Code   RO         3872    i.app_timer_stop    app_timer.o
    0x0001d210   0x000000a4   Code   RO         2735    i.app_uart_init     app_uart_fifo.o
    0x0001d2b4   0x00000048   Code   RO         4018    i.app_util_critical_region_enter  app_util_platform.o
    0x0001d2fc   0x00000034   Code   RO         4019    i.app_util_critical_region_exit  app_util_platform.o
    0x0001d330   0x00000078   Code   RO         3194    i.apply_config      nrf_drv_uart.o
    0x0001d3a8   0x000000a0   Code   RO         2496    i.auth_status_success_process  security_dispatcher.o
    0x0001d448   0x00000084   Code   RO            8    i.bas_init          main.o
    0x0001d4cc   0x0000014e   Code   RO          747    i.battery_level_char_add  ble_bas.o
    0x0001d61a   0x00000014   Code   RO            9    i.battery_level_meas_timeout_handler  main.o
    0x0001d62e   0x00000068   Code   RO          576    i.ble_advdata_set   ble_advdata.o
    0x0001d696   0x00000002   PAD
    0x0001d698   0x0000011c   Code   RO          657    i.ble_advertising_init  ble_advertising.o
    0x0001d7b4   0x00000080   Code   RO          658    i.ble_advertising_on_ble_evt  ble_advertising.o
    0x0001d834   0x00000034   Code   RO          659    i.ble_advertising_on_sys_evt  ble_advertising.o
    0x0001d868   0x00000010   Code   RO          661    i.ble_advertising_peer_address_clear  ble_advertising.o
    0x0001d878   0x000001e0   Code   RO          663    i.ble_advertising_start  ble_advertising.o
    0x0001da58   0x0000007a   Code   RO          748    i.ble_bas_battery_level_update  ble_bas.o
    0x0001dad2   0x00000044   Code   RO          749    i.ble_bas_init      ble_bas.o
    0x0001db16   0x00000058   Code   RO          750    i.ble_bas_on_ble_evt  ble_bas.o
    0x0001db6e   0x00000002   PAD
    0x0001db70   0x00000058   Code   RO          795    i.ble_conn_params_init  ble_conn_params.o
    0x0001dbc8   0x00000084   Code   RO          796    i.ble_conn_params_on_ble_evt  ble_conn_params.o
    0x0001dc4c   0x00000010   Code   RO          868    i.ble_conn_state_conn_handles  ble_conn_state.o
    0x0001dc5c   0x00000010   Code   RO          869    i.ble_conn_state_encrypted  ble_conn_state.o
    0x0001dc6c   0x00000010   Code   RO          871    i.ble_conn_state_mitm_protected  ble_conn_state.o
    0x0001dc7c   0x0000010c   Code   RO          875    i.ble_conn_state_on_ble_evt  ble_conn_state.o
    0x0001dd88   0x00000030   Code   RO          877    i.ble_conn_state_role  ble_conn_state.o
    0x0001ddb8   0x0000002c   Code   RO          879    i.ble_conn_state_user_flag_acquire  ble_conn_state.o
    0x0001dde4   0x00000018   Code   RO          880    i.ble_conn_state_user_flag_collection  ble_conn_state.o
    0x0001ddfc   0x00000028   Code   RO          881    i.ble_conn_state_user_flag_get  ble_conn_state.o
    0x0001de24   0x0000002c   Code   RO          882    i.ble_conn_state_user_flag_set  ble_conn_state.o
    0x0001de50   0x00000040   Code   RO         1000    i.ble_db_discovery_evt_register  ble_db_discovery.o
    0x0001de90   0x0000001c   Code   RO         1001    i.ble_db_discovery_init  ble_db_discovery.o
    0x0001deac   0x0000004c   Code   RO         1002    i.ble_db_discovery_on_ble_evt  ble_db_discovery.o
    0x0001def8   0x00000058   Code   RO         1003    i.ble_db_discovery_start  ble_db_discovery.o
    0x0001df50   0x0000005e   Code   RO          577    i.ble_device_addr_encode  ble_advdata.o
    0x0001dfae   0x00000002   PAD
    0x0001dfb0   0x0000006c   Code   RO           10    i.ble_evt_dispatch  main.o
    0x0001e01c   0x0000000e   Code   RO         1147    i.ble_ias_c_handles_assign  ble_ias_c.o
    0x0001e02a   0x0000003a   Code   RO         1148    i.ble_ias_c_init    ble_ias_c.o
    0x0001e064   0x0000000a   Code   RO         1149    i.ble_ias_c_is_discovered  ble_ias_c.o
    0x0001e06e   0x0000002e   Code   RO         1150    i.ble_ias_c_on_ble_evt  ble_ias_c.o
    0x0001e09c   0x00000078   Code   RO         1151    i.ble_ias_c_on_db_disc_evt  ble_ias_c.o
    0x0001e114   0x0000003a   Code   RO         1152    i.ble_ias_c_send_alert_level  ble_ias_c.o
    0x0001e14e   0x00000030   Code   RO         1108    i.ble_ias_init      ble_ias.o
    0x0001e17e   0x00000036   Code   RO         1109    i.ble_ias_on_ble_evt  ble_ias.o
    0x0001e1b4   0x0000001c   Code   RO         1204    i.ble_lls_alert_level_get  ble_lls.o
    0x0001e1d0   0x0000003a   Code   RO         1205    i.ble_lls_init      ble_lls.o
    0x0001e20a   0x00000058   Code   RO         1206    i.ble_lls_on_ble_evt  ble_lls.o
    0x0001e262   0x0000000c   Code   RO         1245    i.ble_srv_report_ref_encode  ble_srv_common.o
    0x0001e26e   0x00000002   PAD
    0x0001e270   0x00000078   Code   RO           11    i.ble_stack_init    main.o
    0x0001e2e8   0x0000002a   Code   RO         1291    i.ble_tps_init      ble_tps.o
    0x0001e312   0x0000000c   Code   RO         1292    i.ble_tps_on_ble_evt  ble_tps.o
    0x0001e31e   0x00000002   PAD
    0x0001e320   0x0000004c   Code   RO          533    i.bsp_btn_ble_init  bsp_btn_ble.o
    0x0001e36c   0x00000070   Code   RO          534    i.bsp_btn_ble_on_ble_evt  bsp_btn_ble.o
    0x0001e3dc   0x00000012   Code   RO          535    i.bsp_btn_ble_sleep_mode_prepare  bsp_btn_ble.o
    0x0001e3ee   0x00000002   PAD
    0x0001e3f0   0x000000a8   Code   RO          415    i.bsp_button_event_handler  bsp.o
    0x0001e498   0x0000002c   Code   RO          416    i.bsp_button_is_pressed  bsp.o
    0x0001e4c4   0x0000007c   Code   RO           12    i.bsp_event_handler  main.o
    0x0001e540   0x00000044   Code   RO          420    i.bsp_event_to_button_action_assign  bsp.o
    0x0001e584   0x00000018   Code   RO          421    i.bsp_indication_set  bsp.o
    0x0001e59c   0x000000a4   Code   RO          423    i.bsp_init          bsp.o
    0x0001e640   0x00000224   Code   RO          424    i.bsp_led_indication  bsp.o
    0x0001e864   0x0000003c   Code   RO          425    i.bsp_wakeup_buttons_set  bsp.o
    0x0001e8a0   0x00000008   Code   RO          426    i.button_timer_handler  bsp.o
    0x0001e8a8   0x0000001c   Code   RO         2880    i.channel_free      nrf_drv_gpiote.o
    0x0001e8c4   0x00000048   Code   RO         2881    i.channel_port_alloc  nrf_drv_gpiote.o
    0x0001e90c   0x00000010   Code   RO         2882    i.channel_port_get  nrf_drv_gpiote.o
    0x0001e91c   0x00000042   Code   RO         1004    i.characteristics_discover  ble_db_discovery.o
    0x0001e95e   0x00000002   PAD
    0x0001e960   0x00000020   Code   RO         4393    i.check_config      fstorage.o
    0x0001e980   0x00000018   Code   RO         4084    i.chunk_queue_next  fds.o
    0x0001e998   0x00000038   Code   RO         2089    i.claim             peer_id.o
    0x0001e9d0   0x000000ac   Code   RO         3874    i.compare_reg_update  app_timer.o
    0x0001ea7c   0x00000088   Code   RO          578    i.conn_int_encode   ble_advdata.o
    0x0001eb04   0x00000004   Code   RO           13    i.conn_params_error_handler  main.o
    0x0001eb08   0x0000005c   Code   RO          798    i.conn_params_negotiation  ble_conn_params.o
    0x0001eb64   0x0000000c   Code   RO           14    i.db_disc_handler   main.o
    0x0001eb70   0x0000009c   Code   RO         4085    i.delete_execute    fds.o
    0x0001ec0c   0x0000008c   Code   RO         1005    i.descriptors_discover  ble_db_discovery.o
    0x0001ec98   0x00000060   Code   RO         3664    i.detection_delay_timeout_handler  app_button.o
    0x0001ecf8   0x000000a4   Code   RO         1006    i.discovery_complete_evt_trigger  ble_db_discovery.o
    0x0001ed9c   0x00000034   Code   RO         1007    i.discovery_error_evt_trigger  ble_db_discovery.o
    0x0001edd0   0x00000040   Code   RO         3875    i.elapsed_ticks_acquire  app_timer.o
    0x0001ee10   0x00000030   Code   RO         2497    i.encryption_failure  security_dispatcher.o
    0x0001ee40   0x0000006a   Code   RO         4086    i.event_prepare     fds.o
    0x0001eeaa   0x00000002   PAD
    0x0001eeac   0x00000020   Code   RO         4087    i.event_send        fds.o
    0x0001eecc   0x00000034   Code   RO         2609    i.events_send_from_err_code  security_manager.o
    0x0001ef00   0x00000024   Code   RO         1597    i.evt_send          id_manager.o
    0x0001ef24   0x00000024   Code   RO         2179    i.evt_send          peer_manager.o
    0x0001ef48   0x00000024   Code   RO         2498    i.evt_send          security_dispatcher.o
    0x0001ef6c   0x00000024   Code   RO         2610    i.evt_send          security_manager.o
    0x0001ef90   0x00000012   Code   RO         4088    i.fds_descriptor_from_rec_id  fds.o
    0x0001efa2   0x00000002   PAD
    0x0001efa4   0x000000d0   Code   RO         1786    i.fds_evt_handler   peer_data_storage.o
    0x0001f074   0x0000004c   Code   RO         4089    i.fds_file_delete   fds.o
    0x0001f0c0   0x00000044   Code   RO         4090    i.fds_gc            fds.o
    0x0001f104   0x0000008c   Code   RO         4091    i.fds_init          fds.o
    0x0001f190   0x0000003c   Code   RO         4092    i.fds_record_close  fds.o
    0x0001f1cc   0x0000000e   Code   RO         4094    i.fds_record_find   fds.o
    0x0001f1da   0x00000010   Code   RO         4095    i.fds_record_find_by_key  fds.o
    0x0001f1ea   0x00000010   Code   RO         4096    i.fds_record_find_in_file  fds.o
    0x0001f1fa   0x00000010   Code   RO         4097    i.fds_record_id_from_desc  fds.o
    0x0001f20a   0x00000002   PAD
    0x0001f20c   0x00000040   Code   RO         4099    i.fds_record_open   fds.o
    0x0001f24c   0x0000000e   Code   RO         4100    i.fds_record_update  fds.o
    0x0001f25a   0x00000008   Code   RO         4101    i.fds_record_write  fds.o
    0x0001f262   0x0000000c   Code   RO         4102    i.fds_record_write_reserved  fds.o
    0x0001f26e   0x00000002   PAD
    0x0001f270   0x00000024   Code   RO         4103    i.fds_register      fds.o
    0x0001f294   0x00000034   Code   RO         4104    i.fds_reserve       fds.o
    0x0001f2c8   0x00000044   Code   RO         4105    i.fds_reserve_cancel  fds.o
    0x0001f30c   0x00000014   Code   RO         3797    i.fifo_get          app_fifo.o
    0x0001f320   0x00000012   Code   RO         3798    i.fifo_put          app_fifo.o
    0x0001f332   0x00000002   PAD
    0x0001f334   0x00000010   Code   RO         4107    i.flag_clear        fds.o
    0x0001f344   0x00000012   Code   RO         2499    i.flag_id_init      security_dispatcher.o
    0x0001f356   0x00000012   Code   RO         2611    i.flag_id_init      security_manager.o
    0x0001f368   0x00000010   Code   RO         4108    i.flag_set          fds.o
    0x0001f378   0x00000058   Code   RO         2612    i.flags_set_from_err_code  security_manager.o
    0x0001f3d0   0x00000070   Code   RO         4394    i.fs_erase          fstorage.o
    0x0001f440   0x00000006   Code   RO         4109    i.fs_event_handler  fds.o
    0x0001f446   0x00000002   PAD
    0x0001f448   0x00000088   Code   RO         4395    i.fs_init           fstorage.o
    0x0001f4d0   0x00000014   Code   RO         4396    i.fs_queued_op_count_get  fstorage.o
    0x0001f4e4   0x00000078   Code   RO         4397    i.fs_store          fstorage.o
    0x0001f55c   0x00000068   Code   RO         4398    i.fs_sys_event_handler  fstorage.o
    0x0001f5c4   0x00000074   Code   RO           15    i.gap_params_init   main.o
    0x0001f638   0x00000070   Code   RO         4110    i.gc_execute        fds.o
    0x0001f6a8   0x00000048   Code   RO         4111    i.gc_next_page      fds.o
    0x0001f6f0   0x00000048   Code   RO         4112    i.gc_page_erase     fds.o
    0x0001f738   0x00000030   Code   RO         4113    i.gc_record_copy    fds.o
    0x0001f768   0x00000024   Code   RO         4114    i.gc_record_find_next  fds.o
    0x0001f78c   0x00000080   Code   RO         4115    i.gc_state_advance  fds.o
    0x0001f80c   0x00000002   Code   RO         1332    i.gccm_evt_handler  gatt_cache_manager.o
    0x0001f80e   0x00000002   PAD
    0x0001f810   0x00000024   Code   RO         1465    i.gccm_init         gattc_cache_manager.o
    0x0001f834   0x000000e8   Code   RO         1333    i.gcm_ble_evt_handler  gatt_cache_manager.o
    0x0001f91c   0x00000088   Code   RO         2180    i.gcm_evt_handler   peer_manager.o
    0x0001f9a4   0x00000088   Code   RO         1334    i.gcm_init          gatt_cache_manager.o
    0x0001fa2c   0x00000054   Code   RO         1335    i.gcm_local_database_has_changed  gatt_cache_manager.o
    0x0001fa80   0x00000034   Code   RO         1598    i.get_connection_by_conn_handle  id_manager.o
    0x0001fab4   0x00000030   Code   RO         1599    i.get_free_connection  id_manager.o
    0x0001fae4   0x00000058   Code   RO         3665    i.gpiote_event_handler  app_button.o
    0x0001fb3c   0x00000028   Code   RO         1508    i.gscm_db_change_notification_done  gatts_cache_manager.o
    0x0001fb64   0x00000068   Code   RO         1341    i.gscm_evt_handler  gatt_cache_manager.o
    0x0001fbcc   0x0000002c   Code   RO         1509    i.gscm_init         gatts_cache_manager.o
    0x0001fbf8   0x00000024   Code   RO         1510    i.gscm_local_database_has_changed  gatts_cache_manager.o
    0x0001fc1c   0x00000080   Code   RO         1511    i.gscm_local_db_cache_apply  gatts_cache_manager.o
    0x0001fc9c   0x00000090   Code   RO         1514    i.gscm_local_db_cache_update  gatts_cache_manager.o
    0x0001fd2c   0x0000001a   Code   RO         1515    i.gscm_service_changed_ind_needed  gatts_cache_manager.o
    0x0001fd46   0x00000002   PAD
    0x0001fd48   0x0000002c   Code   RO         1516    i.gscm_service_changed_ind_send  gatts_cache_manager.o
    0x0001fd74   0x00000016   Code   RO         4116    i.header_is_valid   fds.o
    0x0001fd8a   0x00000042   Code   RO         1600    i.im_address_resolve  id_manager.o
    0x0001fdcc   0x00000040   Code   RO         1601    i.im_ble_addr_get   id_manager.o
    0x0001fe0c   0x000000b8   Code   RO         1602    i.im_ble_evt_handler  id_manager.o
    0x0001fec4   0x00000030   Code   RO         1603    i.im_conn_handle_get  id_manager.o
    0x0001fef4   0x00000030   Code   RO         1342    i.im_evt_handler    gatt_cache_manager.o
    0x0001ff24   0x00000050   Code   RO         2181    i.im_evt_handler    peer_manager.o
    0x0001ff74   0x00000018   Code   RO         1604    i.im_master_id_is_valid  id_manager.o
    0x0001ff8c   0x0000002a   Code   RO         1605    i.im_master_ids_compare  id_manager.o
    0x0001ffb6   0x00000004   Code   RO         1606    i.im_new_peer_id    id_manager.o
    0x0001ffba   0x00000002   PAD
    0x0001ffbc   0x00000038   Code   RO         1607    i.im_peer_free      id_manager.o
    0x0001fff4   0x00000028   Code   RO         1608    i.im_peer_id_get_by_conn_handle  id_manager.o
    0x0002001c   0x00000044   Code   RO         1610    i.im_peer_id_get_by_master_id  id_manager.o
    0x00020060   0x00000078   Code   RO         1611    i.im_register       id_manager.o
    0x000200d8   0x000000c0   Code   RO         4117    i.init_execute      fds.o
    0x00020198   0x00000070   Code   RO         4875    i.intern_softdevice_events_execute  softdevice_handler.o
    0x00020208   0x0000001c   Code   RO          799    i.is_conn_params_ok  ble_conn_params.o
    0x00020224   0x0000004a   Code   RO         1008    i.is_desc_discovery_reqd  ble_db_discovery.o
    0x0002026e   0x00000030   Code   RO         1614    i.is_duplicate_bonding_data  id_manager.o
    0x0002029e   0x00000014   Code   RO         1615    i.is_valid_irk      id_manager.o
    0x000202b2   0x0000000c   Code   RO         4118    i.is_word_aligned   fds.o
    0x000202be   0x00000054   Code   RO          579    i.le_role_encode    ble_advdata.o
    0x00020312   0x00000002   PAD
    0x00020314   0x00000014   Code   RO          427    i.leds_timer_handler  bsp.o
    0x00020328   0x00000094   Code   RO         2613    i.link_secure       security_manager.o
    0x000203bc   0x00000086   Code   RO         2500    i.link_secure_central  security_dispatcher.o
    0x00020442   0x000000ca   Code   RO         2501    i.link_secure_central_existing_peer  security_dispatcher.o
    0x0002050c   0x0000006c   Code   RO         2502    i.link_secure_central_new_peer  security_dispatcher.o
    0x00020578   0x00000058   Code   RO         2503    i.link_secure_failure  security_dispatcher.o
    0x000205d0   0x0000005c   Code   RO         2614    i.link_secure_pending_process  security_manager.o
    0x0002062c   0x000000bc   Code   RO         3876    i.list_deletions_handler  app_timer.o
    0x000206e8   0x000000cc   Code   RO         3877    i.list_insertions_handler  app_timer.o
    0x000207b4   0x00000074   Code   RO         1343    i.local_db_apply_in_evt  gatt_cache_manager.o
    0x00020828   0x00000078   Code   RO         1344    i.local_db_update_in_evt  gatt_cache_manager.o
    0x000208a0   0x00000032   Code   RO         2443    i.lock_by_mask      pm_mutex.o
    0x000208d2   0x00000002   PAD
    0x000208d4   0x0000004c   Code   RO         4506    i.log_uart_init     nrf_log.o
    0x00020920   0x00000134   Code   RO           16    i.main              main.o
    0x00020a54   0x00000064   Code   RO          580    i.manuf_specific_data_encode  ble_advdata.o
    0x00020ab8   0x0000009c   Code   RO          581    i.name_encode       ble_advdata.o
    0x00020b54   0x00000058   Code   RO         1616    i.new_connection    id_manager.o
    0x00020bac   0x00000030   Code   RO         2090    i.next_id_get       peer_id.o
    0x00020bdc   0x00000038   Code   RO         2848    i.nrf_drv_common_irq_enable  nrf_drv_common.o
    0x00020c14   0x000000a4   Code   RO         2885    i.nrf_drv_gpiote_in_event_enable  nrf_drv_gpiote.o
    0x00020cb8   0x000000b8   Code   RO         2886    i.nrf_drv_gpiote_in_init  nrf_drv_gpiote.o
    0x00020d70   0x00000014   Code   RO         2887    i.nrf_drv_gpiote_in_is_set  nrf_drv_gpiote.o
    0x00020d84   0x00000054   Code   RO         2889    i.nrf_drv_gpiote_init  nrf_drv_gpiote.o
    0x00020dd8   0x00000014   Code   RO         2890    i.nrf_drv_gpiote_is_init  nrf_drv_gpiote.o
    0x00020dec   0x00000094   Code   RO         3080    i.nrf_drv_saadc_buffer_convert  nrf_drv_saadc.o
    0x00020e80   0x00000048   Code   RO         3081    i.nrf_drv_saadc_channel_init  nrf_drv_saadc.o
    0x00020ec8   0x00000074   Code   RO         3083    i.nrf_drv_saadc_init  nrf_drv_saadc.o
    0x00020f3c   0x00000020   Code   RO         3086    i.nrf_drv_saadc_sample  nrf_drv_saadc.o
    0x00020f5c   0x00000094   Code   RO         3196    i.nrf_drv_uart_init  nrf_drv_uart.o
    0x00020ff0   0x0000008c   Code   RO         3197    i.nrf_drv_uart_rx   nrf_drv_uart.o
    0x0002107c   0x00000020   Code   RO         3200    i.nrf_drv_uart_rx_enable  nrf_drv_uart.o
    0x0002109c   0x0000009c   Code   RO         3201    i.nrf_drv_uart_rx_for_uart  nrf_drv_uart.o
    0x00021138   0x00000090   Code   RO         3202    i.nrf_drv_uart_rx_for_uarte  nrf_drv_uart.o
    0x000211c8   0x00000090   Code   RO         3203    i.nrf_drv_uart_tx   nrf_drv_uart.o
    0x00021258   0x00000080   Code   RO         3205    i.nrf_drv_uart_tx_for_uart  nrf_drv_uart.o
    0x000212d8   0x00000010   Code   RO         3206    i.nrf_drv_uart_tx_in_progress  nrf_drv_uart.o
    0x000212e8   0x00000022   Code   RO         2902    i.nrf_gpio_cfg      nrf_drv_gpiote.o
    0x0002130a   0x00000022   Code   RO         3208    i.nrf_gpio_cfg      nrf_drv_uart.o
    0x0002132c   0x00000012   Code   RO         3210    i.nrf_gpio_cfg_input  nrf_drv_uart.o
    0x0002133e   0x00000014   Code   RO         3211    i.nrf_gpio_cfg_output  nrf_drv_uart.o
    0x00021352   0x0000001c   Code   RO         2904    i.nrf_gpio_cfg_sense_set  nrf_drv_gpiote.o
    0x0002136e   0x00000002   PAD
    0x00021370   0x00000014   Code   RO         2905    i.nrf_gpiote_event_clear  nrf_drv_gpiote.o
    0x00021384   0x00000010   Code   RO         2906    i.nrf_gpiote_event_is_set  nrf_drv_gpiote.o
    0x00021394   0x00000060   Code   RO         3387    i.nrf_saadc_channel_init  nrf_saadc.o
    0x000213f4   0x00000014   Code   RO         3089    i.nrf_saadc_channel_input_set  nrf_drv_saadc.o
    0x00021408   0x00000010   Code   RO         3090    i.nrf_saadc_event_check  nrf_drv_saadc.o
    0x00021418   0x0000000a   Code   RO         3212    i.nrf_uart_event_check  nrf_drv_uart.o
    0x00021422   0x0000000c   Code   RO         3213    i.nrf_uart_int_enable_check  nrf_drv_uart.o
    0x0002142e   0x0000000a   Code   RO         3214    i.nrf_uarte_event_check  nrf_drv_uart.o
    0x00021438   0x00000024   Code   RO           17    i.on_adv_evt        main.o
    0x0002145c   0x00000034   Code   RO           18    i.on_bas_evt        main.o
    0x00021490   0x00000098   Code   RO           19    i.on_ble_evt        main.o
    0x00021528   0x0000010c   Code   RO         1009    i.on_characteristic_discovery_rsp  ble_db_discovery.o
    0x00021634   0x000000c8   Code   RO         1010    i.on_descriptor_discovery_rsp  ble_db_discovery.o
    0x000216fc   0x00000034   Code   RO           20    i.on_ias_c_evt      main.o
    0x00021730   0x0000000e   Code   RO           21    i.on_ias_evt        main.o
    0x0002173e   0x0000000e   Code   RO           22    i.on_lls_evt        main.o
    0x0002174c   0x00000054   Code   RO         4399    i.on_operation_success  fstorage.o
    0x000217a0   0x00000070   Code   RO         1011    i.on_primary_srv_discovery_rsp  ble_db_discovery.o
    0x00021810   0x0000007c   Code   RO         1012    i.on_srv_disc_completion  ble_db_discovery.o
    0x0002188c   0x00000080   Code   RO         4119    i.op_enqueue        fds.o
    0x0002190c   0x00000012   Code   RO         4120    i.page_offsets_update  fds.o
    0x0002191e   0x00000002   PAD
    0x00021920   0x00000064   Code   RO         4121    i.page_scan         fds.o
    0x00021984   0x00000014   Code   RO         4122    i.page_tag_write_data  fds.o
    0x00021998   0x0000001c   Code   RO         4123    i.page_tag_write_swap  fds.o
    0x000219b4   0x000000d8   Code   RO         4124    i.pages_init        fds.o
    0x00021a8c   0x0000006c   Code   RO         2504    i.pairing_failure   security_dispatcher.o
    0x00021af8   0x0000003c   Code   RO         2615    i.params_reply_pending_process  security_manager.o
    0x00021b34   0x0000001c   Code   RO         1468    i.pdb_evt_handler   gattc_cache_manager.o
    0x00021b50   0x00000050   Code   RO         1517    i.pdb_evt_handler   gatts_cache_manager.o
    0x00021ba0   0x00000078   Code   RO         1617    i.pdb_evt_handler   id_manager.o
    0x00021c18   0x0000015c   Code   RO         2182    i.pdb_evt_handler   peer_manager.o
    0x00021d74   0x00000034   Code   RO         2505    i.pdb_evt_handler   security_dispatcher.o
    0x00021da8   0x00000038   Code   RO         2616    i.pdb_evt_handler   security_manager.o
    0x00021de0   0x00000024   Code   RO         1929    i.pdb_evt_send      peer_database.o
    0x00021e04   0x00000014   Code   RO         1931    i.pdb_next_peer_id_get  peer_database.o
    0x00021e18   0x00000014   Code   RO         1932    i.pdb_peer_allocate  peer_database.o
    0x00021e2c   0x00000054   Code   RO         1933    i.pdb_peer_free     peer_database.o
    0x00021e80   0x00000014   Code   RO         1934    i.pdb_raw_read      peer_database.o
    0x00021e94   0x00000024   Code   RO         1935    i.pdb_raw_store     peer_database.o
    0x00021eb8   0x00000018   Code   RO         1936    i.pdb_read_buf_get  peer_database.o
    0x00021ed0   0x00000080   Code   RO         1937    i.pdb_register      peer_database.o
    0x00021f50   0x0000011c   Code   RO         1938    i.pdb_write_buf_get  peer_database.o
    0x0002206c   0x00000038   Code   RO         1939    i.pdb_write_buf_release  peer_database.o
    0x000220a4   0x000000d4   Code   RO         1940    i.pdb_write_buf_store  peer_database.o
    0x00022178   0x00000078   Code   RO         1941    i.pdb_write_buf_store_prepare  peer_database.o
    0x000221f0   0x00000134   Code   RO         1942    i.pds_evt_handler   peer_database.o
    0x00022324   0x00000024   Code   RO         1787    i.pds_evt_send      peer_data_storage.o
    0x00022348   0x00000028   Code   RO         1789    i.pds_next_peer_id_get  peer_data_storage.o
    0x00022370   0x00000062   Code   RO         1792    i.pds_peer_data_read  peer_data_storage.o
    0x000223d2   0x00000002   PAD
    0x000223d4   0x000000a0   Code   RO         1793    i.pds_peer_data_read_ptr_get  peer_data_storage.o
    0x00022474   0x000000a4   Code   RO         1794    i.pds_peer_data_update  peer_data_storage.o
    0x00022518   0x0000009c   Code   RO         1796    i.pds_peer_data_write  peer_data_storage.o
    0x000225b4   0x00000058   Code   RO         1797    i.pds_peer_data_write_prepare  peer_data_storage.o
    0x0002260c   0x0000002c   Code   RO         1798    i.pds_peer_data_write_prepare_cancel  peer_data_storage.o
    0x00022638   0x0000009c   Code   RO         1799    i.pds_peer_data_write_prepared  peer_data_storage.o
    0x000226d4   0x00000028   Code   RO         1800    i.pds_peer_id_allocate  peer_data_storage.o
    0x000226fc   0x00000030   Code   RO         1801    i.pds_peer_id_free  peer_data_storage.o
    0x0002272c   0x00000024   Code   RO         1802    i.pds_peer_id_is_allocated  peer_data_storage.o
    0x00022750   0x00000054   Code   RO         1803    i.pds_register      peer_data_storage.o
    0x000227a4   0x00000014   Code   RO          665    i.peer_address_exists  ble_advertising.o
    0x000227b8   0x00000080   Code   RO         1804    i.peer_data_clear   peer_data_storage.o
    0x00022838   0x00000006   Code   RO         1943    i.peer_data_const_point_to_buffer  peer_database.o
    0x0002283e   0x00000030   Code   RO         1753    i.peer_data_deserialize  peer_data.o
    0x0002286e   0x0000001a   Code   RO         1754    i.peer_data_parts_get  peer_data.o
    0x00022888   0x0000001a   Code   RO         1944    i.peer_data_point_to_buffer  peer_database.o
    0x000228a2   0x00000002   PAD
    0x000228a4   0x0000000c   Code   RO         2091    i.peer_id_allocate  peer_id.o
    0x000228b0   0x00000024   Code   RO         2092    i.peer_id_delete    peer_id.o
    0x000228d4   0x0000001c   Code   RO         2093    i.peer_id_free      peer_id.o
    0x000228f0   0x0000000c   Code   RO         2094    i.peer_id_get_next_deleted  peer_id.o
    0x000228fc   0x0000000c   Code   RO         2095    i.peer_id_get_next_used  peer_id.o
    0x00022908   0x00000028   Code   RO         2096    i.peer_id_init      peer_id.o
    0x00022930   0x00000014   Code   RO         2097    i.peer_id_is_allocated  peer_id.o
    0x00022944   0x00000020   Code   RO         1618    i.peer_id_set       id_manager.o
    0x00022964   0x00000050   Code   RO         1805    i.peer_ids_init     peer_data_storage.o
    0x000229b4   0x0000007c   Code   RO           23    i.peer_manager_init  main.o
    0x00022a30   0x00000018   Code   RO         2907    i.pin_in_use_by_port  nrf_drv_gpiote.o
    0x00022a48   0x00000018   Code   RO         2908    i.pin_in_use_by_te  nrf_drv_gpiote.o
    0x00022a60   0x0000005c   Code   RO         2410    i.pm_buffer_block_acquire  pm_buffer.o
    0x00022abc   0x00000040   Code   RO         2411    i.pm_buffer_init    pm_buffer.o
    0x00022afc   0x00000028   Code   RO         2412    i.pm_buffer_ptr_get  pm_buffer.o
    0x00022b24   0x0000002e   Code   RO         2413    i.pm_buffer_release  pm_buffer.o
    0x00022b52   0x00000004   Code   RO         2184    i.pm_conn_sec_config_reply  peer_manager.o
    0x00022b56   0x00000002   PAD
    0x00022b58   0x00000014   Code   RO         2186    i.pm_conn_secure    peer_manager.o
    0x00022b6c   0x0000007e   Code   RO           24    i.pm_evt_handler    main.o
    0x00022bea   0x00000002   PAD
    0x00022bec   0x00000084   Code   RO         2187    i.pm_init           peer_manager.o
    0x00022c70   0x00000014   Code   RO         2189    i.pm_local_database_has_changed  peer_manager.o
    0x00022c84   0x0000000e   Code   RO         2444    i.pm_mutex_init     pm_mutex.o
    0x00022c92   0x0000001a   Code   RO         2445    i.pm_mutex_lock     pm_mutex.o
    0x00022cac   0x00000036   Code   RO         2446    i.pm_mutex_lock_first_available  pm_mutex.o
    0x00022ce2   0x00000018   Code   RO         2447    i.pm_mutex_lock_status_get  pm_mutex.o
    0x00022cfa   0x0000003a   Code   RO         2448    i.pm_mutex_unlock   pm_mutex.o
    0x00022d34   0x00000028   Code   RO         2191    i.pm_on_ble_evt     peer_manager.o
    0x00022d5c   0x00000014   Code   RO         2202    i.pm_peer_delete    peer_manager.o
    0x00022d70   0x000000c4   Code   RO         2205    i.pm_peer_rank_highest  peer_manager.o
    0x00022e34   0x000000bc   Code   RO         2206    i.pm_peer_ranks_get  peer_manager.o
    0x00022ef0   0x0000003c   Code   RO         2207    i.pm_peers_delete   peer_manager.o
    0x00022f2c   0x0000002c   Code   RO         2208    i.pm_register       peer_manager.o
    0x00022f58   0x00000020   Code   RO         2210    i.pm_sec_params_set  peer_manager.o
    0x00022f78   0x00000024   Code   RO         3432    i.pstorage_access_status_get  pstorage.o
    0x00022f9c   0x0000002c   Code   RO         4400    i.queue_advance     fstorage.o
    0x00022fc8   0x00000038   Code   RO         4401    i.queue_get_next_free  fstorage.o
    0x00023000   0x000000bc   Code   RO         4125    i.queue_process     fds.o
    0x000230bc   0x00000070   Code   RO         4402    i.queue_process     fstorage.o
    0x0002312c   0x00000020   Code   RO         4126    i.queue_start       fds.o
    0x0002314c   0x0000001c   Code   RO         4403    i.queue_start       fstorage.o
    0x00023168   0x00000088   Code   RO         4127    i.record_find       fds.o
    0x000231f0   0x0000009c   Code   RO         4128    i.record_find_by_desc  fds.o
    0x0002328c   0x0000004c   Code   RO         4129    i.record_find_next  fds.o
    0x000232d8   0x00000020   Code   RO         4130    i.record_header_flag_dirty  fds.o
    0x000232f8   0x00000058   Code   RO         4131    i.record_write_chunk  fds.o
    0x00023350   0x00000038   Code   RO         1013    i.registered_handler_get  ble_db_discovery.o
    0x00023388   0x00000010   Code   RO         2100    i.release           peer_id.o
    0x00023398   0x0000003c   Code   RO         3878    i.rtc1_stop         app_timer.o
    0x000233d4   0x00000030   Code   RO         3216    i.rx_byte           nrf_drv_uart.o
    0x00023404   0x00000020   Code   RO         3217    i.rx_done_event     nrf_drv_uart.o
    0x00023424   0x00000018   Code   RO         3218    i.rx_enable         nrf_drv_uart.o
    0x0002343c   0x000000f0   Code   RO           25    i.saadc_event_handler  main.o
    0x0002352c   0x00000010   Code   RO         4876    i.sd_check_ram_start  softdevice_handler.o
    0x0002353c   0x00000088   Code   RO         4877    i.sd_nvic_EnableIRQ  softdevice_handler.o
    0x000235c4   0x00000044   Code   RO         4639    i.sdk_mapped_flags_bulk_update_by_key  sdk_mapped_flags.o
    0x00023608   0x00000022   Code   RO         4640    i.sdk_mapped_flags_first_key_index_get  sdk_mapped_flags.o
    0x0002362a   0x00000010   Code   RO         4641    i.sdk_mapped_flags_get_by_index  sdk_mapped_flags.o
    0x0002363a   0x00000026   Code   RO         4642    i.sdk_mapped_flags_get_by_key  sdk_mapped_flags.o
    0x00023660   0x0000004a   Code   RO         4643    i.sdk_mapped_flags_key_list_get  sdk_mapped_flags.o
    0x000236aa   0x0000000e   Code   RO         4645    i.sdk_mapped_flags_update_by_key  sdk_mapped_flags.o
    0x000236b8   0x000000b4   Code   RO         2506    i.sec_info_request_process  security_dispatcher.o
    0x0002376c   0x00000076   Code   RO         2617    i.sec_params_verify  security_manager.o
    0x000237e2   0x00000002   PAD
    0x000237e4   0x00000054   Code   RO         2507    i.sec_proc_start    security_dispatcher.o
    0x00023838   0x00000020   Code   RO         2508    i.sec_start_send    security_dispatcher.o
    0x00023858   0x00000046   Code   RO         4404    i.send_event        fstorage.o
    0x0002389e   0x00000002   PAD
    0x000238a0   0x00000054   Code   RO         1345    i.service_changed_pending_flags_check  gatt_cache_manager.o
    0x000238f4   0x00000048   Code   RO         1518    i.service_changed_pending_set  gatts_cache_manager.o
    0x0002393c   0x00000094   Code   RO         1346    i.service_changed_send_in_evt  gatt_cache_manager.o
    0x000239d0   0x00000088   Code   RO          582    i.service_data_encode  ble_advdata.o
    0x00023a58   0x00000004   Code   RO           26    i.service_error_handler  main.o
    0x00023a5c   0x000000d0   Code   RO           27    i.services_init     main.o
    0x00023b2c   0x00000028   Code   RO           28    i.sleep_mode_enter  main.o
    0x00023b54   0x00000020   Code   RO         2618    i.sm_ble_evt_handler  security_manager.o
    0x00023b74   0x00000018   Code   RO         2619    i.sm_conn_sec_config_reply  security_manager.o
    0x00023b8c   0x00000160   Code   RO         2213    i.sm_evt_handler    peer_manager.o
    0x00023cec   0x00000018   Code   RO         2621    i.sm_link_secure    security_manager.o
    0x00023d04   0x00000090   Code   RO         2622    i.sm_register       security_manager.o
    0x00023d94   0x00000038   Code   RO         2624    i.sm_sec_params_set  security_manager.o
    0x00023dcc   0x000000ec   Code   RO         2509    i.smd_ble_evt_handler  security_dispatcher.o
    0x00023eb8   0x0000000e   Code   RO         1347    i.smd_evt_handler   gatt_cache_manager.o
    0x00023ec6   0x00000002   PAD
    0x00023ec8   0x00000074   Code   RO         2625    i.smd_evt_handler   security_manager.o
    0x00023f3c   0x00000048   Code   RO         2510    i.smd_link_secure   security_dispatcher.o
    0x00023f84   0x00000118   Code   RO         2511    i.smd_params_reply  security_dispatcher.o
    0x0002409c   0x0000008c   Code   RO         2626    i.smd_params_reply_perform  security_manager.o
    0x00024128   0x00000060   Code   RO         2512    i.smd_register      security_dispatcher.o
    0x00024188   0x00000014   Code   RO         4878    i.softdevice_ble_evt_handler_set  softdevice_handler.o
    0x0002419c   0x00000014   Code   RO         4879    i.softdevice_enable  softdevice_handler.o
    0x000241b0   0x00000026   Code   RO         4880    i.softdevice_enable_get_default_config  softdevice_handler.o
    0x000241d6   0x00000004   Code   RO         4881    i.softdevice_fault_handler  softdevice_handler.o
    0x000241da   0x00000002   PAD
    0x000241dc   0x00000034   Code   RO         4882    i.softdevice_handler_init  softdevice_handler.o
    0x00024210   0x00000014   Code   RO         4885    i.softdevice_sys_evt_handler_set  softdevice_handler.o
    0x00024224   0x00000012   Code   RO           29    i.sys_evt_dispatch  main.o
    0x00024236   0x00000002   PAD
    0x00024238   0x0000008c   Code   RO         3879    i.timer_list_handler  app_timer.o
    0x000242c4   0x0000003c   Code   RO         3880    i.timer_list_insert  app_timer.o
    0x00024300   0x00000084   Code   RO         3881    i.timer_timeouts_check  app_timer.o
    0x00024384   0x00000024   Code   RO         3219    i.tx_byte           nrf_drv_uart.o
    0x000243a8   0x00000024   Code   RO         3220    i.tx_done_event     nrf_drv_uart.o
    0x000243cc   0x0000008a   Code   RO         1294    i.tx_power_level_char_add  ble_tps.o
    0x00024456   0x00000012   Code   RO         4511    i.uart_error_cb     nrf_log.o
    0x00024468   0x000000a8   Code   RO         2737    i.uart_event_handler  app_uart_fifo.o
    0x00024510   0x00000108   Code   RO         3221    i.uart_irq_handler  nrf_drv_uart.o
    0x00024618   0x000000d8   Code   RO         3222    i.uarte_irq_handler  nrf_drv_uart.o
    0x000246f0   0x0000000a   Code   RO          583    i.uint16_encode     ble_advdata.o
    0x000246fa   0x00000002   PAD
    0x000246fc   0x00000060   Code   RO          800    i.update_timeout_handler  ble_conn_params.o
    0x0002475c   0x00000018   Code   RO          884    i.user_flag_is_acquired  ble_conn_state.o
    0x00024774   0x0000003e   Code   RO         3882    i.user_id_get       app_timer.o
    0x000247b2   0x00000028   Code   RO         3883    i.user_op_alloc     app_timer.o
    0x000247da   0x00000030   Code   RO          584    i.uuid_list_encode  ble_advdata.o
    0x0002480a   0x0000009e   Code   RO          585    i.uuid_list_sized_encode  ble_advdata.o
    0x000248a8   0x0000000e   Code   RO          666    i.whitelist_has_entries  ble_advertising.o
    0x000248b6   0x00000024   Code   RO         1945    i.write_buf_length_words_set  peer_database.o
    0x000248da   0x00000024   Code   RO         1946    i.write_buffer_record_find  peer_database.o
    0x000248fe   0x00000002   PAD
    0x00024900   0x00000030   Code   RO         1947    i.write_buffer_record_find_next  peer_database.o
    0x00024930   0x0000001e   Code   RO         1948    i.write_buffer_record_invalidate  peer_database.o
    0x0002494e   0x00000002   PAD
    0x00024950   0x0000002c   Code   RO         1949    i.write_buffer_record_release  peer_database.o
    0x0002497c   0x00000124   Code   RO         4132    i.write_enqueue     fds.o
    0x00024aa0   0x000000e0   Code   RO         4133    i.write_execute     fds.o
    0x00024b80   0x00000052   Code   RO         1950    i.write_or_update   peer_database.o
    0x00024bd2   0x00000002   PAD
    0x00024bd4   0x00000014   Code   RO         4134    i.write_space_free  fds.o
    0x00024be8   0x00000054   Code   RO         4135    i.write_space_reserve  fds.o
    0x00024c3c   0x00000010   Data   RO           32    .constdata          main.o
    0x00024c4c   0x0000003c   Data   RO          432    .constdata          bsp.o
    0x00024c88   0x00000004   Data   RO          803    .constdata          ble_conn_params.o
    0x00024c8c   0x00000001   Data   RO         1519    .constdata          gatts_cache_manager.o
    0x00024c8d   0x00000003   PAD
    0x00024c90   0x00000010   Data   RO         1520    .constdata          gatts_cache_manager.o
    0x00024ca0   0x00000001   Data   RO         1521    .constdata          gatts_cache_manager.o
    0x00024ca1   0x00000003   PAD
    0x00024ca4   0x00000010   Data   RO         2215    .constdata          peer_manager.o
    0x00024cb4   0x0000003c   Data   RO         2513    .constdata          security_dispatcher.o
    0x00024cf0   0x00000020   Data   RO         2739    .constdata          app_uart_fifo.o
    0x00024d10   0x00000003   Data   RO         3093    .constdata          nrf_drv_saadc.o
    0x00024d13   0x00000001   PAD
    0x00024d14   0x00000020   Data   RO         3224    .constdata          nrf_drv_uart.o
    0x00024d34   0x00000008   Data   RO         3667    .constdata          app_button.o
    0x00024d3c   0x00000014   Data   RO         4137    .constdata          fds.o
    0x00024d50   0x0000000c   Data   RO         4513    .constdata          nrf_log.o
    0x00024d5c   0x00000020   Data   RO         5097    Region$$Table       anon$$obj.o


    Execution Region RW_IRAM1 (Base: 0x20002080, Size: 0x00003498, Max: 0x0000df80, ABSOLUTE, COMPRESSED[0x00000030])

    Base Addr    Size         Type   Attr      Idx    E Section Name        Object

    0x20002080   0x00000016   Data   RW           33    .data               main.o
    0x20002096   0x00000002   PAD
    0x20002098   0x00000018   Data   RW          433    .data               bsp.o
    0x200020b0   0x00000008   Data   RW          536    .data               bsp_btn_ble.o
    0x200020b8   0x0000001f   Data   RW          668    .data               ble_advertising.o
    0x200020d7   0x00000001   PAD
    0x200020d8   0x00000014   Data   RW          804    .data               ble_conn_params.o
    0x200020ec   0x00000010   Data   RW         1015    .data               ble_db_discovery.o
    0x200020fc   0x00000008   Data   RW         1348    .data               gatt_cache_manager.o
    0x20002104   0x00000004   Data   RW         1469    .data               gattc_cache_manager.o
    0x20002108   0x0000000c   Data   RW         1522    .data               gatts_cache_manager.o
    0x20002114   0x00000001   Data   RW         1952    .data               peer_database.o
    0x20002115   0x00000003   PAD
    0x20002118   0x00000050   Data   RW         2514    .data               security_dispatcher.o
    0x20002168   0x00000020   Data   RW         2627    .data               security_manager.o
    0x20002188   0x00000008   Data   RW         2740    .data               app_uart_fifo.o
    0x20002190   0x00000024   Data   RW         3457    .data               pstorage.o
    0x200021b4   0x00000014   Data   RW         3668    .data               app_button.o
    0x200021c8   0x00000020   Data   RW         3884    .data               app_timer.o
    0x200021e8   0x00000018   Data   RW         4138    .data               fds.o
    0x20002200   0x00000002   Data   RW         4406    .data               fstorage.o
    0x20002202   0x00000007   Data   RW         4514    .data               nrf_log.o
    0x20002209   0x00000003   PAD
    0x2000220c   0x00000014   Data   RW         4887    .data               softdevice_handler.o
    0x20002220   0x00000004   Data   RW         4984    .data               system_nrf52.o
    0x20002224   0x00000010   Data   RW         4139    fs_data             fds.o
    0x20002234   0x00000020   Zero   RW           30    .bss                main.o
    0x20002254   0x000004ac   Zero   RW           31    .bss                main.o
    0x20002700   0x00000020   Zero   RW          428    .bss                bsp.o
    0x20002720   0x00000020   Zero   RW          429    .bss                bsp.o
    0x20002740   0x0000000c   Zero   RW          430    .bss                bsp.o
    0x2000274c   0x00000020   Zero   RW          431    .bss                bsp.o
    0x2000276c   0x00000103   Zero   RW          667    .bss                ble_advertising.o
    0x2000286f   0x00000001   PAD
    0x20002870   0x00000020   Zero   RW          801    .bss                ble_conn_params.o
    0x20002890   0x0000001c   Zero   RW          802    .bss                ble_conn_params.o
    0x200028ac   0x00000034   Zero   RW          885    .bss                ble_conn_state.o
    0x200028e0   0x000001f8   Zero   RW         1014    .bss                ble_db_discovery.o
    0x20002ad8   0x00000138   Zero   RW         1619    .bss                id_manager.o
    0x20002c10   0x00000020   Zero   RW         1806    .bss                peer_data_storage.o
    0x20002c30   0x00000350   Zero   RW         1951    .bss                peer_database.o
    0x20002f80   0x00000040   Zero   RW         2101    .bss                peer_id.o
    0x20002fc0   0x00000020   Zero   RW         2214    .bss                peer_manager.o
    0x20002fe0   0x00000020   Zero   RW         2738    .bss                app_uart_fifo.o
    0x20003000   0x00000058   Zero   RW         2909    .bss                nrf_drv_gpiote.o
    0x20003058   0x0000002c   Zero   RW         3092    .bss                nrf_drv_saadc.o
    0x20003084   0x00000020   Zero   RW         3223    .bss                nrf_drv_uart.o
    0x200030a4   0x000000d8   Zero   RW         3455    .bss                pstorage.o
    0x2000317c   0x00000020   Zero   RW         3666    .bss                app_button.o
    0x2000319c   0x00000108   Zero   RW         4136    .bss                fds.o
    0x200032a4   0x00000058   Zero   RW         4405    .bss                fstorage.o
    0x200032fc   0x0000020b   Zero   RW         4512    .bss                nrf_log.o
    0x20003507   0x00000001   PAD
    0x20003508   0x0000000c   Zero   RW         4886    .bss                softdevice_handler.o
    0x20003514   0x00000004   PAD
    0x20003518   0x00002000   Zero   RW         4972    STACK               arm_startup_nrf52.o


==============================================================================

Image component sizes


      Code (inc. data)   RO Data    RW Data    ZI Data      Debug   Object Name

       332         34          8         20         32       9966   app_button.o
        22          0          0          0          0       2257   app_error.o
        36         10          0          0          0      27353   app_error_weak.o
       118          0          0          0          0       4446   app_fifo.o
      1766         94          0         32          0      55555   app_timer.o
       332         26         32          8         32      10920   app_uart_fifo.o
       124         14          0          0          0       9170   app_util_platform.o
        36          8       1024          0       8192        924   arm_startup_nrf52.o
      1540          0          0          0          0      20388   ble_advdata.o
       994         36          0         31        259      13857   ble_advertising.o
       612          0          0          0          0      13199   ble_bas.o
       436         54          4         20         60       6944   ble_conn_params.o
       540         44          0          0         52      10033   ble_conn_state.o
      1512         66          0         16        504      15935   ble_db_discovery.o
       256          0          0          0          0       3512   ble_ias.o
       306          0          0          0          0       7287   ble_ias_c.o
       314          0          0          0          0       4670   ble_lls.o
        12          0          0          0          0       1484   ble_srv_common.o
       192          0          0          0          0       3188   ble_tps.o
      1136        108         60         24        108      13653   bsp.o
       260         10          0          8          0       4825   bsp_btn_ble.o
      3566        334         20         40        264      47435   fds.o
       918         76          0          2         88      12811   fstorage.o
      1088         58          0          8          0      16906   gatt_cache_manager.o
        64         14          0          4          0       2704   gattc_cache_manager.o
       614         50         18         12          0       9828   gatts_cache_manager.o
      1276         62          0          0        312      19809   id_manager.o
      2174        188         16         22       1228     158041   main.o
        56          0          0          0          0      28859   nrf_drv_common.o
      1062         92          0          0         88      24348   nrf_drv_gpiote.o
       592         78          3          0         44      17255   nrf_drv_saadc.o
      1808        150         32          0         32      35089   nrf_drv_uart.o
        94         16         12          7        523       4185   nrf_log.o
        96          6          0          0          0       6369   nrf_saadc.o
        74          0          0          0          0       2218   peer_data.o
      1566         84          0          0         32      19020   peer_data_storage.o
      1656         92          0          1        848      25208   peer_database.o
       280         34          0          0         64       8282   peer_id.o
      1708        130         16          0         32      18681   peer_manager.o
       242          0          0          0          0       4395   pm_buffer.o
       226          0          0          0          0       5329   pm_mutex.o
        36          8          0         36        216      11157   pstorage.o
       244          0          0          0          0       6320   sdk_mapped_flags.o
      1934         76         60         80          0      21334   security_dispatcher.o
      1204         82          0         32          0      18075   security_manager.o
       454         52          0         20         12      40117   softdevice_handler.o
       620         54          0          4          0       2603   system_nrf52.o

    ----------------------------------------------------------------------
     34600       2240       1344        436      13028     805944   Object Totals
         0          0         32          0          0          0   (incl. Generated)
        72          0          7          9          6          0   (incl. Padding)

    ----------------------------------------------------------------------

      Code (inc. data)   RO Data    RW Data    ZI Data      Debug   Library Member Name

        86          0          0          0          0          0   __dczerorl2.o
         0          0          0          0          0          0   entry.o
         0          0          0          0          0          0   entry10a.o
         0          0          0          0          0          0   entry11a.o
         8          4          0          0          0          0   entry2.o
         4          0          0          0          0          0   entry5.o
         0          0          0          0          0          0   entry7b.o
         0          0          0          0          0          0   entry8b.o
         8          4          0          0          0          0   entry9a.o
        30          0          0          0          0          0   handlers.o
        36          8          0          0          0         68   init.o
        26          0          0          0          0         80   memcmp.o
        36          0          0          0          0         68   memcpya.o
        36          0          0          0          0        108   memseta.o

    ----------------------------------------------------------------------
       276         16          0          0          0        324   Library Totals
         6          0          0          0          0          0   (incl. Padding)

    ----------------------------------------------------------------------

      Code (inc. data)   RO Data    RW Data    ZI Data      Debug   Library Name

       270         16          0          0          0        324   mc_w.l

    ----------------------------------------------------------------------
       276         16          0          0          0        324   Library Totals

    ----------------------------------------------------------------------

==============================================================================


      Code (inc. data)   RO Data    RW Data    ZI Data      Debug   

     34876       2256       1344        436      13028     764948   Grand Totals
     34876       2256       1344         48      13028     764948   ELF Image Totals (compressed)
     34876       2256       1344         48          0          0   ROM Totals

==============================================================================

    Total RO  Size (Code + RO Data)                36220 (  35.37kB)
    Total RW  Size (RW Data + ZI Data)             13464 (  13.15kB)
    Total ROM Size (Code + RO Data + RW Data)      36268 (  35.42kB)

==============================================================================

