Component: ARM Compiler 5.06 update 1 (build 61) Tool: armlink [4d35a8]

==============================================================================

Section Cross References

    main.o(i.adc_configure) refers to nrf_drv_saadc.o(i.nrf_drv_saadc_init) for nrf_drv_saadc_init
    main.o(i.adc_configure) refers to app_error.o(i.app_error_handler_bare) for app_error_handler_bare
    main.o(i.adc_configure) refers to nrf_drv_saadc.o(i.nrf_drv_saadc_channel_init) for nrf_drv_saadc_channel_init
    main.o(i.adc_configure) refers to nrf_drv_saadc.o(i.nrf_drv_saadc_buffer_convert) for nrf_drv_saadc_buffer_convert
    main.o(i.adc_configure) refers to main.o(i.saadc_event_handler) for saadc_event_handler
    main.o(i.adc_configure) refers to main.o(.constdata) for .constdata
    main.o(i.adc_configure) refers to main.o(.data) for .data
    main.o(i.advertising_start) refers to ble_advertising.o(i.ble_advertising_start) for ble_advertising_start
    main.o(i.advertising_start) refers to app_error.o(i.app_error_handler_bare) for app_error_handler_bare
    main.o(i.alert_signal) refers to bsp.o(i.bsp_indication_set) for bsp_indication_set
    main.o(i.alert_signal) refers to app_error.o(i.app_error_handler_bare) for app_error_handler_bare
    main.o(i.assert_nrf_callback) refers to app_error.o(i.app_error_handler) for app_error_handler
    main.o(i.bas_init) refers to memseta.o(.text) for __aeabi_memclr4
    main.o(i.bas_init) refers to ble_bas.o(i.ble_bas_init) for ble_bas_init
    main.o(i.bas_init) refers to app_error.o(i.app_error_handler_bare) for app_error_handler_bare
    main.o(i.bas_init) refers to main.o(i.on_bas_evt) for on_bas_evt
    main.o(i.bas_init) refers to main.o(.bss) for .bss
    main.o(i.battery_level_meas_timeout_handler) refers to nrf_drv_saadc.o(i.nrf_drv_saadc_sample) for nrf_drv_saadc_sample
    main.o(i.battery_level_meas_timeout_handler) refers to app_error.o(i.app_error_handler_bare) for app_error_handler_bare
    main.o(i.ble_evt_dispatch) refers to ble_conn_state.o(i.ble_conn_state_on_ble_evt) for ble_conn_state_on_ble_evt
    main.o(i.ble_evt_dispatch) refers to peer_manager.o(i.pm_on_ble_evt) for pm_on_ble_evt
    main.o(i.ble_evt_dispatch) refers to ble_db_discovery.o(i.ble_db_discovery_on_ble_evt) for ble_db_discovery_on_ble_evt
    main.o(i.ble_evt_dispatch) refers to ble_conn_params.o(i.ble_conn_params_on_ble_evt) for ble_conn_params_on_ble_evt
    main.o(i.ble_evt_dispatch) refers to ble_ias.o(i.ble_ias_on_ble_evt) for ble_ias_on_ble_evt
    main.o(i.ble_evt_dispatch) refers to ble_lls.o(i.ble_lls_on_ble_evt) for ble_lls_on_ble_evt
    main.o(i.ble_evt_dispatch) refers to ble_bas.o(i.ble_bas_on_ble_evt) for ble_bas_on_ble_evt
    main.o(i.ble_evt_dispatch) refers to ble_ias_c.o(i.ble_ias_c_on_ble_evt) for ble_ias_c_on_ble_evt
    main.o(i.ble_evt_dispatch) refers to ble_tps.o(i.ble_tps_on_ble_evt) for ble_tps_on_ble_evt
    main.o(i.ble_evt_dispatch) refers to bsp_btn_ble.o(i.bsp_btn_ble_on_ble_evt) for bsp_btn_ble_on_ble_evt
    main.o(i.ble_evt_dispatch) refers to main.o(i.on_ble_evt) for on_ble_evt
    main.o(i.ble_evt_dispatch) refers to ble_advertising.o(i.ble_advertising_on_ble_evt) for ble_advertising_on_ble_evt
    main.o(i.ble_evt_dispatch) refers to main.o(.bss) for .bss
    main.o(i.ble_stack_init) refers to softdevice_handler.o(i.softdevice_handler_init) for softdevice_handler_init
    main.o(i.ble_stack_init) refers to app_error.o(i.app_error_handler_bare) for app_error_handler_bare
    main.o(i.ble_stack_init) refers to softdevice_handler.o(i.softdevice_enable_get_default_config) for softdevice_enable_get_default_config
    main.o(i.ble_stack_init) refers to softdevice_handler.o(i.sd_check_ram_start) for sd_check_ram_start
    main.o(i.ble_stack_init) refers to softdevice_handler.o(i.softdevice_enable) for softdevice_enable
    main.o(i.ble_stack_init) refers to softdevice_handler.o(i.softdevice_ble_evt_handler_set) for softdevice_ble_evt_handler_set
    main.o(i.ble_stack_init) refers to softdevice_handler.o(i.softdevice_sys_evt_handler_set) for softdevice_sys_evt_handler_set
    main.o(i.ble_stack_init) refers to main.o(.constdata) for .constdata
    main.o(i.ble_stack_init) refers to main.o(.bss) for .bss
    main.o(i.ble_stack_init) refers to main.o(i.ble_evt_dispatch) for ble_evt_dispatch
    main.o(i.ble_stack_init) refers to main.o(i.sys_evt_dispatch) for sys_evt_dispatch
    main.o(i.bsp_event_handler) refers to bsp.o(i.bsp_indication_set) for bsp_indication_set
    main.o(i.bsp_event_handler) refers to main.o(i.sleep_mode_enter) for sleep_mode_enter
    main.o(i.bsp_event_handler) refers to ble_ias_c.o(i.ble_ias_c_send_alert_level) for ble_ias_c_send_alert_level
    main.o(i.bsp_event_handler) refers to app_error.o(i.app_error_handler_bare) for app_error_handler_bare
    main.o(i.bsp_event_handler) refers to main.o(.bss) for .bss
    main.o(i.bsp_event_handler) refers to main.o(.data) for .data
[...]
    m_manuf_specific_data                    0x20002818   Data          12  ble_advertising.o(.bss)
    m_manuf_data_array                       0x20002824   Data          31  ble_advertising.o(.bss)
    m_service_data                           0x20002844   Data          12  ble_advertising.o(.bss)
    m_service_data_array                     0x20002850   Data          31  ble_advertising.o(.bss)
    .bss                                     0x20002870   Section       32  ble_conn_params.o(.bss)
    m_conn_params_timer_id_data              0x20002870   Data          32  ble_conn_params.o(.bss)
    .bss                                     0x20002890   Section       28  ble_conn_params.o(.bss)
    m_conn_params_config                     0x20002890   Data          28  ble_conn_params.o(.bss)
    .bss                                     0x200028ac   Section       52  ble_conn_state.o(.bss)
    m_bcs                                    0x200028ac   Data          52  ble_conn_state.o(.bss)
    .bss                                     0x200028e0   Section      504  ble_db_discovery.o(.bss)
    m_registered_handlers                    0x200028e0   Data          24  ble_db_discovery.o(.bss)
    m_pending_user_evts                      0x200028f8   Data         480  ble_db_discovery.o(.bss)
    .bss                                     0x20002ad8   Section      312  id_manager.o(.bss)
    m_im                                     0x20002ad8   Data         312  id_manager.o(.bss)
    .bss                                     0x20002c10   Section       32  peer_data_storage.o(.bss)
    m_pds                                    0x20002c10   Data          32  peer_data_storage.o(.bss)
    .bss                                     0x20002c30   Section      848  peer_database.o(.bss)
    m_pdb                                    0x20002c30   Data         208  peer_database.o(.bss)
    buffer_memory                            0x20002d00   Data         640  peer_database.o(.bss)
    .bss                                     0x20002f80   Section       64  peer_id.o(.bss)
    m_pi                                     0x20002f80   Data          64  peer_id.o(.bss)
    .bss                                     0x20002fc0   Section       32  peer_manager.o(.bss)
    m_pm                                     0x20002fc0   Data          32  peer_manager.o(.bss)
    .bss                                     0x20002fe0   Section       32  app_uart_fifo.o(.bss)
    m_rx_fifo                                0x20002fe0   Data          16  app_uart_fifo.o(.bss)
    m_tx_fifo                                0x20002ff0   Data          16  app_uart_fifo.o(.bss)
    .bss                                     0x20003000   Section       88  nrf_drv_gpiote.o(.bss)
    m_cb                                     0x20003000   Data          88  nrf_drv_gpiote.o(.bss)
    .bss                                     0x20003058   Section       44  nrf_drv_saadc.o(.bss)
    m_cb                                     0x20003058   Data          44  nrf_drv_saadc.o(.bss)
    .bss                                     0x20003084   Section       32  nrf_drv_uart.o(.bss)
    m_cb                                     0x20003084   Data          32  nrf_drv_uart.o(.bss)
    .bss                                     0x200030a4   Section      216  pstorage.o(.bss)
    m_cmd_queue                              0x200030a4   Data         204  pstorage.o(.bss)
    m_app_table                              0x20003170   Data          12  pstorage.o(.bss)
    .bss                                     0x2000317c   Section       32  app_button.o(.bss)
    m_detection_delay_timer_id_data          0x2000317c   Data          32  app_button.o(.bss)
    .bss                                     0x2000319c   Section      264  fds.o(.bss)
    desc                                     0x2000319c   Data          12  fds.o(.bss)
    m_cb_table                               0x200031a8   Data          12  fds.o(.bss)
    m_op_queue                               0x200031b4   Data         120  fds.o(.bss)
    m_chunk_queue                            0x2000322c   Data          72  fds.o(.bss)
    m_pages                                  0x20003274   Data          32  fds.o(.bss)
    m_gc                                     0x20003294   Data          16  fds.o(.bss)
    .bss                                     0x200032a4   Section       88  fstorage.o(.bss)
    m_queue                                  0x200032a4   Data          88  fstorage.o(.bss)
    .bss                                     0x200032fc   Section      523  nrf_log.o(.bss)
    tx_buf                                   0x200032fc   Data         512  nrf_log.o(.bss)
    hex_string                               0x200034fc   Data          11  nrf_log.o(.bss)
    .bss                                     0x20003508   Section       12  softdevice_handler.o(.bss)
    STACK                                    0x20003518   Section     8192  arm_startup_nrf52.o(STACK)

    Global Symbols

    Symbol Name                              Value     Ov Type        Size  Object(Section)

    BuildAttributes$$THM_ISAv4$E$P$D$K$B$S$7EM$VFPi3$EXTD16$VFPS$VFMA$PE$A:L22UL41UL21$X:L11$S22US41US21$IEEE1$IW$USESV6$~STKCKD$USESV7$~SHL$OSPACE$ROPI$EBA8$MICROLIB$REQ8$PRES8$EABIv2 0x00000000   Number         0  anon$$obj.o ABSOLUTE
    __ARM_use_no_argv                        0x00000000   Number         0  main.o ABSOLUTE
    __cpp_initialize__aeabi_                  - Undefined Weak Reference
    __cxa_finalize                            - Undefined Weak Reference
    _clock_init                               - Undefined Weak Reference
    _microlib_exit                            - Undefined Weak Reference
    __Vectors_Size                           0x00000400   Number         0  arm_startup_nrf52.o ABSOLUTE
    __Vectors                                0x0001c000   Data           4  arm_startup_nrf52.o(RESET)
    __Vectors_End                            0x0001c400   Data           0  arm_startup_nrf52.o(RESET)
    __main                                   0x0001c401   Thumb Code     0  entry.o(.ARM.Collect$$$$00000000)
    _main_stk                                0x0001c401   Thumb Code     0  entry2.o(.ARM.Collect$$$$00000001)
    _main_scatterload                        0x0001c405   Thumb Code     0  entry5.o(.ARM.Collect$$$$00000004)
    __main_after_scatterload                 0x0001c409   Thumb Code     0  entry5.o(.ARM.Collect$$$$00000004)
    _main_clock                              0x0001c409   Thumb Code     0  entry7b.o(.ARM.Collect$$$$00000008)
    _main_cpp_init                           0x0001c409   Thumb Code     0  entry8b.o(.ARM.Collect$$$$0000000A)
    _main_init                               0x0001c409   Thumb Code     0  entry9a.o(.ARM.Collect$$$$0000000B)
    __rt_final_cpp                           0x0001c411   Thumb Code     0  entry10a.o(.ARM.Collect$$$$0000000D)
    __rt_final_exit                          0x0001c411   Thumb Code     0  entry11a.o(.ARM.Collect$$$$0000000F)
    __asm___11_app_timer_c_cd27f9c3__nrf_delay_us 0x0001c415   Thumb Code   118  app_timer.o(.emb_text)
    Reset_Handler                            0x0001c48d   Thumb Code     8  arm_startup_nrf52.o(.text)
    NMI_Handler                              0x0001c495   Thumb Code     2  arm_startup_nrf52.o(.text)
    HardFault_Handler                        0x0001c497   Thumb Code     2  arm_startup_nrf52.o(.text)
    MemoryManagement_Handler                 0x0001c499   Thumb Code     2  arm_startup_nrf52.o(.text)
    BusFault_Handler                         0x0001c49b   Thumb Code     2  arm_startup_nrf52.o(.text)
    UsageFault_Handler                       0x0001c49d   Thumb Code     2  arm_startup_nrf52.o(.text)
    SVC_Handler                              0x0001c49f   Thumb Code     2  arm_startup_nrf52.o(.text)
    DebugMonitor_Handler                     0x0001c4a1   Thumb Code     2  arm_startup_nrf52.o(.text)
    PendSV_Handler                           0x0001c4a3   Thumb Code     2  arm_startup_nrf52.o(.text)
    SysTick_Handler                          0x0001c4a5   Thumb Code     2  arm_startup_nrf52.o(.text)
    CCM_AAR_IRQHandler                       0x0001c4a7   Thumb Code     0  arm_startup_nrf52.o(.text)
    COMP_LPCOMP_IRQHandler                   0x0001c4a7   Thumb Code     0  arm_startup_nrf52.o(.text)
    ECB_IRQHandler                           0x0001c4a7   Thumb Code     0  arm_startup_nrf52.o(.text)
    FPU_IRQHandler                           0x0001c4a7   Thumb Code     0  arm_startup_nrf52.o(.text)
    I2S_IRQHandler                           0x0001c4a7   Thumb Code     0  arm_startup_nrf52.o(.text)
    MWU_IRQHandler                           0x0001c4a7   Thumb Code     0  arm_startup_nrf52.o(.text)
    NFCT_IRQHandler                          0x0001c4a7   Thumb Code     0  arm_startup_nrf52.o(.text)
    PDM_IRQHandler                           0x0001c4a7   Thumb Code     0  arm_startup_nrf52.o(.text)
    POWER_CLOCK_IRQHandler                   0x0001c4a7   Thumb Code     0  arm_startup_nrf52.o(.text)
    PWM0_IRQHandler                          0x0001c4a7   Thumb Code     0  arm_startup_nrf52.o(.text)
    PWM1_IRQHandler                          0x0001c4a7   Thumb Code     0  arm_startup_nrf52.o(.text)
    PWM2_IRQHandler                          0x0001c4a7   Thumb Code     0  arm_startup_nrf52.o(.text)
    QDEC_IRQHandler                          0x0001c4a7   Thumb Code     0  arm_startup_nrf52.o(.text)
    RADIO_IRQHandler                         0x0001c4a7   Thumb Code     0  arm_startup_nrf52.o(.text)
    RNG_IRQHandler                           0x0001c4a7   Thumb Code     0  arm_startup_nrf52.o(.text)
    RTC0_IRQHandler                          0x0001c4a7   Thumb Code     0  arm_startup_nrf52.o(.text)
    RTC2_IRQHandler                          0x0001c4a7   Thumb Code     0  arm_startup_nrf52.o(.text)
    SPIM0_SPIS0_TWIM0_TWIS0_SPI0_TWI0_IRQHandler 0x0001c4a7   Thumb Code     0  arm_startup_nrf52.o(.text)
    SPIM1_SPIS1_TWIM1_TWIS1_SPI1_TWI1_IRQHandler 0x0001c4a7   Thumb Code     0  arm_startup_nrf52.o(.text)
    SPIM2_SPIS2_SPI2_IRQHandler              0x0001c4a7   Thumb Code     0  arm_startup_nrf52.o(.text)
    SWI1_EGU1_IRQHandler                     0x0001c4a7   Thumb Code     0  arm_startup_nrf52.o(.text)
    SWI3_EGU3_IRQHandler                     0x0001c4a7   Thumb Code     0  arm_startup_nrf52.o(.text)
    SWI4_EGU4_IRQHandler                     0x0001c4a7   Thumb Code     0  arm_startup_nrf52.o(.text)
    SWI5_EGU5_IRQHandler                     0x0001c4a7   Thumb Code     0  arm_startup_nrf52.o(.text)
    TEMP_IRQHandler                          0x0001c4a7   Thumb Code     0  arm_startup_nrf52.o(.text)
    TIMER0_IRQHandler                        0x0001c4a7   Thumb Code     0  arm_startup_nrf52.o(.text)
    TIMER1_IRQHandler                        0x0001c4a7   Thumb Code     0  arm_startup_nrf52.o(.text)
    TIMER2_IRQHandler                        0x0001c4a7   Thumb Code     0  arm_startup_nrf52.o(.text)
    TIMER3_IRQHandler                        0x0001c4a7   Thumb Code     0  arm_startup_nrf52.o(.text)
    TIMER4_IRQHandler                        0x0001c4a7   Thumb Code     0  arm_startup_nrf52.o(.text)
    WDT_IRQHandler                           0x0001c4a7   Thumb Code     0  arm_startup_nrf52.o(.text)
    __aeabi_memcpy                           0x0001c4b1   Thumb Code    36  memcpya.o(.text)
    __aeabi_memcpy4                          0x0001c4b1   Thumb Code     0  memcpya.o(.text)
    __aeabi_memcpy8                          0x0001c4b1   Thumb Code     0  memcpya.o(.text)
    __aeabi_memset                           0x0001c4d5   Thumb Code    14  memseta.o(.text)
    __aeabi_memset4                          0x0001c4d5   Thumb Code     0  memseta.o(.text)
    __aeabi_memset8                          0x0001c4d5   Thumb Code     0  memseta.o(.text)
    __aeabi_memclr                           0x0001c4e3   Thumb Code     4  memseta.o(.text)
    __aeabi_memclr4                          0x0001c4e3   Thumb Code     0  memseta.o(.text)
    __aeabi_memclr8                          0x0001c4e3   Thumb Code     0  memseta.o(.text)
    _memset$wrapper                          0x0001c4e7   Thumb Code    18  memseta.o(.text)
    memcmp                                   0x0001c4f9   Thumb Code    26  memcmp.o(.text)
    __scatterload                            0x0001c515   Thumb Code    28  init.o(.text)
    __scatterload_rt2                        0x0001c515   Thumb Code     0  init.o(.text)
    __decompress                             0x0001c539   Thumb Code     0  __dczerorl2.o(.text)
    __decompress1                            0x0001c539   Thumb Code    86  __dczerorl2.o(.text)
    GPIOTE_IRQHandler                        0x0001c591   Thumb Code   316  nrf_drv_gpiote.o(i.GPIOTE_IRQHandler)
    RTC1_IRQHandler                          0x0001c73d   Thumb Code    32  app_timer.o(i.RTC1_IRQHandler)
    SAADC_IRQHandler                         0x0001c761   Thumb Code   172  nrf_drv_saadc.o(i.SAADC_IRQHandler)
    SWI0_EGU0_IRQHandler                     0x0001c81d   Thumb Code     4  app_timer.o(i.SWI0_EGU0_IRQHandler)
    SWI2_EGU2_IRQHandler                     0x0001c821   Thumb Code    32  softdevice_handler.o(i.SWI2_EGU2_IRQHandler)
    SystemInit                               0x0001c845   Thumb Code   564  system_nrf52.o(i.SystemInit)
    UARTE0_UART0_IRQHandler                  0x0001caad   Thumb Code    14  nrf_drv_uart.o(i.UARTE0_UART0_IRQHandler)
    __scatterload_copy                       0x0001cac1   Thumb Code    14  handlers.o(i.__scatterload_copy)
    __scatterload_null                       0x0001cacf   Thumb Code     2  handlers.o(i.__scatterload_null)
    __scatterload_zeroinit                   0x0001cad1   Thumb Code    14  handlers.o(i.__scatterload_zeroinit)
    addr_compare                             0x0001cb39   Thumb Code    34  id_manager.o(i.addr_compare)
    adv_data_encode                          0x0001cb5b   Thumb Code   514  ble_advdata.o(i.adv_data_encode)
    ah                                       0x0001cda9   Thumb Code    82  id_manager.o(i.ah)
    app_button_enable                        0x0001cf69   Thumb Code    32  app_button.o(i.app_button_enable)
    app_button_init                          0x0001cf8d   Thumb Code    96  app_button.o(i.app_button_init)
    app_error_fault_handler                  0x0001cffd   Thumb Code    24  app_error_weak.o(i.app_error_fault_handler)
    app_error_handler_bare                   0x0001d01d   Thumb Code    22  app_error.o(i.app_error_handler_bare)
    app_fifo_get                             0x0001d033   Thumb Code    22  app_fifo.o(i.app_fifo_get)
    app_fifo_init                            0x0001d049   Thumb Code    32  app_fifo.o(i.app_fifo_init)
    app_fifo_put                             0x0001d069   Thumb Code    26  app_fifo.o(i.app_fifo_put)
    app_timer_create                         0x0001d085   Thumb Code    32  app_timer.o(i.app_timer_create)
    app_timer_init                           0x0001d0a9   Thumb Code   134  app_timer.o(i.app_timer_init)
    app_timer_start                          0x0001d139   Thumb Code   118  app_timer.o(i.app_timer_start)
    app_timer_stop                           0x0001d1b9   Thumb Code    76  app_timer.o(i.app_timer_stop)
    app_uart_init                            0x0001d209   Thumb Code   146  app_uart_fifo.o(i.app_uart_init)
    app_util_critical_region_enter           0x0001d2ad   Thumb Code    64  app_util_platform.o(i.app_util_critical_region_enter)
    app_util_critical_region_exit            0x0001d2f5   Thumb Code    46  app_util_platform.o(i.app_util_critical_region_exit)
    ble_advdata_set                          0x0001d627   Thumb Code   104  ble_advdata.o(i.ble_advdata_set)
    ble_advertising_init                     0x0001d691   Thumb Code   274  ble_advertising.o(i.ble_advertising_init)
    ble_advertising_on_ble_evt               0x0001d7ad   Thumb Code   122  ble_advertising.o(i.ble_advertising_on_ble_evt)
    ble_advertising_on_sys_evt               0x0001d82d   Thumb Code    46  ble_advertising.o(i.ble_advertising_on_sys_evt)
    ble_advertising_start                    0x0001d871   Thumb Code   470  ble_advertising.o(i.ble_advertising_start)
    ble_bas_battery_level_update             0x0001da51   Thumb Code   122  ble_bas.o(i.ble_bas_battery_level_update)
    ble_bas_init                             0x0001dacb   Thumb Code    68  ble_bas.o(i.ble_bas_init)
    ble_bas_on_ble_evt                       0x0001db0f   Thumb Code    88  ble_bas.o(i.ble_bas_on_ble_evt)
    ble_conn_params_init                     0x0001db69   Thumb Code    72  ble_conn_params.o(i.ble_conn_params_init)
    ble_conn_params_on_ble_evt               0x0001dbc1   Thumb Code   120  ble_conn_params.o(i.ble_conn_params_on_ble_evt)
    ble_conn_state_conn_handles              0x0001dc45   Thumb Code    10  ble_conn_state.o(i.ble_conn_state_conn_handles)
    ble_conn_state_encrypted                 0x0001dc55   Thumb Code    12  ble_conn_state.o(i.ble_conn_state_encrypted)
    ble_conn_state_mitm_protected            0x0001dc65   Thumb Code    12  ble_conn_state.o(i.ble_conn_state_mitm_protected)
    ble_conn_state_on_ble_evt                0x0001dc75   Thumb Code   264  ble_conn_state.o(i.ble_conn_state_on_ble_evt)
    ble_conn_state_role                      0x0001dd81   Thumb Code    42  ble_conn_state.o(i.ble_conn_state_role)
    ble_conn_state_user_flag_acquire         0x0001ddb1   Thumb Code    40  ble_conn_state.o(i.ble_conn_state_user_flag_acquire)
    ble_conn_state_user_flag_collection      0x0001dddd   Thumb Code    20  ble_conn_state.o(i.ble_conn_state_user_flag_collection)
    ble_conn_state_user_flag_get             0x0001ddf5   Thumb Code    36  ble_conn_state.o(i.ble_conn_state_user_flag_get)
    ble_conn_state_user_flag_set             0x0001de1d   Thumb Code    40  ble_conn_state.o(i.ble_conn_state_user_flag_set)
    ble_db_discovery_evt_register            0x0001de49   Thumb Code    56  ble_db_discovery.o(i.ble_db_discovery_evt_register)
    ble_db_discovery_init                    0x0001de89   Thumb Code    24  ble_db_discovery.o(i.ble_db_discovery_init)
    ble_db_discovery_on_ble_evt              0x0001dea5   Thumb Code    70  ble_db_discovery.o(i.ble_db_discovery_on_ble_evt)
    ble_db_discovery_start                   0x0001def1   Thumb Code    80  ble_db_discovery.o(i.ble_db_discovery_start)
    ble_ias_c_handles_assign                 0x0001e015   Thumb Code    14  ble_ias_c.o(i.ble_ias_c_handles_assign)
    ble_ias_c_init                           0x0001e023   Thumb Code    58  ble_ias_c.o(i.ble_ias_c_init)
    ble_ias_c_on_ble_evt                     0x0001e067   Thumb Code    46  ble_ias_c.o(i.ble_ias_c_on_ble_evt)
    ble_ias_c_on_db_disc_evt                 0x0001e095   Thumb Code   120  ble_ias_c.o(i.ble_ias_c_on_db_disc_evt)
    ble_ias_c_send_alert_level               0x0001e10d   Thumb Code    58  ble_ias_c.o(i.ble_ias_c_send_alert_level)
    ble_ias_init                             0x0001e147   Thumb Code    48  ble_ias.o(i.ble_ias_init)
    ble_ias_on_ble_evt                       0x0001e177   Thumb Code    54  ble_ias.o(i.ble_ias_on_ble_evt)
    ble_lls_alert_level_get                  0x0001e1ad   Thumb Code    28  ble_lls.o(i.ble_lls_alert_level_get)
    ble_lls_init                             0x0001e1c9   Thumb Code    58  ble_lls.o(i.ble_lls_init)
    ble_lls_on_ble_evt                       0x0001e203   Thumb Code    88  ble_lls.o(i.ble_lls_on_ble_evt)
    ble_srv_report_ref_encode                0x0001e25b   Thumb Code    12  ble_srv_common.o(i.ble_srv_report_ref_encode)
    ble_tps_init                             0x0001e2e1   Thumb Code    42  ble_tps.o(i.ble_tps_init)
    ble_tps_on_ble_evt                       0x0001e30b   Thumb Code    12  ble_tps.o(i.ble_tps_on_ble_evt)
    bsp_btn_ble_init                         0x0001e319   Thumb Code    72  bsp_btn_ble.o(i.bsp_btn_ble_init)
    bsp_btn_ble_on_ble_evt                   0x0001e365   Thumb Code   106  bsp_btn_ble.o(i.bsp_btn_ble_on_ble_evt)
    bsp_btn_ble_sleep_mode_prepare           0x0001e3d5   Thumb Code    18  bsp_btn_ble.o(i.bsp_btn_ble_sleep_mode_prepare)
    bsp_button_is_pressed                    0x0001e491   Thumb Code    34  bsp.o(i.bsp_button_is_pressed)
    bsp_event_to_button_action_assign        0x0001e539   Thumb Code    64  bsp.o(i.bsp_event_to_button_action_assign)
    bsp_indication_set                       0x0001e57d   Thumb Code    20  bsp.o(i.bsp_indication_set)
    bsp_init                                 0x0001e595   Thumb Code   140  bsp.o(i.bsp_init)
    bsp_wakeup_buttons_set                   0x0001e85d   Thumb Code    54  bsp.o(i.bsp_wakeup_buttons_set)
    chunk_queue_next                         0x0001e979   Thumb Code    20  fds.o(i.chunk_queue_next)
    fds_descriptor_from_rec_id               0x0001ef89   Thumb Code    18  fds.o(i.fds_descriptor_from_rec_id)
    fds_file_delete                          0x0001f06d   Thumb Code    70  fds.o(i.fds_file_delete)
    fds_gc                                   0x0001f0b9   Thumb Code    58  fds.o(i.fds_gc)
    fds_init                                 0x0001f0fd   Thumb Code   136  fds.o(i.fds_init)
    fds_record_close                         0x0001f189   Thumb Code    54  fds.o(i.fds_record_close)
    fds_record_find                          0x0001f1c5   Thumb Code    14  fds.o(i.fds_record_find)
    fds_record_find_by_key                   0x0001f1d3   Thumb Code    16  fds.o(i.fds_record_find_by_key)
    fds_record_find_in_file                  0x0001f1e3   Thumb Code    16  fds.o(i.fds_record_find_in_file)
    fds_record_id_from_desc                  0x0001f1f3   Thumb Code    16  fds.o(i.fds_record_id_from_desc)
    fds_record_open                          0x0001f205   Thumb Code    60  fds.o(i.fds_record_open)
    fds_record_update                        0x0001f245   Thumb Code    14  fds.o(i.fds_record_update)
    fds_record_write                         0x0001f253   Thumb Code     8  fds.o(i.fds_record_write)
    fds_record_write_reserved                0x0001f25b   Thumb Code    12  fds.o(i.fds_record_write_reserved)
    fds_register                             0x0001f269   Thumb Code    26  fds.o(i.fds_register)
    fds_reserve                              0x0001f28d   Thumb Code    46  fds.o(i.fds_reserve)
    fds_reserve_cancel                       0x0001f2c1   Thumb Code    60  fds.o(i.fds_reserve_cancel)
    fs_erase                                 0x0001f3c9   Thumb Code   106  fstorage.o(i.fs_erase)
    fs_init                                  0x0001f441   Thumb Code   124  fstorage.o(i.fs_init)
    fs_queued_op_count_get                   0x0001f4c9   Thumb Code    16  fstorage.o(i.fs_queued_op_count_get)
    fs_store                                 0x0001f4dd   Thumb Code   114  fstorage.o(i.fs_store)
    fs_sys_event_handler                     0x0001f555   Thumb Code    96  fstorage.o(i.fs_sys_event_handler)
    gccm_init                                0x0001f809   Thumb Code    26  gattc_cache_manager.o(i.gccm_init)
    gcm_ble_evt_handler                      0x0001f82d   Thumb Code   228  gatt_cache_manager.o(i.gcm_ble_evt_handler)
    gcm_init                                 0x0001f99d   Thumb Code   114  gatt_cache_manager.o(i.gcm_init)
    gcm_local_database_has_changed           0x0001fa25   Thumb Code    78  gatt_cache_manager.o(i.gcm_local_database_has_changed)
    get_connection_by_conn_handle            0x0001fa79   Thumb Code    48  id_manager.o(i.get_connection_by_conn_handle)
    get_free_connection                      0x0001faad   Thumb Code    42  id_manager.o(i.get_free_connection)
    gscm_db_change_notification_done         0x0001fb35   Thumb Code    30  gatts_cache_manager.o(i.gscm_db_change_notification_done)
    gscm_init                                0x0001fbc5   Thumb Code    36  gatts_cache_manager.o(i.gscm_init)
    gscm_local_database_has_changed          0x0001fbf1   Thumb Code    30  gatts_cache_manager.o(i.gscm_local_database_has_changed)
    gscm_local_db_cache_apply                0x0001fc15   Thumb Code   122  gatts_cache_manager.o(i.gscm_local_db_cache_apply)
    gscm_local_db_cache_update               0x0001fc95   Thumb Code   140  gatts_cache_manager.o(i.gscm_local_db_cache_update)
    gscm_service_changed_ind_needed          0x0001fd25   Thumb Code    26  gatts_cache_manager.o(i.gscm_service_changed_ind_needed)
    gscm_service_changed_ind_send            0x0001fd41   Thumb Code    40  gatts_cache_manager.o(i.gscm_service_changed_ind_send)
    im_address_resolve                       0x0001fd83   Thumb Code    66  id_manager.o(i.im_address_resolve)
    im_ble_addr_get                          0x0001fdc5   Thumb Code    58  id_manager.o(i.im_ble_addr_get)
    im_ble_evt_handler                       0x0001fe05   Thumb Code   178  id_manager.o(i.im_ble_evt_handler)
    im_conn_handle_get                       0x0001febd   Thumb Code    42  id_manager.o(i.im_conn_handle_get)
    im_master_id_is_valid                    0x0001ff6d   Thumb Code    24  id_manager.o(i.im_master_id_is_valid)
    im_master_ids_compare                    0x0001ff85   Thumb Code    42  id_manager.o(i.im_master_ids_compare)
    im_new_peer_id                           0x0001ffaf   Thumb Code     4  id_manager.o(i.im_new_peer_id)
    im_peer_free                             0x0001ffb5   Thumb Code    52  id_manager.o(i.im_peer_free)
    im_peer_id_get_by_conn_handle            0x0001ffed   Thumb Code    34  id_manager.o(i.im_peer_id_get_by_conn_handle)
    im_peer_id_get_by_master_id              0x00020015   Thumb Code    68  id_manager.o(i.im_peer_id_get_by_master_id)
    im_register                              0x00020059   Thumb Code   112  id_manager.o(i.im_register)
    intern_softdevice_events_execute         0x00020191   Thumb Code   106  softdevice_handler.o(i.intern_softdevice_events_execute)
    is_duplicate_bonding_data                0x00020267   Thumb Code    48  id_manager.o(i.is_duplicate_bonding_data)
    is_valid_irk                             0x00020297   Thumb Code    20  id_manager.o(i.is_valid_irk)
    log_uart_init                            0x000208cd   Thumb Code    60  nrf_log.o(i.log_uart_init)
    main                                     0x00020919   Thumb Code   274  main.o(i.main)
    new_connection                           0x00020b4d   Thumb Code    84  id_manager.o(i.new_connection)
    next_id_get                              0x00020ba5   Thumb Code    48  peer_id.o(i.next_id_get)
    nrf_drv_common_irq_enable                0x00020bd5   Thumb Code    56  nrf_drv_common.o(i.nrf_drv_common_irq_enable)
    nrf_drv_gpiote_in_event_enable           0x00020c0d   Thumb Code   150  nrf_drv_gpiote.o(i.nrf_drv_gpiote_in_event_enable)
    nrf_drv_gpiote_in_init                   0x00020cb1   Thumb Code   170  nrf_drv_gpiote.o(i.nrf_drv_gpiote_in_init)
    nrf_drv_gpiote_in_is_set                 0x00020d69   Thumb Code    16  nrf_drv_gpiote.o(i.nrf_drv_gpiote_in_is_set)
    nrf_drv_gpiote_init                      0x00020d7d   Thumb Code    76  nrf_drv_gpiote.o(i.nrf_drv_gpiote_init)
    nrf_drv_gpiote_is_init                   0x00020dd1   Thumb Code    14  nrf_drv_gpiote.o(i.nrf_drv_gpiote_is_init)
    nrf_drv_saadc_buffer_convert             0x00020de5   Thumb Code   130  nrf_drv_saadc.o(i.nrf_drv_saadc_buffer_convert)
    nrf_drv_saadc_channel_init               0x00020e79   Thumb Code    68  nrf_drv_saadc.o(i.nrf_drv_saadc_channel_init)
    nrf_drv_saadc_init                       0x00020ec1   Thumb Code    94  nrf_drv_saadc.o(i.nrf_drv_saadc_init)
    nrf_drv_saadc_sample                     0x00020f35   Thumb Code    22  nrf_drv_saadc.o(i.nrf_drv_saadc_sample)
    nrf_drv_uart_init                        0x00020f55   Thumb Code   126  nrf_drv_uart.o(i.nrf_drv_uart_init)
    nrf_drv_uart_rx                          0x00020fe9   Thumb Code   132  nrf_drv_uart.o(i.nrf_drv_uart_rx)
    nrf_drv_uart_rx_enable                   0x00021075   Thumb Code    26  nrf_drv_uart.o(i.nrf_drv_uart_rx_enable)
    nrf_drv_uart_tx                          0x000211c1   Thumb Code   134  nrf_drv_uart.o(i.nrf_drv_uart_tx)
    nrf_drv_uart_tx_in_progress              0x000212d1   Thumb Code    12  nrf_drv_uart.o(i.nrf_drv_uart_tx_in_progress)
    nrf_saadc_channel_init                   0x0002138d   Thumb Code    90  nrf_saadc.o(i.nrf_saadc_channel_init)
    pdb_next_peer_id_get                     0x00021dfd   Thumb Code    16  peer_database.o(i.pdb_next_peer_id_get)
    pdb_peer_allocate                        0x00021e11   Thumb Code    16  peer_database.o(i.pdb_peer_allocate)
    pdb_peer_free                            0x00021e25   Thumb Code    78  peer_database.o(i.pdb_peer_free)
    pdb_raw_read                             0x00021e79   Thumb Code    16  peer_database.o(i.pdb_raw_read)
    pdb_raw_store                            0x00021e8d   Thumb Code    30  peer_database.o(i.pdb_raw_store)
    pdb_read_buf_get                         0x00021eb1   Thumb Code    20  peer_database.o(i.pdb_read_buf_get)
    pdb_register                             0x00021ec9   Thumb Code   116  peer_database.o(i.pdb_register)
    pdb_write_buf_get                        0x00021f49   Thumb Code   278  peer_database.o(i.pdb_write_buf_get)
    pdb_write_buf_release                    0x00022065   Thumb Code    50  peer_database.o(i.pdb_write_buf_release)
    pdb_write_buf_store                      0x0002209d   Thumb Code   206  peer_database.o(i.pdb_write_buf_store)
    pdb_write_buf_store_prepare              0x00022171   Thumb Code   114  peer_database.o(i.pdb_write_buf_store_prepare)
    pds_next_peer_id_get                     0x00022341   Thumb Code    36  peer_data_storage.o(i.pds_next_peer_id_get)
    pds_peer_data_read                       0x00022369   Thumb Code    98  peer_data_storage.o(i.pds_peer_data_read)
    pds_peer_data_read_ptr_get               0x000223cd   Thumb Code   156  peer_data_storage.o(i.pds_peer_data_read_ptr_get)
    pds_peer_data_update                     0x0002246d   Thumb Code   160  peer_data_storage.o(i.pds_peer_data_update)
    pds_peer_data_write                      0x00022511   Thumb Code   150  peer_data_storage.o(i.pds_peer_data_write)
    pds_peer_data_write_prepare              0x000225ad   Thumb Code    82  peer_data_storage.o(i.pds_peer_data_write_prepare)
    pds_peer_data_write_prepare_cancel       0x00022605   Thumb Code    38  peer_data_storage.o(i.pds_peer_data_write_prepare_cancel)
    pds_peer_data_write_prepared             0x00022631   Thumb Code   150  peer_data_storage.o(i.pds_peer_data_write_prepared)
    pds_peer_id_allocate                     0x000226cd   Thumb Code    36  peer_data_storage.o(i.pds_peer_id_allocate)
    pds_peer_id_free                         0x000226f5   Thumb Code    44  peer_data_storage.o(i.pds_peer_id_free)
    pds_peer_id_is_allocated                 0x00022725   Thumb Code    32  peer_data_storage.o(i.pds_peer_id_is_allocated)
    pds_register                             0x00022749   Thumb Code    74  peer_data_storage.o(i.pds_register)
    peer_data_deserialize                    0x00022837   Thumb Code    48  peer_data.o(i.peer_data_deserialize)
    peer_data_parts_get                      0x00022867   Thumb Code    26  peer_data.o(i.peer_data_parts_get)
    peer_id_allocate                         0x0002289d   Thumb Code     6  peer_id.o(i.peer_id_allocate)
    peer_id_delete                           0x000228a9   Thumb Code    32  peer_id.o(i.peer_id_delete)
    peer_id_free                             0x000228cd   Thumb Code    24  peer_id.o(i.peer_id_free)
    peer_id_get_next_deleted                 0x000228e9   Thumb Code     6  peer_id.o(i.peer_id_get_next_deleted)
    peer_id_get_next_used                    0x000228f5   Thumb Code     6  peer_id.o(i.peer_id_get_next_used)
    peer_id_init                             0x00022901   Thumb Code    36  peer_id.o(i.peer_id_init)
    peer_id_is_allocated                     0x00022929   Thumb Code    16  peer_id.o(i.peer_id_is_allocated)
    pm_buffer_block_acquire                  0x00022a59   Thumb Code    92  pm_buffer.o(i.pm_buffer_block_acquire)
    pm_buffer_init                           0x00022ab5   Thumb Code    64  pm_buffer.o(i.pm_buffer_init)
    pm_buffer_ptr_get                        0x00022af5   Thumb Code    40  pm_buffer.o(i.pm_buffer_ptr_get)
    pm_buffer_release                        0x00022b1d   Thumb Code    46  pm_buffer.o(i.pm_buffer_release)
    pm_conn_sec_config_reply                 0x00022b4b   Thumb Code     4  peer_manager.o(i.pm_conn_sec_config_reply)
    pm_conn_secure                           0x00022b51   Thumb Code    16  peer_manager.o(i.pm_conn_secure)
    pm_init                                  0x00022be5   Thumb Code   110  peer_manager.o(i.pm_init)
    pm_local_database_has_changed            0x00022c69   Thumb Code    14  peer_manager.o(i.pm_local_database_has_changed)
    pm_mutex_init                            0x00022c7d   Thumb Code    14  pm_mutex.o(i.pm_mutex_init)
    pm_mutex_lock                            0x00022c8b   Thumb Code    26  pm_mutex.o(i.pm_mutex_lock)
    pm_mutex_lock_first_available            0x00022ca5   Thumb Code    54  pm_mutex.o(i.pm_mutex_lock_first_available)
    pm_mutex_lock_status_get                 0x00022cdb   Thumb Code    24  pm_mutex.o(i.pm_mutex_lock_status_get)
    pm_mutex_unlock                          0x00022cf3   Thumb Code    58  pm_mutex.o(i.pm_mutex_unlock)
    pm_on_ble_evt                            0x00022d2d   Thumb Code    36  peer_manager.o(i.pm_on_ble_evt)
    pm_peer_delete                           0x00022d55   Thumb Code    16  peer_manager.o(i.pm_peer_delete)
    pm_peer_rank_highest                     0x00022d69   Thumb Code   186  peer_manager.o(i.pm_peer_rank_highest)
    pm_peer_ranks_get                        0x00022e2d   Thumb Code   178  peer_manager.o(i.pm_peer_ranks_get)
    pm_peers_delete                          0x00022ee9   Thumb Code    54  peer_manager.o(i.pm_peers_delete)
    pm_register                              0x00022f25   Thumb Code    38  peer_manager.o(i.pm_register)
    pm_sec_params_set                        0x00022f51   Thumb Code    26  peer_manager.o(i.pm_sec_params_set)
    pstorage_access_status_get               0x00022f71   Thumb Code    28  pstorage.o(i.pstorage_access_status_get)
    saadc_event_handler                      0x00023435   Thumb Code   236  main.o(i.saadc_event_handler)
    sd_check_ram_start                       0x00023525   Thumb Code    10  softdevice_handler.o(i.sd_check_ram_start)
    sdk_mapped_flags_bulk_update_by_key      0x000235bd   Thumb Code    68  sdk_mapped_flags.o(i.sdk_mapped_flags_bulk_update_by_key)
    sdk_mapped_flags_first_key_index_get     0x00023601   Thumb Code    34  sdk_mapped_flags.o(i.sdk_mapped_flags_first_key_index_get)
    sdk_mapped_flags_get_by_key              0x00023633   Thumb Code    38  sdk_mapped_flags.o(i.sdk_mapped_flags_get_by_key)
    sdk_mapped_flags_key_list_get            0x00023659   Thumb Code    74  sdk_mapped_flags.o(i.sdk_mapped_flags_key_list_get)
    sdk_mapped_flags_update_by_key           0x000236a3   Thumb Code    14  sdk_mapped_flags.o(i.sdk_mapped_flags_update_by_key)
    sm_ble_evt_handler                       0x00023b4d   Thumb Code    26  security_manager.o(i.sm_ble_evt_handler)
    sm_conn_sec_config_reply                 0x00023b6d   Thumb Code    18  security_manager.o(i.sm_conn_sec_config_reply)
    sm_link_secure                           0x00023ce5   Thumb Code    20  security_manager.o(i.sm_link_secure)
    sm_register                              0x00023cfd   Thumb Code   132  security_manager.o(i.sm_register)
    sm_sec_params_set                        0x00023d8d   Thumb Code    50  security_manager.o(i.sm_sec_params_set)
    smd_ble_evt_handler                      0x00023dc5   Thumb Code   226  security_dispatcher.o(i.smd_ble_evt_handler)
    smd_link_secure                          0x00023f35   Thumb Code    66  security_dispatcher.o(i.smd_link_secure)
    smd_params_reply                         0x00023f7d   Thumb Code   276  security_dispatcher.o(i.smd_params_reply)
    smd_register                             0x00024121   Thumb Code    88  security_dispatcher.o(i.smd_register)
    softdevice_ble_evt_handler_set           0x00024181   Thumb Code    14  softdevice_handler.o(i.softdevice_ble_evt_handler_set)
    softdevice_enable                        0x00024195   Thumb Code    14  softdevice_handler.o(i.softdevice_enable)
    softdevice_enable_get_default_config     0x000241a9   Thumb Code    38  softdevice_handler.o(i.softdevice_enable_get_default_config)
    softdevice_fault_handler                 0x000241cf   Thumb Code     4  softdevice_handler.o(i.softdevice_fault_handler)
    softdevice_handler_init                  0x000241d5   Thumb Code    42  softdevice_handler.o(i.softdevice_handler_init)
    softdevice_sys_evt_handler_set           0x00024209   Thumb Code    14  softdevice_handler.o(i.softdevice_sys_evt_handler_set)
    uart_error_cb                            0x0002444f   Thumb Code    18  nrf_log.o(i.uart_error_cb)
    Region$$Table$$Base                      0x00024d54   Number         0  anon$$obj.o(Region$$Table)
    Region$$Table$$Limit                     0x00024d74   Number         0  anon$$obj.o(Region$$Table)
    Image$$RW_IRAM1$$Base                    0x20002080   Number         0  anon$$obj.o ABSOLUTE
    SystemCoreClock                          0x200020b8   Data           4  system_nrf52.o(.data)
    fs_data$$Base                            0x20002224   Number         0  fds.o(fs_data)
    fs_data$$Limit                           0x20002234   Number         0  fds.o(fs_data)
    nrf_nvic_state                           0x20003508   Data          12  softdevice_handler.o(.bss)
    __initial_sp                             0x20005518   Data           0  arm_startup_nrf52.o(STACK)



==============================================================================

Memory Map of the image

  Image Entry point : 0x0001c401

  Load Region LR_IROM1 (Base: 0x0001c000, Size: 0x00008f28, Max: 0x00064000, ABSOLUTE, COMPRESSED[0x00008da4])

    Execution Region ER_IROM1 (Base: 0x0001c000, Size: 0x00008d74, Max: 0x00064000, ABSOLUTE)

    Base Addr    Size         Type   Attr      Idx    E Section Name        Object

    0x0001c000   0x00000400   Data   RO          559    RESET               arm_startup_nrf52.o
    0x0001c400   0x00000000   Code   RO         4820  * .ARM.Collect$$$$00000000  mc_w.l(entry.o)
    0x0001c400   0x00000004   Code   RO         4863    .ARM.Collect$$$$00000001  mc_w.l(entry2.o)
    0x0001c404   0x00000004   Code   RO         4866    .ARM.Collect$$$$00000004  mc_w.l(entry5.o)
    0x0001c408   0x00000000   Code   RO         4868    .ARM.Collect$$$$00000008  mc_w.l(entry7b.o)
    0x0001c408   0x00000000   Code   RO         4870    .ARM.Collect$$$$0000000A  mc_w.l(entry8b.o)
    0x0001c408   0x00000008   Code   RO         4871    .ARM.Collect$$$$0000000B  mc_w.l(entry9a.o)
    0x0001c410   0x00000000   Code   RO         4873    .ARM.Collect$$$$0000000D  mc_w.l(entry10a.o)
    0x0001c410   0x00000000   Code   RO         4875    .ARM.Collect$$$$0000000F  mc_w.l(entry11a.o)
    0x0001c410   0x00000004   Code   RO         4864    .ARM.Collect$$$$00002712  mc_w.l(entry2.o)
    0x0001c414   0x00000076   Code   RO         3743    .emb_text           app_timer.o
    0x0001c48a   0x00000002   PAD
    0x0001c48c   0x00000024   Code   RO          560    .text               arm_startup_nrf52.o
    0x0001c4b0   0x00000024   Code   RO         4823    .text               mc_w.l(memcpya.o)
    0x0001c4d4   0x00000024   Code   RO         4825    .text               mc_w.l(memseta.o)
    0x0001c4f8   0x0000001a   Code   RO         4829    .text               mc_w.l(memcmp.o)
    0x0001c512   0x00000002   PAD
    0x0001c514   0x00000024   Code   RO         4892    .text               mc_w.l(init.o)
    0x0001c538   0x00000056   Code   RO         4910    .text               mc_w.l(__dczerorl2.o)
    0x0001c58e   0x00000002   PAD
    0x0001c590   0x00000148   Code   RO         2802    i.GPIOTE_IRQHandler  nrf_drv_gpiote.o
    0x0001c6d8   0x00000016   Code   RO         3744    i.NVIC_ClearPendingIRQ  app_timer.o
    0x0001c6ee   0x00000016   Code   RO         3745    i.NVIC_EnableIRQ    app_timer.o
    0x0001c704   0x00000016   Code   RO         3746    i.NVIC_SetPendingIRQ  app_timer.o
    0x0001c71a   0x00000020   Code   RO         3747    i.NVIC_SetPriority  app_timer.o
    0x0001c73a   0x00000002   PAD
    0x0001c73c   0x00000024   Code   RO         3748    i.RTC1_IRQHandler   app_timer.o
    0x0001c760   0x000000bc   Code   RO         2997    i.SAADC_IRQHandler  nrf_drv_saadc.o
    0x0001c81c   0x00000004   Code   RO         3749    i.SWI0_EGU0_IRQHandler  app_timer.o
    0x0001c820   0x00000024   Code   RO         4725    i.SWI2_EGU2_IRQHandler  softdevice_handler.o
    0x0001c844   0x00000268   Code   RO          567    i.SystemInit        system_nrf52.o
    0x0001caac   0x00000014   Code   RO         3108    i.UARTE0_UART0_IRQHandler  nrf_drv_uart.o
    0x0001cac0   0x0000000e   Code   RO         4904    i.__scatterload_copy  mc_w.l(handlers.o)
    0x0001cace   0x00000002   Code   RO         4905    i.__scatterload_null  mc_w.l(handlers.o)
    0x0001cad0   0x0000000e   Code   RO         4906    i.__scatterload_zeroinit  mc_w.l(handlers.o)
    0x0001cade   0x00000002   PAD
    0x0001cae0   0x00000058   Code   RO            3    i.adc_configure     main.o
    0x0001cb38   0x00000022   Code   RO         1566    i.addr_compare      id_manager.o
    0x0001cb5a   0x00000202   Code   RO          602    i.adv_data_encode   ble_advdata.o
    0x0001cd5c   0x00000036   Code   RO          520    i.advertising_buttons_configure  bsp_btn_ble.o
    0x0001cd92   0x00000016   Code   RO            4    i.advertising_start  main.o
    0x0001cda8   0x00000052   Code   RO         1567    i.ah                id_manager.o
    0x0001cdfa   0x0000009a   Code   RO         1109    i.alert_level_char_add  ble_ias.o
    0x0001ce94   0x0000008c   Code   RO         1198    i.alert_level_char_add  ble_lls.o
    0x0001cf20   0x00000028   Code   RO            5    i.alert_signal      main.o
    0x0001cf48   0x00000020   Code   RO          406    i.alert_timer_handler  bsp.o
    0x0001cf68   0x00000024   Code   RO         3564    i.app_button_enable  app_button.o
    0x0001cf8c   0x00000070   Code   RO         3565    i.app_button_init   app_button.o
    0x0001cffc   0x00000020   Code   RO         3657    i.app_error_fault_handler  app_error_weak.o
    0x0001d01c   0x00000016   Code   RO         3622    i.app_error_handler_bare  app_error.o
    0x0001d032   0x00000016   Code   RO         3678    i.app_fifo_get      app_fifo.o
    0x0001d048   0x00000020   Code   RO         3679    i.app_fifo_init     app_fifo.o
    0x0001d068   0x0000001a   Code   RO         3681    i.app_fifo_put      app_fifo.o
    0x0001d082   0x00000002   PAD
    0x0001d084   0x00000024   Code   RO         3752    i.app_timer_create  app_timer.o
    0x0001d0a8   0x00000090   Code   RO         3753    i.app_timer_init    app_timer.o
    0x0001d138   0x00000080   Code   RO         3754    i.app_timer_start   app_timer.o
    0x0001d1b8   0x00000050   Code   RO         3755    i.app_timer_stop    app_timer.o
    0x0001d208   0x000000a4   Code   RO         2670    i.app_uart_init     app_uart_fifo.o
    0x0001d2ac   0x00000048   Code   RO         3897    i.app_util_critical_region_enter  app_util_platform.o
    0x0001d2f4   0x00000034   Code   RO         3898    i.app_util_critical_region_exit  app_util_platform.o
    0x0001d328   0x00000078   Code   RO         3109    i.apply_config      nrf_drv_uart.o
    0x0001d3a0   0x000000a0   Code   RO         2439    i.auth_status_success_process  security_dispatcher.o
    0x0001d440   0x00000084   Code   RO            7    i.bas_init          main.o
    0x0001d4c4   0x0000014e   Code   RO          766    i.battery_level_char_add  ble_bas.o
    0x0001d612   0x00000014   Code   RO            8    i.battery_level_meas_timeout_handler  main.o
    0x0001d626   0x00000068   Code   RO          603    i.ble_advdata_set   ble_advdata.o
    0x0001d68e   0x00000002   PAD
    0x0001d690   0x0000011c   Code   RO          680    i.ble_advertising_init  ble_advertising.o
    0x0001d7ac   0x00000080   Code   RO          681    i.ble_advertising_on_ble_evt  ble_advertising.o
    0x0001d82c   0x00000034   Code   RO          682    i.ble_advertising_on_sys_evt  ble_advertising.o
    0x0001d860   0x00000010   Code   RO          684    i.ble_advertising_peer_address_clear  ble_advertising.o
    0x0001d870   0x000001e0   Code   RO          686    i.ble_advertising_start  ble_advertising.o
    0x0001da50   0x0000007a   Code   RO          767    i.ble_bas_battery_level_update  ble_bas.o
    0x0001daca   0x00000044   Code   RO          768    i.ble_bas_init      ble_bas.o
    0x0001db0e   0x00000058   Code   RO          769    i.ble_bas_on_ble_evt  ble_bas.o
    0x0001db66   0x00000002   PAD
    0x0001db68   0x00000058   Code   RO          810    i.ble_conn_params_init  ble_conn_params.o
    0x0001dbc0   0x00000084   Code   RO          811    i.ble_conn_params_on_ble_evt  ble_conn_params.o
    0x0001dc44   0x00000010   Code   RO          879    i.ble_conn_state_conn_handles  ble_conn_state.o
    0x0001dc54   0x00000010   Code   RO          880    i.ble_conn_state_encrypted  ble_conn_state.o
    0x0001dc64   0x00000010   Code   RO          882    i.ble_conn_state_mitm_protected  ble_conn_state.o
    0x0001dc74   0x0000010c   Code   RO          886    i.ble_conn_state_on_ble_evt  ble_conn_state.o
    0x0001dd80   0x00000030   Code   RO          888    i.ble_conn_state_role  ble_conn_state.o
    0x0001ddb0   0x0000002c   Code   RO          890    i.ble_conn_state_user_flag_acquire  ble_conn_state.o
    0x0001dddc   0x00000018   Code   RO          891    i.ble_conn_state_user_flag_collection  ble_conn_state.o
    0x0001ddf4   0x00000028   Code   RO          892    i.ble_conn_state_user_flag_get  ble_conn_state.o
    0x0001de1c   0x0000002c   Code   RO          893    i.ble_conn_state_user_flag_set  ble_conn_state.o
    0x0001de48   0x00000040   Code   RO         1007    i.ble_db_discovery_evt_register  ble_db_discovery.o
    0x0001de88   0x0000001c   Code   RO         1008    i.ble_db_discovery_init  ble_db_discovery.o
    0x0001dea4   0x0000004c   Code   RO         1009    i.ble_db_discovery_on_ble_evt  ble_db_discovery.o
    0x0001def0   0x00000058   Code   RO         1010    i.ble_db_discovery_start  ble_db_discovery.o
    0x0001df48   0x0000005e   Code   RO          604    i.ble_device_addr_encode  ble_advdata.o
    0x0001dfa6   0x00000002   PAD
    0x0001dfa8   0x0000006c   Code   RO            9    i.ble_evt_dispatch  main.o
    0x0001e014   0x0000000e   Code   RO         1146    i.ble_ias_c_handles_assign  ble_ias_c.o
    0x0001e022   0x0000003a   Code   RO         1147    i.ble_ias_c_init    ble_ias_c.o
    0x0001e05c   0x0000000a   Code   RO         1148    i.ble_ias_c_is_discovered  ble_ias_c.o
    0x0001e066   0x0000002e   Code   RO         1149    i.ble_ias_c_on_ble_evt  ble_ias_c.o
    0x0001e094   0x00000078   Code   RO         1150    i.ble_ias_c_on_db_disc_evt  ble_ias_c.o
    0x0001e10c   0x0000003a   Code   RO         1151    i.ble_ias_c_send_alert_level  ble_ias_c.o
    0x0001e146   0x00000030   Code   RO         1111    i.ble_ias_init      ble_ias.o
    0x0001e176   0x00000036   Code   RO         1112    i.ble_ias_on_ble_evt  ble_ias.o
    0x0001e1ac   0x0000001c   Code   RO         1199    i.ble_lls_alert_level_get  ble_lls.o
    0x0001e1c8   0x0000003a   Code   RO         1200    i.ble_lls_init      ble_lls.o
    0x0001e202   0x00000058   Code   RO         1201    i.ble_lls_on_ble_evt  ble_lls.o
    0x0001e25a   0x0000000c   Code   RO         1236    i.ble_srv_report_ref_encode  ble_srv_common.o
    0x0001e266   0x00000002   PAD
    0x0001e268   0x00000078   Code   RO           10    i.ble_stack_init    main.o
    0x0001e2e0   0x0000002a   Code   RO         1278    i.ble_tps_init      ble_tps.o
    0x0001e30a   0x0000000c   Code   RO         1279    i.ble_tps_on_ble_evt  ble_tps.o
    0x0001e316   0x00000002   PAD
    0x0001e318   0x0000004c   Code   RO          521    i.bsp_btn_ble_init  bsp_btn_ble.o
    0x0001e364   0x00000070   Code   RO          522    i.bsp_btn_ble_on_ble_evt  bsp_btn_ble.o
    0x0001e3d4   0x00000012   Code   RO          523    i.bsp_btn_ble_sleep_mode_prepare  bsp_btn_ble.o
    0x0001e3e6   0x00000002   PAD
    0x0001e3e8   0x000000a8   Code   RO          407    i.bsp_button_event_handler  bsp.o
    0x0001e490   0x0000002c   Code   RO          408    i.bsp_button_is_pressed  bsp.o
    0x0001e4bc   0x0000007c   Code   RO           11    i.bsp_event_handler  main.o
    0x0001e538   0x00000044   Code   RO          412    i.bsp_event_to_button_action_assign  bsp.o
    0x0001e57c   0x00000018   Code   RO          413    i.bsp_indication_set  bsp.o
    0x0001e594   0x000000a4   Code   RO          415    i.bsp_init          bsp.o
    0x0001e638   0x00000224   Code   RO          416    i.bsp_led_indication  bsp.o
    0x0001e85c   0x0000003c   Code   RO          417    i.bsp_wakeup_buttons_set  bsp.o
    0x0001e898   0x00000008   Code   RO          418    i.button_timer_handler  bsp.o
    0x0001e8a0   0x0000001c   Code   RO         2803    i.channel_free      nrf_drv_gpiote.o
    0x0001e8bc   0x00000048   Code   RO         2804    i.channel_port_alloc  nrf_drv_gpiote.o
    0x0001e904   0x00000010   Code   RO         2805    i.channel_port_get  nrf_drv_gpiote.o
    0x0001e914   0x00000042   Code   RO         1011    i.characteristics_discover  ble_db_discovery.o
    0x0001e956   0x00000002   PAD
    0x0001e958   0x00000020   Code   RO         4264    i.check_config      fstorage.o
    0x0001e978   0x00000018   Code   RO         3959    i.chunk_queue_next  fds.o
    0x0001e990   0x00000038   Code   RO         2044    i.claim             peer_id.o
    0x0001e9c8   0x000000ac   Code   RO         3757    i.compare_reg_update  app_timer.o
    0x0001ea74   0x00000088   Code   RO          605    i.conn_int_encode   ble_advdata.o
    0x0001eafc   0x00000004   Code   RO           12    i.conn_params_error_handler  main.o
    0x0001eb00   0x0000005c   Code   RO          813    i.conn_params_negotiation  ble_conn_params.o
    0x0001eb5c   0x0000000c   Code   RO           13    i.db_disc_handler   main.o
    0x0001eb68   0x0000009c   Code   RO         3960    i.delete_execute    fds.o
    0x0001ec04   0x0000008c   Code   RO         1012    i.descriptors_discover  ble_db_discovery.o
    0x0001ec90   0x00000060   Code   RO         3567    i.detection_delay_timeout_handler  app_button.o
    0x0001ecf0   0x000000a4   Code   RO         1013    i.discovery_complete_evt_trigger  ble_db_discovery.o
    0x0001ed94   0x00000034   Code   RO         1014    i.discovery_error_evt_trigger  ble_db_discovery.o
    0x0001edc8   0x00000040   Code   RO         3758    i.elapsed_ticks_acquire  app_timer.o
    0x0001ee08   0x00000030   Code   RO         2440    i.encryption_failure  security_dispatcher.o
    0x0001ee38   0x0000006a   Code   RO         3961    i.event_prepare     fds.o
    0x0001eea2   0x00000002   PAD
    0x0001eea4   0x00000020   Code   RO         3962    i.event_send        fds.o
    0x0001eec4   0x00000034   Code   RO         2548    i.events_send_from_err_code  security_manager.o
    0x0001eef8   0x00000024   Code   RO         1568    i.evt_send          id_manager.o
    0x0001ef1c   0x00000024   Code   RO         2130    i.evt_send          peer_manager.o
    0x0001ef40   0x00000024   Code   RO         2441    i.evt_send          security_dispatcher.o
    0x0001ef64   0x00000024   Code   RO         2549    i.evt_send          security_manager.o
    0x0001ef88   0x00000012   Code   RO         3963    i.fds_descriptor_from_rec_id  fds.o
    0x0001ef9a   0x00000002   PAD
    0x0001ef9c   0x000000d0   Code   RO         1749    i.fds_evt_handler   peer_data_storage.o
    0x0001f06c   0x0000004c   Code   RO         3964    i.fds_file_delete   fds.o
    0x0001f0b8   0x00000044   Code   RO         3965    i.fds_gc            fds.o
    0x0001f0fc   0x0000008c   Code   RO         3966    i.fds_init          fds.o
    0x0001f188   0x0000003c   Code   RO         3967    i.fds_record_close  fds.o
    0x0001f1c4   0x0000000e   Code   RO         3969    i.fds_record_find   fds.o
    0x0001f1d2   0x00000010   Code   RO         3970    i.fds_record_find_by_key  fds.o
    0x0001f1e2   0x00000010   Code   RO         3971    i.fds_record_find_in_file  fds.o
    0x0001f1f2   0x00000010   Code   RO         3972    i.fds_record_id_from_desc  fds.o
    0x0001f202   0x00000002   PAD
    0x0001f204   0x00000040   Code   RO         3974    i.fds_record_open   fds.o
    0x0001f244   0x0000000e   Code   RO         3975    i.fds_record_update  fds.o
    0x0001f252   0x00000008   Code   RO         3976    i.fds_record_write  fds.o
    0x0001f25a   0x0000000c   Code   RO         3977    i.fds_record_write_reserved  fds.o
    0x0001f266   0x00000002   PAD
    0x0001f268   0x00000024   Code   RO         3978    i.fds_register      fds.o
    0x0001f28c   0x00000034   Code   RO         3979    i.fds_reserve       fds.o
    0x0001f2c0   0x00000044   Code   RO         3980    i.fds_reserve_cancel  fds.o
    0x0001f304   0x00000014   Code   RO         3684    i.fifo_get          app_fifo.o
    0x0001f318   0x00000012   Code   RO         3685    i.fifo_put          app_fifo.o
    0x0001f32a   0x00000002   PAD
    0x0001f32c   0x00000010   Code   RO         3982    i.flag_clear        fds.o
    0x0001f33c   0x00000012   Code   RO         2442    i.flag_id_init      security_dispatcher.o
    0x0001f34e   0x00000012   Code   RO         2550    i.flag_id_init      security_manager.o
    0x0001f360   0x00000010   Code   RO         3983    i.flag_set          fds.o
    0x0001f370   0x00000058   Code   RO         2551    i.flags_set_from_err_code  security_manager.o
    0x0001f3c8   0x00000070   Code   RO         4265    i.fs_erase          fstorage.o
    0x0001f438   0x00000006   Code   RO         3984    i.fs_event_handler  fds.o
    0x0001f43e   0x00000002   PAD
    0x0001f440   0x00000088   Code   RO         4266    i.fs_init           fstorage.o
    0x0001f4c8   0x00000014   Code   RO         4267    i.fs_queued_op_count_get  fstorage.o
    0x0001f4dc   0x00000078   Code   RO         4268    i.fs_store          fstorage.o
    0x0001f554   0x00000068   Code   RO         4269    i.fs_sys_event_handler  fstorage.o
    0x0001f5bc   0x00000074   Code   RO           14    i.gap_params_init   main.o
    0x0001f630   0x00000070   Code   RO         3985    i.gc_execute        fds.o
    0x0001f6a0   0x00000048   Code   RO         3986    i.gc_next_page      fds.o
    0x0001f6e8   0x00000048   Code   RO         3987    i.gc_page_erase     fds.o
    0x0001f730   0x00000030   Code   RO         3988    i.gc_record_copy    fds.o
    0x0001f760   0x00000024   Code   RO         3989    i.gc_record_find_next  fds.o
    0x0001f784   0x00000080   Code   RO         3990    i.gc_state_advance  fds.o
    0x0001f804   0x00000002   Code   RO         1315    i.gccm_evt_handler  gatt_cache_manager.o
    0x0001f806   0x00000002   PAD
    0x0001f808   0x00000024   Code   RO         1444    i.gccm_init         gattc_cache_manager.o
    0x0001f82c   0x000000e8   Code   RO         1316    i.gcm_ble_evt_handler  gatt_cache_manager.o
    0x0001f914   0x00000088   Code   RO         2131    i.gcm_evt_handler   peer_manager.o
    0x0001f99c   0x00000088   Code   RO         1317    i.gcm_init          gatt_cache_manager.o
    0x0001fa24   0x00000054   Code   RO         1318    i.gcm_local_database_has_changed  gatt_cache_manager.o
    0x0001fa78   0x00000034   Code   RO         1569    i.get_connection_by_conn_handle  id_manager.o
    0x0001faac   0x00000030   Code   RO         1570    i.get_free_connection  id_manager.o
    0x0001fadc   0x00000058   Code   RO         3568    i.gpiote_event_handler  app_button.o
    0x0001fb34   0x00000028   Code   RO         1483    i.gscm_db_change_notification_done  gatts_cache_manager.o
    0x0001fb5c   0x00000068   Code   RO         1324    i.gscm_evt_handler  gatt_cache_manager.o
    0x0001fbc4   0x0000002c   Code   RO         1484    i.gscm_init         gatts_cache_manager.o
    0x0001fbf0   0x00000024   Code   RO         1485    i.gscm_local_database_has_changed  gatts_cache_manager.o
    0x0001fc14   0x00000080   Code   RO         1486    i.gscm_local_db_cache_apply  gatts_cache_manager.o
    0x0001fc94   0x00000090   Code   RO         1489    i.gscm_local_db_cache_update  gatts_cache_manager.o
    0x0001fd24   0x0000001a   Code   RO         1490    i.gscm_service_changed_ind_needed  gatts_cache_manager.o
    0x0001fd3e   0x00000002   PAD
    0x0001fd40   0x0000002c   Code   RO         1491    i.gscm_service_changed_ind_send  gatts_cache_manager.o
    0x0001fd6c   0x00000016   Code   RO         3991    i.header_is_valid   fds.o
    0x0001fd82   0x00000042   Code   RO         1571    i.im_address_resolve  id_manager.o
    0x0001fdc4   0x00000040   Code   RO         1572    i.im_ble_addr_get   id_manager.o
    0x0001fe04   0x000000b8   Code   RO         1573    i.im_ble_evt_handler  id_manager.o
    0x0001febc   0x00000030   Code   RO         1574    i.im_conn_handle_get  id_manager.o
    0x0001feec   0x00000030   Code   RO         1325    i.im_evt_handler    gatt_cache_manager.o
    0x0001ff1c   0x00000050   Code   RO         2132    i.im_evt_handler    peer_manager.o
    0x0001ff6c   0x00000018   Code   RO         1575    i.im_master_id_is_valid  id_manager.o
    0x0001ff84   0x0000002a   Code   RO         1576    i.im_master_ids_compare  id_manager.o
    0x0001ffae   0x00000004   Code   RO         1577    i.im_new_peer_id    id_manager.o
    0x0001ffb2   0x00000002   PAD
    0x0001ffb4   0x00000038   Code   RO         1578    i.im_peer_free      id_manager.o
    0x0001ffec   0x00000028   Code   RO         1579    i.im_peer_id_get_by_conn_handle  id_manager.o
    0x00020014   0x00000044   Code   RO         1581    i.im_peer_id_get_by_master_id  id_manager.o
    0x00020058   0x00000078   Code   RO         1582    i.im_register       id_manager.o
    0x000200d0   0x000000c0   Code   RO         3992    i.init_execute      fds.o
    0x00020190   0x00000070   Code   RO         4726    i.intern_softdevice_events_execute  softdevice_handler.o
    0x00020200   0x0000001c   Code   RO          814    i.is_conn_params_ok  ble_conn_params.o
    0x0002021c   0x0000004a   Code   RO         1015    i.is_desc_discovery_reqd  ble_db_discovery.o
    0x00020266   0x00000030   Code   RO         1585    i.is_duplicate_bonding_data  id_manager.o
    0x00020296   0x00000014   Code   RO         1586    i.is_valid_irk      id_manager.o
    0x000202aa   0x0000000c   Code   RO         3993    i.is_word_aligned   fds.o
    0x000202b6   0x00000054   Code   RO          606    i.le_role_encode    ble_advdata.o
    0x0002030a   0x00000002   PAD
    0x0002030c   0x00000014   Code   RO          419    i.leds_timer_handler  bsp.o
    0x00020320   0x00000094   Code   RO         2552    i.link_secure       security_manager.o
    0x000203b4   0x00000086   Code   RO         2443    i.link_secure_central  security_dispatcher.o
    0x0002043a   0x000000ca   Code   RO         2444    i.link_secure_central_existing_peer  security_dispatcher.o
    0x00020504   0x0000006c   Code   RO         2445    i.link_secure_central_new_peer  security_dispatcher.o
    0x00020570   0x00000058   Code   RO         2446    i.link_secure_failure  security_dispatcher.o
    0x000205c8   0x0000005c   Code   RO         2553    i.link_secure_pending_process  security_manager.o
    0x00020624   0x000000bc   Code   RO         3759    i.list_deletions_handler  app_timer.o
    0x000206e0   0x000000cc   Code   RO         3760    i.list_insertions_handler  app_timer.o
    0x000207ac   0x00000074   Code   RO         1326    i.local_db_apply_in_evt  gatt_cache_manager.o
    0x00020820   0x00000078   Code   RO         1327    i.local_db_update_in_evt  gatt_cache_manager.o
    0x00020898   0x00000032   Code   RO         2390    i.lock_by_mask      pm_mutex.o
    0x000208ca   0x00000002   PAD
    0x000208cc   0x0000004c   Code   RO         4369    i.log_uart_init     nrf_log.o
    0x00020918   0x00000134   Code   RO           15    i.main              main.o
    0x00020a4c   0x00000064   Code   RO          607    i.manuf_specific_data_encode  ble_advdata.o
    0x00020ab0   0x0000009c   Code   RO          608    i.name_encode       ble_advdata.o
    0x00020b4c   0x00000058   Code   RO         1587    i.new_connection    id_manager.o
    0x00020ba4   0x00000030   Code   RO         2045    i.next_id_get       peer_id.o
    0x00020bd4   0x00000038   Code   RO         2775    i.nrf_drv_common_irq_enable  nrf_drv_common.o
    0x00020c0c   0x000000a4   Code   RO         2808    i.nrf_drv_gpiote_in_event_enable  nrf_drv_gpiote.o
    0x00020cb0   0x000000b8   Code   RO         2809    i.nrf_drv_gpiote_in_init  nrf_drv_gpiote.o
    0x00020d68   0x00000014   Code   RO         2810    i.nrf_drv_gpiote_in_is_set  nrf_drv_gpiote.o
    0x00020d7c   0x00000054   Code   RO         2812    i.nrf_drv_gpiote_init  nrf_drv_gpiote.o
    0x00020dd0   0x00000014   Code   RO         2813    i.nrf_drv_gpiote_is_init  nrf_drv_gpiote.o
    0x00020de4   0x00000094   Code   RO         2999    i.nrf_drv_saadc_buffer_convert  nrf_drv_saadc.o
    0x00020e78   0x00000048   Code   RO         3000    i.nrf_drv_saadc_channel_init  nrf_drv_saadc.o
    0x00020ec0   0x00000074   Code   RO         3002    i.nrf_drv_saadc_init  nrf_drv_saadc.o
    0x00020f34   0x00000020   Code   RO         3005    i.nrf_drv_saadc_sample  nrf_drv_saadc.o
    0x00020f54   0x00000094   Code   RO         3111    i.nrf_drv_uart_init  nrf_drv_uart.o
    0x00020fe8   0x0000008c   Code   RO         3112    i.nrf_drv_uart_rx   nrf_drv_uart.o
    0x00021074   0x00000020   Code   RO         3115    i.nrf_drv_uart_rx_enable  nrf_drv_uart.o
    0x00021094   0x0000009c   Code   RO         3116    i.nrf_drv_uart_rx_for_uart  nrf_drv_uart.o
    0x00021130   0x00000090   Code   RO         3117    i.nrf_drv_uart_rx_for_uarte  nrf_drv_uart.o
    0x000211c0   0x00000090   Code   RO         3118    i.nrf_drv_uart_tx   nrf_drv_uart.o
    0x00021250   0x00000080   Code   RO         3120    i.nrf_drv_uart_tx_for_uart  nrf_drv_uart.o
    0x000212d0   0x00000010   Code   RO         3121    i.nrf_drv_uart_tx_in_progress  nrf_drv_uart.o
    0x000212e0   0x00000022   Code   RO         2825    i.nrf_gpio_cfg      nrf_drv_gpiote.o
    0x00021302   0x00000022   Code   RO         3123    i.nrf_gpio_cfg      nrf_drv_uart.o
    0x00021324   0x00000012   Code   RO         3125    i.nrf_gpio_cfg_input  nrf_drv_uart.o
    0x00021336   0x00000014   Code   RO         3126    i.nrf_gpio_cfg_output  nrf_drv_uart.o
    0x0002134a   0x0000001c   Code   RO         2827    i.nrf_gpio_cfg_sense_set  nrf_drv_gpiote.o
    0x00021366   0x00000002   PAD
    0x00021368   0x00000014   Code   RO         2828    i.nrf_gpiote_event_clear  nrf_drv_gpiote.o
    0x0002137c   0x00000010   Code   RO         2829    i.nrf_gpiote_event_is_set  nrf_drv_gpiote.o
    0x0002138c   0x00000060   Code   RO         3298    i.nrf_saadc_channel_init  nrf_saadc.o
    0x000213ec   0x00000014   Code   RO         3008    i.nrf_saadc_channel_input_set  nrf_drv_saadc.o
    0x00021400   0x00000010   Code   RO         3009    i.nrf_saadc_event_check  nrf_drv_saadc.o
    0x00021410   0x0000000a   Code   RO         3127    i.nrf_uart_event_check  nrf_drv_uart.o
    0x0002141a   0x0000000c   Code   RO         3128    i.nrf_uart_int_enable_check  nrf_drv_uart.o
    0x00021426   0x0000000a   Code   RO         3129    i.nrf_uarte_event_check  nrf_drv_uart.o
    0x00021430   0x00000024   Code   RO           16    i.on_adv_evt        main.o
    0x00021454   0x00000034   Code   RO           17    i.on_bas_evt        main.o
    0x00021488   0x00000098   Code   RO           18    i.on_ble_evt        main.o
    0x00021520   0x0000010c   Code   RO         1016    i.on_characteristic_discovery_rsp  ble_db_discovery.o
    0x0002162c   0x000000c8   Code   RO         1017    i.on_descriptor_discovery_rsp  ble_db_discovery.o
    0x000216f4   0x00000034   Code   RO           19    i.on_ias_c_evt      main.o
    0x00021728   0x0000000e   Code   RO           20    i.on_ias_evt        main.o
    0x00021736   0x0000000e   Code   RO           21    i.on_lls_evt        main.o
    0x00021744   0x00000054   Code   RO         4270    i.on_operation_success  fstorage.o
    0x00021798   0x00000070   Code   RO         1018    i.on_primary_srv_discovery_rsp  ble_db_discovery.o
    0x00021808   0x0000007c   Code   RO         1019    i.on_srv_disc_completion  ble_db_discovery.o
    0x00021884   0x00000080   Code   RO         3994    i.op_enqueue        fds.o
    0x00021904   0x00000012   Code   RO         3995    i.page_offsets_update  fds.o
    0x00021916   0x00000002   PAD
    0x00021918   0x00000064   Code   RO         3996    i.page_scan         fds.o
    0x0002197c   0x00000014   Code   RO         3997    i.page_tag_write_data  fds.o
    0x00021990   0x0000001c   Code   RO         3998    i.page_tag_write_swap  fds.o
    0x000219ac   0x000000d8   Code   RO         3999    i.pages_init        fds.o
    0x00021a84   0x0000006c   Code   RO         2447    i.pairing_failure   security_dispatcher.o
    0x00021af0   0x0000003c   Code   RO         2554    i.params_reply_pending_process  security_manager.o
    0x00021b2c   0x0000001c   Code   RO         1447    i.pdb_evt_handler   gattc_cache_manager.o
    0x00021b48   0x00000050   Code   RO         1492    i.pdb_evt_handler   gatts_cache_manager.o
    0x00021b98   0x00000078   Code   RO         1588    i.pdb_evt_handler   id_manager.o
    0x00021c10   0x0000015c   Code   RO         2133    i.pdb_evt_handler   peer_manager.o
    0x00021d6c   0x00000034   Code   RO         2448    i.pdb_evt_handler   security_dispatcher.o
    0x00021da0   0x00000038   Code   RO         2555    i.pdb_evt_handler   security_manager.o
    0x00021dd8   0x00000024   Code   RO         1888    i.pdb_evt_send      peer_database.o
    0x00021dfc   0x00000014   Code   RO         1890    i.pdb_next_peer_id_get  peer_database.o
    0x00021e10   0x00000014   Code   RO         1891    i.pdb_peer_allocate  peer_database.o
    0x00021e24   0x00000054   Code   RO         1892    i.pdb_peer_free     peer_database.o
    0x00021e78   0x00000014   Code   RO         1893    i.pdb_raw_read      peer_database.o
    0x00021e8c   0x00000024   Code   RO         1894    i.pdb_raw_store     peer_database.o
    0x00021eb0   0x00000018   Code   RO         1895    i.pdb_read_buf_get  peer_database.o
    0x00021ec8   0x00000080   Code   RO         1896    i.pdb_register      peer_database.o
    0x00021f48   0x0000011c   Code   RO         1897    i.pdb_write_buf_get  peer_database.o
    0x00022064   0x00000038   Code   RO         1898    i.pdb_write_buf_release  peer_database.o
    0x0002209c   0x000000d4   Code   RO         1899    i.pdb_write_buf_store  peer_database.o
    0x00022170   0x00000078   Code   RO         1900    i.pdb_write_buf_store_prepare  peer_database.o
    0x000221e8   0x00000134   Code   RO         1901    i.pds_evt_handler   peer_database.o
    0x0002231c   0x00000024   Code   RO         1750    i.pds_evt_send      peer_data_storage.o
    0x00022340   0x00000028   Code   RO         1752    i.pds_next_peer_id_get  peer_data_storage.o
    0x00022368   0x00000062   Code   RO         1755    i.pds_peer_data_read  peer_data_storage.o
    0x000223ca   0x00000002   PAD
    0x000223cc   0x000000a0   Code   RO         1756    i.pds_peer_data_read_ptr_get  peer_data_storage.o
    0x0002246c   0x000000a4   Code   RO         1757    i.pds_peer_data_update  peer_data_storage.o
    0x00022510   0x0000009c   Code   RO         1759    i.pds_peer_data_write  peer_data_storage.o
    0x000225ac   0x00000058   Code   RO         1760    i.pds_peer_data_write_prepare  peer_data_storage.o
    0x00022604   0x0000002c   Code   RO         1761    i.pds_peer_data_write_prepare_cancel  peer_data_storage.o
    0x00022630   0x0000009c   Code   RO         1762    i.pds_peer_data_write_prepared  peer_data_storage.o
    0x000226cc   0x00000028   Code   RO         1763    i.pds_peer_id_allocate  peer_data_storage.o
    0x000226f4   0x00000030   Code   RO         1764    i.pds_peer_id_free  peer_data_storage.o
    0x00022724   0x00000024   Code   RO         1765    i.pds_peer_id_is_allocated  peer_data_storage.o
    0x00022748   0x00000054   Code   RO         1766    i.pds_register      peer_data_storage.o
    0x0002279c   0x00000014   Code   RO          688    i.peer_address_exists  ble_advertising.o
    0x000227b0   0x00000080   Code   RO         1767    i.peer_data_clear   peer_data_storage.o
    0x00022830   0x00000006   Code   RO         1902    i.peer_data_const_point_to_buffer  peer_database.o
    0x00022836   0x00000030   Code   RO         1720    i.peer_data_deserialize  peer_data.o
    0x00022866   0x0000001a   Code   RO         1721    i.peer_data_parts_get  peer_data.o
    0x00022880   0x0000001a   Code   RO         1903    i.peer_data_point_to_buffer  peer_database.o
    0x0002289a   0x00000002   PAD
    0x0002289c   0x0000000c   Code   RO         2046    i.peer_id_allocate  peer_id.o
    0x000228a8   0x00000024   Code   RO         2047    i.peer_id_delete    peer_id.o
    0x000228cc   0x0000001c   Code   RO         2048    i.peer_id_free      peer_id.o
    0x000228e8   0x0000000c   Code   RO         2049    i.peer_id_get_next_deleted  peer_id.o
    0x000228f4   0x0000000c   Code   RO         2050    i.peer_id_get_next_used  peer_id.o
    0x00022900   0x00000028   Code   RO         2051    i.peer_id_init      peer_id.o
    0x00022928   0x00000014   Code   RO         2052    i.peer_id_is_allocated  peer_id.o
    0x0002293c   0x00000020   Code   RO         1589    i.peer_id_set       id_manager.o
    0x0002295c   0x00000050   Code   RO         1768    i.peer_ids_init     peer_data_storage.o
    0x000229ac   0x0000007c   Code   RO           22    i.peer_manager_init  main.o
    0x00022a28   0x00000018   Code   RO         2830    i.pin_in_use_by_port  nrf_drv_gpiote.o
    0x00022a40   0x00000018   Code   RO         2831    i.pin_in_use_by_te  nrf_drv_gpiote.o
    0x00022a58   0x0000005c   Code   RO         2358    i.pm_buffer_block_acquire  pm_buffer.o
    0x00022ab4   0x00000040   Code   RO         2359    i.pm_buffer_init    pm_buffer.o
    0x00022af4   0x00000028   Code   RO         2360    i.pm_buffer_ptr_get  pm_buffer.o
    0x00022b1c   0x0000002e   Code   RO         2361    i.pm_buffer_release  pm_buffer.o
    0x00022b4a   0x00000004   Code   RO         2135    i.pm_conn_sec_config_reply  peer_manager.o
    0x00022b4e   0x00000002   PAD
    0x00022b50   0x00000014   Code   RO         2137    i.pm_conn_secure    peer_manager.o
    0x00022b64   0x0000007e   Code   RO           23    i.pm_evt_handler    main.o
    0x00022be2   0x00000002   PAD
    0x00022be4   0x00000084   Code   RO         2138    i.pm_init           peer_manager.o
    0x00022c68   0x00000014   Code   RO         2140    i.pm_local_database_has_changed  peer_manager.o
    0x00022c7c   0x0000000e   Code   RO         2391    i.pm_mutex_init     pm_mutex.o
    0x00022c8a   0x0000001a   Code   RO         2392    i.pm_mutex_lock     pm_mutex.o
    0x00022ca4   0x00000036   Code   RO         2393    i.pm_mutex_lock_first_available  pm_mutex.o
    0x00022cda   0x00000018   Code   RO         2394    i.pm_mutex_lock_status_get  pm_mutex.o
    0x00022cf2   0x0000003a   Code   RO         2395    i.pm_mutex_unlock   pm_mutex.o
    0x00022d2c   0x00000028   Code   RO         2142    i.pm_on_ble_evt     peer_manager.o
    0x00022d54   0x00000014   Code   RO         2153    i.pm_peer_delete    peer_manager.o
    0x00022d68   0x000000c4   Code   RO         2156    i.pm_peer_rank_highest  peer_manager.o
    0x00022e2c   0x000000bc   Code   RO         2157    i.pm_peer_ranks_get  peer_manager.o
    0x00022ee8   0x0000003c   Code   RO         2158    i.pm_peers_delete   peer_manager.o
    0x00022f24   0x0000002c   Code   RO         2159    i.pm_register       peer_manager.o
    0x00022f50   0x00000020   Code   RO         2161    i.pm_sec_params_set  peer_manager.o
    0x00022f70   0x00000024   Code   RO         3339    i.pstorage_access_status_get  pstorage.o
    0x00022f94   0x0000002c   Code   RO         4271    i.queue_advance     fstorage.o
    0x00022fc0   0x00000038   Code   RO         4272    i.queue_get_next_free  fstorage.o
    0x00022ff8   0x000000bc   Code   RO         4000    i.queue_process     fds.o
    0x000230b4   0x00000070   Code   RO         4273    i.queue_process     fstorage.o
    0x00023124   0x00000020   Code   RO         4001    i.queue_start       fds.o
    0x00023144   0x0000001c   Code   RO         4274    i.queue_start       fstorage.o
    0x00023160   0x00000088   Code   RO         4002    i.record_find       fds.o
    0x000231e8   0x0000009c   Code   RO         4003    i.record_find_by_desc  fds.o
    0x00023284   0x0000004c   Code   RO         4004    i.record_find_next  fds.o
    0x000232d0   0x00000020   Code   RO         4005    i.record_header_flag_dirty  fds.o
    0x000232f0   0x00000058   Code   RO         4006    i.record_write_chunk  fds.o
    0x00023348   0x00000038   Code   RO         1020    i.registered_handler_get  ble_db_discovery.o
    0x00023380   0x00000010   Code   RO         2055    i.release           peer_id.o
    0x00023390   0x0000003c   Code   RO         3761    i.rtc1_stop         app_timer.o
    0x000233cc   0x00000030   Code   RO         3131    i.rx_byte           nrf_drv_uart.o
    0x000233fc   0x00000020   Code   RO         3132    i.rx_done_event     nrf_drv_uart.o
    0x0002341c   0x00000018   Code   RO         3133    i.rx_enable         nrf_drv_uart.o
    0x00023434   0x000000f0   Code   RO           24    i.saadc_event_handler  main.o
    0x00023524   0x00000010   Code   RO         4727    i.sd_check_ram_start  softdevice_handler.o
    0x00023534   0x00000088   Code   RO         4728    i.sd_nvic_EnableIRQ  softdevice_handler.o
    0x000235bc   0x00000044   Code   RO         4494    i.sdk_mapped_flags_bulk_update_by_key  sdk_mapped_flags.o
    0x00023600   0x00000022   Code   RO         4495    i.sdk_mapped_flags_first_key_index_get  sdk_mapped_flags.o
    0x00023622   0x00000010   Code   RO         4496    i.sdk_mapped_flags_get_by_index  sdk_mapped_flags.o
    0x00023632   0x00000026   Code   RO         4497    i.sdk_mapped_flags_get_by_key  sdk_mapped_flags.o
    0x00023658   0x0000004a   Code   RO         4498    i.sdk_mapped_flags_key_list_get  sdk_mapped_flags.o
    0x000236a2   0x0000000e   Code   RO         4500    i.sdk_mapped_flags_update_by_key  sdk_mapped_flags.o
    0x000236b0   0x000000b4   Code   RO         2449    i.sec_info_request_process  security_dispatcher.o
    0x00023764   0x00000076   Code   RO         2556    i.sec_params_verify  security_manager.o
    0x000237da   0x00000002   PAD
    0x000237dc   0x00000054   Code   RO         2450    i.sec_proc_start    security_dispatcher.o
    0x00023830   0x00000020   Code   RO         2451    i.sec_start_send    security_dispatcher.o
    0x00023850   0x00000046   Code   RO         4275    i.send_event        fstorage.o
    0x00023896   0x00000002   PAD
    0x00023898   0x00000054   Code   RO         1328    i.service_changed_pending_flags_check  gatt_cache_manager.o
    0x000238ec   0x00000048   Code   RO         1493    i.service_changed_pending_set  gatts_cache_manager.o
    0x00023934   0x00000094   Code   RO         1329    i.service_changed_send_in_evt  gatt_cache_manager.o
    0x000239c8   0x00000088   Code   RO          609    i.service_data_encode  ble_advdata.o
    0x00023a50   0x00000004   Code   RO           25    i.service_error_handler  main.o
    0x00023a54   0x000000d0   Code   RO           26    i.services_init     main.o
    0x00023b24   0x00000028   Code   RO           27    i.sleep_mode_enter  main.o
    0x00023b4c   0x00000020   Code   RO         2557    i.sm_ble_evt_handler  security_manager.o
    0x00023b6c   0x00000018   Code   RO         2558    i.sm_conn_sec_config_reply  security_manager.o
    0x00023b84   0x00000160   Code   RO         2164    i.sm_evt_handler    peer_manager.o
    0x00023ce4   0x00000018   Code   RO         2560    i.sm_link_secure    security_manager.o
    0x00023cfc   0x00000090   Code   RO         2561    i.sm_register       security_manager.o
    0x00023d8c   0x00000038   Code   RO         2563    i.sm_sec_params_set  security_manager.o
    0x00023dc4   0x000000ec   Code   RO         2452    i.smd_ble_evt_handler  security_dispatcher.o
    0x00023eb0   0x0000000e   Code   RO         1330    i.smd_evt_handler   gatt_cache_manager.o
    0x00023ebe   0x00000002   PAD
    0x00023ec0   0x00000074   Code   RO         2564    i.smd_evt_handler   security_manager.o
    0x00023f34   0x00000048   Code   RO         2453    i.smd_link_secure   security_dispatcher.o
    0x00023f7c   0x00000118   Code   RO         2454    i.smd_params_reply  security_dispatcher.o
    0x00024094   0x0000008c   Code   RO         2565    i.smd_params_reply_perform  security_manager.o
    0x00024120   0x00000060   Code   RO         2455    i.smd_register      security_dispatcher.o
    0x00024180   0x00000014   Code   RO         4729    i.softdevice_ble_evt_handler_set  softdevice_handler.o
    0x00024194   0x00000014   Code   RO         4730    i.softdevice_enable  softdevice_handler.o
    0x000241a8   0x00000026   Code   RO         4731    i.softdevice_enable_get_default_config  softdevice_handler.o
    0x000241ce   0x00000004   Code   RO         4732    i.softdevice_fault_handler  softdevice_handler.o
    0x000241d2   0x00000002   PAD
    0x000241d4   0x00000034   Code   RO         4733    i.softdevice_handler_init  softdevice_handler.o
    0x00024208   0x00000014   Code   RO         4736    i.softdevice_sys_evt_handler_set  softdevice_handler.o
    0x0002421c   0x00000012   Code   RO           28    i.sys_evt_dispatch  main.o
    0x0002422e   0x00000002   PAD
    0x00024230   0x0000008c   Code   RO         3762    i.timer_list_handler  app_timer.o
    0x000242bc   0x0000003c   Code   RO         3763    i.timer_list_insert  app_timer.o
    0x000242f8   0x00000084   Code   RO         3764    i.timer_timeouts_check  app_timer.o
    0x0002437c   0x00000024   Code   RO         3134    i.tx_byte           nrf_drv_uart.o
    0x000243a0   0x00000024   Code   RO         3135    i.tx_done_event     nrf_drv_uart.o
    0x000243c4   0x0000008a   Code   RO         1281    i.tx_power_level_char_add  ble_tps.o
    0x0002444e   0x00000012   Code   RO         4374    i.uart_error_cb     nrf_log.o
    0x00024460   0x000000a8   Code   RO         2672    i.uart_event_handler  app_uart_fifo.o
    0x00024508   0x00000108   Code   RO         3136    i.uart_irq_handler  nrf_drv_uart.o
    0x00024610   0x000000d8   Code   RO         3137    i.uarte_irq_handler  nrf_drv_uart.o
    0x000246e8   0x0000000a   Code   RO          610    i.uint16_encode     ble_advdata.o
    0x000246f2   0x00000002   PAD
    0x000246f4   0x00000060   Code   RO          815    i.update_timeout_handler  ble_conn_params.o
    0x00024754   0x00000018   Code   RO          895    i.user_flag_is_acquired  ble_conn_state.o
    0x0002476c   0x0000003e   Code   RO         3765    i.user_id_get       app_timer.o
    0x000247aa   0x00000028   Code   RO         3766    i.user_op_alloc     app_timer.o
    0x000247d2   0x00000030   Code   RO          611    i.uuid_list_encode  ble_advdata.o
    0x00024802   0x0000009e   Code   RO          612    i.uuid_list_sized_encode  ble_advdata.o
    0x000248a0   0x0000000e   Code   RO          689    i.whitelist_has_entries  ble_advertising.o
    0x000248ae   0x00000024   Code   RO         1904    i.write_buf_length_words_set  peer_database.o
    0x000248d2   0x00000024   Code   RO         1905    i.write_buffer_record_find  peer_database.o
    0x000248f6   0x00000002   PAD
    0x000248f8   0x00000030   Code   RO         1906    i.write_buffer_record_find_next  peer_database.o
    0x00024928   0x0000001e   Code   RO         1907    i.write_buffer_record_invalidate  peer_database.o
    0x00024946   0x00000002   PAD
    0x00024948   0x0000002c   Code   RO         1908    i.write_buffer_record_release  peer_database.o
    0x00024974   0x00000124   Code   RO         4007    i.write_enqueue     fds.o
    0x00024a98   0x000000e0   Code   RO         4008    i.write_execute     fds.o
    0x00024b78   0x00000052   Code   RO         1909    i.write_or_update   peer_database.o
    0x00024bca   0x00000002   PAD
    0x00024bcc   0x00000014   Code   RO         4009    i.write_space_free  fds.o
    0x00024be0   0x00000054   Code   RO         4010    i.write_space_reserve  fds.o
    0x00024c34   0x00000010   Data   RO           31    .constdata          main.o
    0x00024c44   0x0000003c   Data   RO          424    .constdata          bsp.o
    0x00024c80   0x00000004   Data   RO          818    .constdata          ble_conn_params.o
    0x00024c84   0x00000001   Data   RO         1494    .constdata          gatts_cache_manager.o
    0x00024c85   0x00000003   PAD
    0x00024c88   0x00000010   Data   RO         1495    .constdata          gatts_cache_manager.o
    0x00024c98   0x00000001   Data   RO         1496    .constdata          gatts_cache_manager.o
    0x00024c99   0x00000003   PAD
    0x00024c9c   0x00000010   Data   RO         2166    .constdata          peer_manager.o
    0x00024cac   0x0000003c   Data   RO         2456    .constdata          security_dispatcher.o
    0x00024ce8   0x00000020   Data   RO         2674    .constdata          app_uart_fifo.o
    0x00024d08   0x00000003   Data   RO         3012    .constdata          nrf_drv_saadc.o
    0x00024d0b   0x00000001   PAD
    0x00024d0c   0x00000020   Data   RO         3139    .constdata          nrf_drv_uart.o
    0x00024d2c   0x00000008   Data   RO         3570    .constdata          app_button.o
    0x00024d34   0x00000014   Data   RO         4012    .constdata          fds.o
    0x00024d48   0x0000000c   Data   RO         4376    .constdata          nrf_log.o
    0x00024d54   0x00000020   Data   RO         4902    Region$$Table       anon$$obj.o


    Execution Region RW_IRAM1 (Base: 0x20002080, Size: 0x00003498, Max: 0x0000df80, ABSOLUTE, COMPRESSED[0x00000030])

    Base Addr    Size         Type   Attr      Idx    E Section Name        Object

    0x20002080   0x00000016   Data   RW           32    .data               main.o
    0x20002096   0x00000002   PAD
    0x20002098   0x00000018   Data   RW          425    .data               bsp.o
    0x200020b0   0x00000008   Data   RW          524    .data               bsp_btn_ble.o
    0x200020b8   0x00000004   Data   RW          568    .data               system_nrf52.o
    0x200020bc   0x0000001f   Data   RW          691    .data               ble_advertising.o
    0x200020db   0x00000001   PAD
    0x200020dc   0x00000014   Data   RW          819    .data               ble_conn_params.o
    0x200020f0   0x00000010   Data   RW         1022    .data               ble_db_discovery.o
    0x20002100   0x00000008   Data   RW         1331    .data               gatt_cache_manager.o
    0x20002108   0x00000004   Data   RW         1448    .data               gattc_cache_manager.o
    0x2000210c   0x0000000c   Data   RW         1497    .data               gatts_cache_manager.o
    0x20002118   0x00000001   Data   RW         1911    .data               peer_database.o
    0x20002119   0x00000003   PAD
    0x2000211c   0x00000050   Data   RW         2457    .data               security_dispatcher.o
    0x2000216c   0x00000020   Data   RW         2566    .data               security_manager.o
    0x2000218c   0x00000008   Data   RW         2675    .data               app_uart_fifo.o
    0x20002194   0x00000024   Data   RW         3364    .data               pstorage.o
    0x200021b8   0x00000014   Data   RW         3571    .data               app_button.o
    0x200021cc   0x00000020   Data   RW         3767    .data               app_timer.o
    0x200021ec   0x00000018   Data   RW         4013    .data               fds.o
    0x20002204   0x00000002   Data   RW         4277    .data               fstorage.o
    0x20002206   0x00000007   Data   RW         4377    .data               nrf_log.o
    0x2000220d   0x00000003   PAD
    0x20002210   0x00000014   Data   RW         4738    .data               softdevice_handler.o
    0x20002224   0x00000010   Data   RW         4014    fs_data             fds.o
    0x20002234   0x00000020   Zero   RW           29    .bss                main.o
    0x20002254   0x000004ac   Zero   RW           30    .bss                main.o
    0x20002700   0x00000020   Zero   RW          420    .bss                bsp.o
    0x20002720   0x00000020   Zero   RW          421    .bss                bsp.o
    0x20002740   0x0000000c   Zero   RW          422    .bss                bsp.o
    0x2000274c   0x00000020   Zero   RW          423    .bss                bsp.o
    0x2000276c   0x00000103   Zero   RW          690    .bss                ble_advertising.o
    0x2000286f   0x00000001   PAD
    0x20002870   0x00000020   Zero   RW          816    .bss                ble_conn_params.o
    0x20002890   0x0000001c   Zero   RW          817    .bss                ble_conn_params.o
    0x200028ac   0x00000034   Zero   RW          896    .bss                ble_conn_state.o
    0x200028e0   0x000001f8   Zero   RW         1021    .bss                ble_db_discovery.o
    0x20002ad8   0x00000138   Zero   RW         1590    .bss                id_manager.o
    0x20002c10   0x00000020   Zero   RW         1769    .bss                peer_data_storage.o
    0x20002c30   0x00000350   Zero   RW         1910    .bss                peer_database.o
    0x20002f80   0x00000040   Zero   RW         2056    .bss                peer_id.o
    0x20002fc0   0x00000020   Zero   RW         2165    .bss                peer_manager.o
    0x20002fe0   0x00000020   Zero   RW         2673    .bss                app_uart_fifo.o
    0x20003000   0x00000058   Zero   RW         2832    .bss                nrf_drv_gpiote.o
    0x20003058   0x0000002c   Zero   RW         3011    .bss                nrf_drv_saadc.o
    0x20003084   0x00000020   Zero   RW         3138    .bss                nrf_drv_uart.o
    0x200030a4   0x000000d8   Zero   RW         3362    .bss                pstorage.o
    0x2000317c   0x00000020   Zero   RW         3569    .bss                app_button.o
    0x2000319c   0x00000108   Zero   RW         4011    .bss                fds.o
    0x200032a4   0x00000058   Zero   RW         4276    .bss                fstorage.o
    0x200032fc   0x0000020b   Zero   RW         4375    .bss                nrf_log.o
    0x20003507   0x00000001   PAD
    0x20003508   0x0000000c   Zero   RW         4737    .bss                softdevice_handler.o
    0x20003514   0x00000004   PAD
    0x20003518   0x00002000   Zero   RW          557    STACK               arm_startup_nrf52.o


==============================================================================

Image component sizes


      Code (inc. data)   RO Data    RW Data    ZI Data      Debug   Object Name

       332         34          8         20         32      10258   app_button.o
        22          0          0          0          0       2289   app_error.o
        32          8          0          0          0        770   app_error_weak.o
       118          0          0          0          0       4706   app_fifo.o
      1766         94          0         32          0      53219   app_timer.o
       332         26         32          8         32      11208   app_uart_fifo.o
       124         14          0          0          0       6302   app_util_platform.o
        36          8       1024          0       8192        988   arm_startup_nrf52.o
      1540          0          0          0          0      20912   ble_advdata.o
       994         36          0         31        259      14317   ble_advertising.o
       612          0          0          0          0      13495   ble_bas.o
       436         54          4         20         60       7268   ble_conn_params.o
       540         44          0          0         52      10529   ble_conn_state.o
      1512         66          0         16        504      16619   ble_db_discovery.o
       256          0          0          0          0       3680   ble_ias.o
       306          0          0          0          0       7623   ble_ias_c.o
       314          0          0          0          0       4886   ble_lls.o
        12          0          0          0          0       1568   ble_srv_common.o
       192          0          0          0          0       3352   ble_tps.o
      1136        108         60         24        108      14121   bsp.o
       260         10          0          8          0       5073   bsp_btn_ble.o
      3566        334         20         40        264      49599   fds.o
       918         76          0          2         88      13387   fstorage.o
      1088         58          0          8          0      17678   gatt_cache_manager.o
        64         14          0          4          0       2864   gattc_cache_manager.o
       614         50         18         12          0      10292   gatts_cache_manager.o
      1276         62          0          0        312      20785   id_manager.o
      2174        188         16         22       1228     160685   main.o
        56          0          0          0          0      28655   nrf_drv_common.o
      1062         92          0          0         88      25104   nrf_drv_gpiote.o
       592         78          3          0         44      17671   nrf_drv_saadc.o
      1808        150         32          0         32      36149   nrf_drv_uart.o
        94         16         12          7        523       4389   nrf_log.o
        96          6          0          0          0       6453   nrf_saadc.o
        74          0          0          0          0       2338   peer_data.o
      1566         84          0          0         32      19808   peer_data_storage.o
      1656         92          0          1        848      26304   peer_database.o
       280         34          0          0         64       8794   peer_id.o
      1708        130         16          0         32      19517   peer_manager.o
       242          0          0          0          0       4607   pm_buffer.o
       226          0          0          0          0       5625   pm_mutex.o
        36          8          0         36        216      11269   pstorage.o
       244          0          0          0          0       6572   sdk_mapped_flags.o
      1934         76         60         80          0      22158   security_dispatcher.o
      1204         82          0         32          0      18907   security_manager.o
       454         52          0         20         12      40337   softdevice_handler.o
       616         52          0          4          0      29146   system_nrf52.o

    ----------------------------------------------------------------------
     34592       2236       1344        436      13028     822276   Object Totals
         0          0         32          0          0          0   (incl. Generated)
        72          0          7          9          6          0   (incl. Padding)

    ----------------------------------------------------------------------

      Code (inc. data)   RO Data    RW Data    ZI Data      Debug   Library Member Name

        86          0          0          0          0          0   __dczerorl2.o
         0          0          0          0          0          0   entry.o
         0          0          0          0          0          0   entry10a.o
         0          0          0          0          0          0   entry11a.o
         8          4          0          0          0          0   entry2.o
         4          0          0          0          0          0   entry5.o
         0          0          0          0          0          0   entry7b.o
         0          0          0          0          0          0   entry8b.o
         8          4          0          0          0          0   entry9a.o
        30          0          0          0          0          0   handlers.o
        36          8          0          0          0         68   init.o
        26          0          0          0          0         80   memcmp.o
        36          0          0          0          0         68   memcpya.o
        36          0          0          0          0        108   memseta.o

    ----------------------------------------------------------------------
       276         16          0          0          0        324   Library Totals
         6          0          0          0          0          0   (incl. Padding)

    ----------------------------------------------------------------------

      Code (inc. data)   RO Data    RW Data    ZI Data      Debug   Library Name

       270         16          0          0          0        324   mc_w.l

    ----------------------------------------------------------------------
       276         16          0          0          0        324   Library Totals

    ----------------------------------------------------------------------

==============================================================================


      Code (inc. data)   RO Data    RW Data    ZI Data      Debug   

     34868       2252       1344        436      13028     781280   Grand Totals
     34868       2252       1344         48      13028     781280   ELF Image Totals (compressed)
     34868       2252       1344         48          0          0   ROM Totals

==============================================================================

    Total RO  Size (Code + RO Data)                36212 (  35.36kB)
    Total RW  Size (RW Data + ZI Data)             13464 (  13.15kB)
    Total ROM Size (Code + RO Data + RW Data)      36260 (  35.41kB)

==============================================================================

